Component: ARM Compiler 5.06 update 4 (build 422) Tool: armlink [4d35d2]

==============================================================================

Section Cross References

    main.o(i.CPU_CACHE_Enable) refers to main.o(i.SCB_EnableICache) for SCB_EnableICache
    main.o(i.CPU_CACHE_Enable) refers to main.o(i.SCB_EnableDCache) for SCB_EnableDCache
    main.o(i.HAL_GetTick) refers to rt_time.o(.data) for os_time
    main.o(i.SystemClock_Config) refers to stm32f7xx_hal_rcc.o(i.HAL_RCC_OscConfig) for HAL_RCC_OscConfig
    main.o(i.SystemClock_Config) refers to stm32f7xx_hal_pwr_ex.o(i.HAL_PWREx_EnableOverDrive) for HAL_PWREx_EnableOverDrive
    main.o(i.SystemClock_Config) refers to stm32f7xx_hal_rcc.o(i.HAL_RCC_ClockConfig) for HAL_RCC_ClockConfig
    main.o(i.main) refers to main.o(i.CPU_CACHE_Enable) for CPU_CACHE_Enable
    main.o(i.main) refers to stm32f7xx_hal.o(i.HAL_Init) for HAL_Init
    main.o(i.main) refers to stm32746g_discovery_sdram.o(i.BSP_SDRAM_Init) for BSP_SDRAM_Init
    main.o(i.main) refers to main.o(i.SystemClock_Config) for SystemClock_Config
    main.o(i.main) refers to rt_cmsis.o(i.osKernelInitialize) for osKernelInitialize
    main.o(i.main) refers to rt_cmsis.o(i.osKernelStart) for osKernelStart
    main.o(i.main) refers to gfx_mk.o(i.gfxInit) for gfxInit
    main.o(i.main) refers to led_746g_discovery.o(i.LED_Initialize) for LED_Initialize
    main.o(i.main) refers to gfx_mk.o(i.geventListenerInit) for geventListenerInit
    main.o(i.main) refers to gfx_mk.o(i.gwinAttachListener) for gwinAttachListener
    main.o(i.main) refers to gui.o(i.guiCreate) for guiCreate
    main.o(i.main) refers to gui.o(i.guiEventLoop) for guiEventLoop
    main.o(i.main) refers to gui.o(.bss) for gl
    gui.o(i.containerDraw_Default) refers to gfx_mk.o(i.gdispGFillArea) for gdispGFillArea
    gui.o(i.containerDraw_Default) refers to gfx_mk.o(i.gdispGImageDraw) for gdispGImageDraw
    gui.o(i.containerDraw_Default) refers to gui.o(.bss) for ugfx_150x50_282828
    gui.o(i.containerDraw_Default) refers to gfx_mk.o(.data) for GDISP
    gui.o(i.createPagePage0) refers to gfx_mk.o(i.gwinWidgetClearInit) for gwinWidgetClearInit
    gui.o(i.createPagePage0) refers to gfx_mk.o(i.gwinGContainerCreate) for gwinGContainerCreate
    gui.o(i.createPagePage0) refers to gfx_mk.o(i.gwinGKeyboardCreate) for gwinGKeyboardCreate
    gui.o(i.createPagePage0) refers to gfx_mk.o(i.gwinSetFont) for gwinSetFont
    gui.o(i.createPagePage0) refers to gfx_mk.o(i.gwinRedraw) for gwinRedraw
    gui.o(i.createPagePage0) refers to gfx_mk.o(i.gwinGTexteditCreate) for gwinGTexteditCreate
    gui.o(i.createPagePage0) refers to gui.o(i.containerDraw_Default) for containerDraw_Default
    gui.o(i.createPagePage0) refers to gfx_mk.o(.data) for GDISP
    gui.o(i.createPagePage0) refers to gui.o(.data) for ghContainerPage0
    gui.o(i.createPagePage0) refers to gfx_mk.o(i.gwinKeyboardDraw_Normal) for gwinKeyboardDraw_Normal
    gui.o(i.createPagePage0) refers to gfx_mk.o(i.gwinTexteditDefaultDraw) for gwinTexteditDefaultDraw
    gui.o(i.createPagePage1) refers to gfx_mk.o(i.gwinWidgetClearInit) for gwinWidgetClearInit
    gui.o(i.createPagePage1) refers to gfx_mk.o(i.gwinGContainerCreate) for gwinGContainerCreate
    gui.o(i.createPagePage1) refers to gfx_mk.o(i.gwinGSliderCreate) for gwinGSliderCreate
    gui.o(i.createPagePage1) refers to gfx_mk.o(i.gwinSliderSetRange) for gwinSliderSetRange
    gui.o(i.createPagePage1) refers to gfx_mk.o(i.gwinSliderSetPosition) for gwinSliderSetPosition
    gui.o(i.createPagePage1) refers to gfx_mk.o(i.gwinSetEnabled) for gwinSetEnabled
    gui.o(i.createPagePage1) refers to gfx_mk.o(i.gwinGListCreate) for gwinGListCreate
    gui.o(i.createPagePage1) refers to gfx_mk.o(i.gwinListSetScroll) for gwinListSetScroll
    gui.o(i.createPagePage1) refers to gfx_mk.o(i.gwinListAddItem) for gwinListAddItem
    gui.o(i.createPagePage1) refers to gfx_mk.o(i.gwinListSetSelected) for gwinListSetSelected
    gui.o(i.createPagePage1) refers to gfx_mk.o(.data) for GDISP
    gui.o(i.createPagePage1) refers to gui.o(.data) for ghContainerPage1
    gui.o(i.createPagePage1) refers to gfx_mk.o(i.gwinSliderDraw_Std) for gwinSliderDraw_Std
    gui.o(i.createPagePage1) refers to gfx_mk.o(i.gwinListDefaultDraw) for gwinListDefaultDraw
    gui.o(i.guiCreate) refers to gfx_mk.o(i.gdispOpenFont) for gdispOpenFont
    gui.o(i.guiCreate) refers to gfx_mk.o(i.gfileOpen) for gfileOpen
    gui.o(i.guiCreate) refers to gfx_mk.o(i.gdispImageOpenGFile) for gdispImageOpenGFile
    gui.o(i.guiCreate) refers to gfx_mk.o(i.gwinWidgetClearInit) for gwinWidgetClearInit
    gui.o(i.guiCreate) refers to gfx_mk.o(i.gwinSetDefaultFont) for gwinSetDefaultFont
    gui.o(i.guiCreate) refers to gfx_mk.o(i.gwinSetDefaultStyle) for gwinSetDefaultStyle
    gui.o(i.guiCreate) refers to gfx_mk.o(i.gwinSetDefaultColor) for gwinSetDefaultColor
[...]
    rt_robin.o(i.rt_chk_robin) refers to rt_list.o(i.rt_get_first) for rt_get_first
    rt_robin.o(i.rt_chk_robin) refers to rt_list.o(i.rt_put_prio) for rt_put_prio
    rt_robin.o(i.rt_chk_robin) refers to rt_robin.o(.data) for .data
    rt_robin.o(i.rt_chk_robin) refers to rt_list.o(.bss) for os_rdy
    rt_robin.o(i.rt_chk_robin) refers to rt_time.o(.data) for os_time
    rt_robin.o(i.rt_init_robin) refers to rt_robin.o(.data) for .data
    rt_robin.o(i.rt_init_robin) refers to rtx_conf_cm.o(.constdata) for os_rrobin
    rt_membox.o(i._calloc_box) refers to hal_cm4.o(.emb_text) for _alloc_box
    hal_cm.o(i.dbg_init) refers to hal_cm.o(.data) for .data
    hal_cm.o(i.rt_init_stack) refers to rtx_conf_cm.o(.constdata) for os_stackinfo
    hal_cm.o(i.rt_ret_val) refers to hal_cm.o(i.rt_ret_regs) for rt_ret_regs
    hal_cm.o(i.rt_ret_val2) refers to hal_cm.o(i.rt_ret_regs) for rt_ret_regs
    hal_cm4.o(.emb_text) refers to rtx_conf_cm.o(.constdata) for os_flags
    hal_cm4.o(.emb_text) refers to rt_membox.o(i.rt_alloc_box) for rt_alloc_box
    hal_cm4.o(.emb_text) refers to rt_membox.o(i.rt_free_box) for rt_free_box
    hal_cm4.o(.emb_text) refers to rt_system.o(i.rt_stk_check) for rt_stk_check
    hal_cm4.o(.emb_text) refers to rt_task.o(.data) for os_tsk
    hal_cm4.o(.emb_text) refers to svc_table.o(SVC_TABLE) for SVC_Count
    hal_cm4.o(.emb_text) refers to rt_system.o(i.rt_pop_req) for rt_pop_req
    hal_cm4.o(.emb_text) refers to rt_system.o(i.rt_systick) for rt_systick
    hal_cm4.o(.emb_text) refers to rt_system.o(i.os_tick_irqack) for os_tick_irqack
    libspace.o(.text) refers to libspace.o(.bss) for __libspace_start
    exit.o(.text) refers to rtexit.o(.ARM.Collect$$rtexit$$00000000) for __rt_exit
    rt_memcpy_v6.o(.text) refers to rt_memcpy_w.o(.text) for __aeabi_memcpy4
    strncpy.o(.text) refers to rt_memclr.o(.text) for __aeabi_memclr
    __main.o(!!!main) refers to __rtentry.o(.ARM.Collect$$rtentry$$00000000) for __rt_entry
    __rtentry.o(.ARM.Collect$$rtentry$$00000000) refers (Special) to __rtentry2.o(.ARM.Collect$$rtentry$$0000000A) for __rt_entry_li
    __rtentry.o(.ARM.Collect$$rtentry$$00000000) refers (Special) to __rtentry2.o(.ARM.Collect$$rtentry$$0000000D) for __rt_entry_main
    __rtentry.o(.ARM.Collect$$rtentry$$00000000) refers (Special) to __rtentry2.o(.ARM.Collect$$rtentry$$0000000B) for __rt_entry_postli_1
    __rtentry.o(.ARM.Collect$$rtentry$$00000000) refers (Special) to __rtentry2.o(.ARM.Collect$$rtentry$$00000009) for __rt_entry_postsh_1
    __rtentry.o(.ARM.Collect$$rtentry$$00000000) refers (Special) to __rtentry2.o(.ARM.Collect$$rtentry$$00000002) for __rt_entry_presh_1
    __rtentry.o(.ARM.Collect$$rtentry$$00000000) refers (Special) to __rtentry4.o(.ARM.Collect$$rtentry$$00000004) for __rt_entry_sh
    rtexit.o(.ARM.Collect$$rtexit$$00000000) refers (Special) to rtexit2.o(.ARM.Collect$$rtexit$$00000004) for __rt_exit_exit
    rtexit.o(.ARM.Collect$$rtexit$$00000000) refers (Special) to rtexit2.o(.ARM.Collect$$rtexit$$00000003) for __rt_exit_ls
    rtexit.o(.ARM.Collect$$rtexit$$00000000) refers (Special) to rtexit2.o(.ARM.Collect$$rtexit$$00000002) for __rt_exit_prels_1
    rtexit.o(.ARM.exidx) refers (Special) to rtexit2.o(.ARM.Collect$$rtexit$$00000004) for __rt_exit_exit
    rtexit.o(.ARM.exidx) refers (Special) to rtexit2.o(.ARM.Collect$$rtexit$$00000003) for __rt_exit_ls
    rtexit.o(.ARM.exidx) refers (Special) to rtexit2.o(.ARM.Collect$$rtexit$$00000002) for __rt_exit_prels_1
    rtexit.o(.ARM.exidx) refers to rtexit.o(.ARM.Collect$$rtexit$$00000000) for .ARM.Collect$$rtexit$$00000000
    aeabi_ldiv0_sigfpe.o(.text) refers to rt_div0.o(.text) for __rt_div0
    rt_memclr.o(.text) refers to rt_memclr_w.o(.text) for _memset_w
    __rtentry2.o(.ARM.Collect$$rtentry$$00000008) refers to boardinit2.o(.text) for _platform_post_stackheap_init
    __rtentry2.o(.ARM.Collect$$rtentry$$0000000A) refers to libinit.o(.ARM.Collect$$libinit$$00000000) for __rt_lib_init
    __rtentry2.o(.ARM.Collect$$rtentry$$0000000B) refers to rtx_conf_cm.o(.emb_text) for _platform_post_lib_init
    __rtentry2.o(.ARM.Collect$$rtentry$$0000000D) refers to main.o(i.main) for main
    __rtentry2.o(.ARM.Collect$$rtentry$$0000000D) refers to exit.o(.text) for exit
    __rtentry2.o(.ARM.exidx) refers to __rtentry2.o(.ARM.Collect$$rtentry$$00000001) for .ARM.Collect$$rtentry$$00000001
    __rtentry2.o(.ARM.exidx) refers to __rtentry2.o(.ARM.Collect$$rtentry$$00000008) for .ARM.Collect$$rtentry$$00000008
    __rtentry2.o(.ARM.exidx) refers to __rtentry2.o(.ARM.Collect$$rtentry$$0000000A) for .ARM.Collect$$rtentry$$0000000A
    __rtentry2.o(.ARM.exidx) refers to __rtentry2.o(.ARM.Collect$$rtentry$$0000000B) for .ARM.Collect$$rtentry$$0000000B
    __rtentry2.o(.ARM.exidx) refers to __rtentry2.o(.ARM.Collect$$rtentry$$0000000D) for .ARM.Collect$$rtentry$$0000000D
    __rtentry4.o(.ARM.Collect$$rtentry$$00000004) refers to sys_stackheap_outer.o(.text) for __user_setup_stackheap
    __rtentry4.o(.ARM.exidx) refers to __rtentry4.o(.ARM.Collect$$rtentry$$00000004) for .ARM.Collect$$rtentry$$00000004
    rtexit2.o(.ARM.Collect$$rtexit$$00000003) refers to libshutdown.o(.ARM.Collect$$libshutdown$$00000000) for __rt_lib_shutdown
    rtexit2.o(.ARM.Collect$$rtexit$$00000004) refers to sys_exit.o(.text) for _sys_exit
    rtexit2.o(.ARM.exidx) refers to rtexit2.o(.ARM.Collect$$rtexit$$00000001) for .ARM.Collect$$rtexit$$00000001
    rtexit2.o(.ARM.exidx) refers to rtexit2.o(.ARM.Collect$$rtexit$$00000003) for .ARM.Collect$$rtexit$$00000003
    rtexit2.o(.ARM.exidx) refers to rtexit2.o(.ARM.Collect$$rtexit$$00000004) for .ARM.Collect$$rtexit$$00000004
    rt_div0.o(.text) refers to defsig_fpe_outer.o(.text) for __rt_SIGFPE
    sys_exit.o(.text) refers (Special) to use_no_semi.o(.text) for __I$use$semihosting
    sys_exit.o(.text) refers (Special) to indicate_semi.o(.text) for __semihosting_library_function
    sys_stackheap_outer.o(.text) refers to libspace.o(.text) for __user_perproc_libspace
    sys_stackheap_outer.o(.text) refers to startup_stm32f746xx.o(.text) for __user_initial_stackheap
    defsig_fpe_outer.o(.text) refers to defsig_fpe_inner.o(.text) for __rt_SIGFPE_inner
    defsig_fpe_outer.o(.text) refers to defsig_exit.o(.text) for __sig_exit
    defsig_fpe_formal.o(.text) refers to rt_raise.o(.text) for __rt_raise
    libinit.o(.ARM.Collect$$libinit$$00000000) refers (Special) to libinit2.o(.ARM.Collect$$libinit$$0000002E) for __rt_lib_init_alloca_1
    libinit.o(.ARM.Collect$$libinit$$00000000) refers (Special) to libinit2.o(.ARM.Collect$$libinit$$0000002C) for __rt_lib_init_argv_1
    libinit.o(.ARM.Collect$$libinit$$00000000) refers (Special) to libinit2.o(.ARM.Collect$$libinit$$0000001B) for __rt_lib_init_atexit_1
    libinit.o(.ARM.Collect$$libinit$$00000000) refers (Special) to libinit2.o(.ARM.Collect$$libinit$$00000021) for __rt_lib_init_clock_1
    libinit.o(.ARM.Collect$$libinit$$00000000) refers (Special) to libinit2.o(.ARM.Collect$$libinit$$00000032) for __rt_lib_init_cpp_1
    libinit.o(.ARM.Collect$$libinit$$00000000) refers (Special) to libinit2.o(.ARM.Collect$$libinit$$00000030) for __rt_lib_init_exceptions_1
    libinit.o(.ARM.Collect$$libinit$$00000000) refers (Special) to libinit2.o(.ARM.Collect$$libinit$$00000001) for __rt_lib_init_fp_1
    libinit.o(.ARM.Collect$$libinit$$00000000) refers (Special) to libinit2.o(.ARM.Collect$$libinit$$0000001F) for __rt_lib_init_fp_trap_1
    libinit.o(.ARM.Collect$$libinit$$00000000) refers (Special) to libinit2.o(.ARM.Collect$$libinit$$00000023) for __rt_lib_init_getenv_1
    libinit.o(.ARM.Collect$$libinit$$00000000) refers (Special) to libinit2.o(.ARM.Collect$$libinit$$0000000A) for __rt_lib_init_heap_1
    libinit.o(.ARM.Collect$$libinit$$00000000) refers (Special) to libinit2.o(.ARM.Collect$$libinit$$00000011) for __rt_lib_init_lc_collate_1
    libinit.o(.ARM.Collect$$libinit$$00000000) refers (Special) to libinit2.o(.ARM.Collect$$libinit$$00000013) for __rt_lib_init_lc_ctype_1
    libinit.o(.ARM.Collect$$libinit$$00000000) refers (Special) to libinit2.o(.ARM.Collect$$libinit$$00000015) for __rt_lib_init_lc_monetary_1
    libinit.o(.ARM.Collect$$libinit$$00000000) refers (Special) to libinit2.o(.ARM.Collect$$libinit$$00000017) for __rt_lib_init_lc_numeric_1
    libinit.o(.ARM.Collect$$libinit$$00000000) refers (Special) to libinit2.o(.ARM.Collect$$libinit$$00000019) for __rt_lib_init_lc_time_1
    libinit.o(.ARM.Collect$$libinit$$00000000) refers (Special) to libinit2.o(.ARM.Collect$$libinit$$00000004) for __rt_lib_init_preinit_1
    libinit.o(.ARM.Collect$$libinit$$00000000) refers (Special) to libinit2.o(.ARM.Collect$$libinit$$0000000E) for __rt_lib_init_rand_1
    libinit.o(.ARM.Collect$$libinit$$00000000) refers (Special) to libinit2.o(.ARM.Collect$$libinit$$00000033) for __rt_lib_init_return
    libinit.o(.ARM.Collect$$libinit$$00000000) refers (Special) to libinit2.o(.ARM.Collect$$libinit$$0000001D) for __rt_lib_init_signal_1
    libinit.o(.ARM.Collect$$libinit$$00000000) refers (Special) to libinit2.o(.ARM.Collect$$libinit$$00000025) for __rt_lib_init_stdio_1
    libinit.o(.ARM.Collect$$libinit$$00000000) refers (Special) to libinit2.o(.ARM.Collect$$libinit$$0000000C) for __rt_lib_init_user_alloc_1
    libshutdown.o(.ARM.Collect$$libshutdown$$00000000) refers (Special) to libshutdown2.o(.ARM.Collect$$libshutdown$$00000002) for __rt_lib_shutdown_cpp_1
    libshutdown.o(.ARM.Collect$$libshutdown$$00000000) refers (Special) to libshutdown2.o(.ARM.Collect$$libshutdown$$00000007) for __rt_lib_shutdown_fp_trap_1
    libshutdown.o(.ARM.Collect$$libshutdown$$00000000) refers (Special) to libshutdown2.o(.ARM.Collect$$libshutdown$$0000000F) for __rt_lib_shutdown_heap_1
    libshutdown.o(.ARM.Collect$$libshutdown$$00000000) refers (Special) to libshutdown2.o(.ARM.Collect$$libshutdown$$00000010) for __rt_lib_shutdown_return
    libshutdown.o(.ARM.Collect$$libshutdown$$00000000) refers (Special) to libshutdown2.o(.ARM.Collect$$libshutdown$$0000000A) for __rt_lib_shutdown_signal_1
    libshutdown.o(.ARM.Collect$$libshutdown$$00000000) refers (Special) to libshutdown2.o(.ARM.Collect$$libshutdown$$00000004) for __rt_lib_shutdown_stdio_1
    libshutdown.o(.ARM.Collect$$libshutdown$$00000000) refers (Special) to libshutdown2.o(.ARM.Collect$$libshutdown$$0000000C) for __rt_lib_shutdown_user_alloc_1
    rt_raise.o(.text) refers to __raise.o(.text) for __raise
    rt_raise.o(.text) refers to sys_exit.o(.text) for _sys_exit
    defsig_exit.o(.text) refers to sys_exit.o(.text) for _sys_exit
    defsig_fpe_inner.o(.text) refers to defsig_general.o(.text) for __default_signal_display
    libinit2.o(.ARM.Collect$$libinit$$00000001) refers to fpinit.o(x$fpl$fpinit) for _fp_init
    libinit2.o(.ARM.Collect$$libinit$$00000010) refers to libinit2.o(.ARM.Collect$$libinit$$0000000F) for .ARM.Collect$$libinit$$0000000F
    libinit2.o(.ARM.Collect$$libinit$$00000012) refers to libinit2.o(.ARM.Collect$$libinit$$0000000F) for .ARM.Collect$$libinit$$0000000F
    libinit2.o(.ARM.Collect$$libinit$$00000014) refers to libinit2.o(.ARM.Collect$$libinit$$0000000F) for .ARM.Collect$$libinit$$0000000F
    libinit2.o(.ARM.Collect$$libinit$$00000016) refers to libinit2.o(.ARM.Collect$$libinit$$0000000F) for .ARM.Collect$$libinit$$0000000F
    libinit2.o(.ARM.Collect$$libinit$$00000018) refers to libinit2.o(.ARM.Collect$$libinit$$0000000F) for .ARM.Collect$$libinit$$0000000F
    libinit2.o(.ARM.Collect$$libinit$$00000026) refers to argv_veneer.o(.emb_text) for __ARM_argv_veneer
    libinit2.o(.ARM.Collect$$libinit$$00000027) refers to argv_veneer.o(.emb_text) for __ARM_argv_veneer
    __raise.o(.text) refers to defsig.o(CL$$defsig) for __default_signal_handler
    defsig_general.o(.text) refers to sys_wrch.o(.text) for _ttywrch
    argv_veneer.o(.emb_text) refers to no_argv.o(.text) for __ARM_get_argv
    sys_wrch.o(.text) refers (Special) to use_no_semi.o(.text) for __I$use$semihosting
    sys_wrch.o(.text) refers (Special) to indicate_semi.o(.text) for __semihosting_library_function
    defsig.o(CL$$defsig) refers to defsig_fpe_inner.o(.text) for __rt_SIGFPE_inner
    defsig.o(CL$$defsig) refers to defsig_rtmem_inner.o(.text) for __rt_SIGRTMEM_inner
    _get_argv_nomalloc.o(.text) refers (Special) to hrguard.o(.text) for __heap_region$guard
    _get_argv_nomalloc.o(.text) refers to defsig_rtmem_outer.o(.text) for __rt_SIGRTMEM
    _get_argv_nomalloc.o(.text) refers to sys_command.o(.text) for _sys_command_string
    sys_command.o(.text) refers (Special) to use_no_semi.o(.text) for __I$use$semihosting
    sys_command.o(.text) refers (Special) to indicate_semi.o(.text) for __semihosting_library_function
    defsig_abrt_inner.o(.text) refers to defsig_general.o(.text) for __default_signal_display
    defsig_rtred_inner.o(.text) refers to defsig_general.o(.text) for __default_signal_display
    defsig_rtmem_inner.o(.text) refers to defsig_general.o(.text) for __default_signal_display
    defsig_rtmem_outer.o(.text) refers to defsig_rtmem_inner.o(.text) for __rt_SIGRTMEM_inner
    defsig_rtmem_outer.o(.text) refers to defsig_exit.o(.text) for __sig_exit
    defsig_rtmem_formal.o(.text) refers to rt_raise.o(.text) for __rt_raise
    defsig_stak_inner.o(.text) refers to defsig_general.o(.text) for __default_signal_display
    defsig_pvfn_inner.o(.text) refers to defsig_general.o(.text) for __default_signal_display
    defsig_cppl_inner.o(.text) refers to defsig_general.o(.text) for __default_signal_display
    defsig_segv_inner.o(.text) refers to defsig_general.o(.text) for __default_signal_display
    defsig_other.o(.text) refers to defsig_general.o(.text) for __default_signal_display


==============================================================================

Removing Unused input sections from the image.

    Removing main.o(.rev16_text), (4 bytes).
    Removing main.o(.revsh_text), (4 bytes).
    Removing main.o(.rrx_text), (6 bytes).
    Removing gfx_mk.o(i._gcontainerDeinit), (2 bytes).
    Removing gfx_mk.o(i._gdispDeinit), (2 bytes).
    Removing gfx_mk.o(i._gdriverDeinit), (28 bytes).
    Removing gfx_mk.o(i._geventDeinit), (16 bytes).
    Removing gfx_mk.o(i._gfileDeinit), (2 bytes).
    Removing gfx_mk.o(i._ginputDeinit), (8 bytes).
    Removing gfx_mk.o(i._gmouseDeinit), (16 bytes).
    Removing gfx_mk.o(i._gmouseWakeup), (28 bytes).
    Removing gfx_mk.o(i._gmouseWakeupI), (28 bytes).
    Removing gfx_mk.o(i._gosDeinit), (2 bytes).
    Removing gfx_mk.o(i._gqueueDeinit), (2 bytes).
    Removing gfx_mk.o(i._gtimerDeinit), (28 bytes).
    Removing gfx_mk.o(i._gwidgetDeinit), (2 bytes).
    Removing gfx_mk.o(i._gwinDeinit), (16 bytes).
    Removing gfx_mk.o(i._gwinDrawEnd), (52 bytes).
    Removing gfx_mk.o(i._gwinDrawStart), (76 bytes).
    Removing gfx_mk.o(i._gwinSendEvent), (56 bytes).
    Removing gfx_mk.o(i._gwmDeinit), (48 bytes).
    Removing gfx_mk.o(i.find_char_range), (56 bytes).
    Removing gfx_mk.o(i.gdispContrastColor), (86 bytes).
    Removing gfx_mk.o(i.gdispGDrawChar), (108 bytes).
    Removing gfx_mk.o(i.gdispGDrawCircle), (408 bytes).
    Removing gfx_mk.o(i.gdispGDrawString), (112 bytes).
    Removing gfx_mk.o(i.gdispGFillChar), (288 bytes).
    Removing gfx_mk.o(i.gdispGFillCircle), (330 bytes).
    Removing gfx_mk.o(i.gdispGFillString), (300 bytes).
    Removing gfx_mk.o(i.gdispGFlush), (2 bytes).
    Removing gfx_mk.o(i.gdispGGetBacklight), (6 bytes).
    Removing gfx_mk.o(i.gdispGGetContrast), (6 bytes).
    Removing gfx_mk.o(i.gdispGGetPowerMode), (6 bytes).
    Removing gfx_mk.o(i.gdispGetCharWidth), (16 bytes).
    Removing gfx_mk.o(i.gdispGetDisplay), (14 bytes).
    Removing gfx_mk.o(i.gdispGetDisplayCount), (10 bytes).
    Removing gfx_mk.o(i.gdispGetFontName), (6 bytes).
    Removing gfx_mk.o(i.gdispImageCache), (24 bytes).
    Removing gfx_mk.o(i.gdispImageClose), (34 bytes).
    Removing gfx_mk.o(i.gdispImageInit), (6 bytes).
    Removing gfx_mk.o(i.gdispImageIsOpen), (18 bytes).
    Removing gfx_mk.o(i.gdispImageNext), (24 bytes).
    Removing gfx_mk.o(i.gdispImageSetBgColor), (4 bytes).
    Removing gfx_mk.o(i.gdispScaleFont), (36 bytes).
    Removing gfx_mk.o(i.gdispSetDisplay), (12 bytes).
    Removing gfx_mk.o(i.gdriverGetDriverInstanceNumber), (48 bytes).
    Removing gfx_mk.o(i.gdriverInstanceCount), (32 bytes).
    Removing gfx_mk.o(i.gdriverUnRegister), (92 bytes).
    Removing gfx_mk.o(i.get_width), (22 bytes).
    Removing gfx_mk.o(i.geventDetachSource), (52 bytes).
    Removing gfx_mk.o(i.geventEventComplete), (10 bytes).
    Removing gfx_mk.o(i.gfileDelete), (48 bytes).
    Removing gfx_mk.o(i.gfileEOF), (38 bytes).
    Removing gfx_mk.o(i.gfileExists), (48 bytes).
    Removing gfx_mk.o(i.gfileGetFilesize), (52 bytes).
    Removing gfx_mk.o(i.gfileGetSize), (38 bytes).
    Removing gfx_mk.o(i.gfileMount), (56 bytes).
    Removing gfx_mk.o(i.gfileRename), (52 bytes).
    Removing gfx_mk.o(i.gfileSync), (24 bytes).
    Removing gfx_mk.o(i.gfileUnmount), (56 bytes).
    Removing gfx_mk.o(i.gfileWrite), (66 bytes).
    Removing gfx_mk.o(i.gfxDeinit), (60 bytes).
    Removing gfx_mk.o(i.gfxQueueASyncInsert), (28 bytes).
    Removing gfx_mk.o(i.gfxQueueASyncInsertI), (64 bytes).
    Removing gfx_mk.o(i.gfxQueueASyncIsIn), (28 bytes).
    Removing gfx_mk.o(i.gfxQueueASyncIsInI), (26 bytes).
    Removing gfx_mk.o(i.gfxQueueASyncPush), (24 bytes).
    Removing gfx_mk.o(i.gfxQueueASyncPushI), (20 bytes).
    Removing gfx_mk.o(i.gfxSemDestroy), (12 bytes).
    Removing gfx_mk.o(i.gfxSemWaitI), (14 bytes).
    Removing gfx_mk.o(i.gfxThreadWait), (22 bytes).
    Removing gfx_mk.o(i.ginputCalibrateMouse), (40 bytes).
    Removing gfx_mk.o(i.ginputGetMouseDisplay), (22 bytes).
    Removing gfx_mk.o(i.ginputGetMouseStatus), (84 bytes).
    Removing gfx_mk.o(i.ginputSetFingerMode), (44 bytes).
    Removing gfx_mk.o(i.ginputSetMouseDisplay), (40 bytes).
    Removing gfx_mk.o(i.gtimerDeinit), (12 bytes).
    Removing gfx_mk.o(i.gtimerInit), (6 bytes).
    Removing gfx_mk.o(i.gtimerJab), (48 bytes).
    Removing gfx_mk.o(i.gtimerJabI), (24 bytes).
    Removing gfx_mk.o(i.gtimerStop), (88 bytes).
    Removing gfx_mk.o(i.gwinAttachMouse), (6 bytes).
    Removing gfx_mk.o(i.gwinBlitArea), (66 bytes).
    Removing gfx_mk.o(i.gwinClear), (62 bytes).
    Removing gfx_mk.o(i.gwinClearInit), (20 bytes).
    Removing gfx_mk.o(i.gwinContainerDraw_Image), (184 bytes).
    Removing gfx_mk.o(i.gwinDrawBox), (64 bytes).
    Removing gfx_mk.o(i.gwinDrawChar), (66 bytes).
    Removing gfx_mk.o(i.gwinDrawCircle), (54 bytes).
    Removing gfx_mk.o(i.gwinDrawImage), (72 bytes).
    Removing gfx_mk.o(i.gwinDrawLine), (86 bytes).
    Removing gfx_mk.o(i.gwinDrawPixel), (52 bytes).
    Removing gfx_mk.o(i.gwinDrawString), (66 bytes).
    Removing gfx_mk.o(i.gwinDrawStringBox), (84 bytes).
    Removing gfx_mk.o(i.gwinFillArea), (64 bytes).
    Removing gfx_mk.o(i.gwinFillChar), (66 bytes).
    Removing gfx_mk.o(i.gwinFillCircle), (54 bytes).
    Removing gfx_mk.o(i.gwinFillString), (66 bytes).
    Removing gfx_mk.o(i.gwinFillStringBox), (88 bytes).
    Removing gfx_mk.o(i.gwinGWindowCreate), (52 bytes).
    Removing gfx_mk.o(i.gwinGetClassName), (8 bytes).
    Removing gfx_mk.o(i.gwinGetDefaultColor), (12 bytes).
    Removing gfx_mk.o(i.gwinGetDefaultFont), (12 bytes).
    Removing gfx_mk.o(i.gwinGetDefaultStyle), (12 bytes).
    Removing gfx_mk.o(i.gwinGetEnabled), (28 bytes).
    Removing gfx_mk.o(i.gwinGetInnerHeight), (42 bytes).
    Removing gfx_mk.o(i.gwinGetInnerWidth), (42 bytes).
    Removing gfx_mk.o(i.gwinGetMinMax), (30 bytes).
    Removing gfx_mk.o(i.gwinGetStyle), (18 bytes).
    Removing gfx_mk.o(i.gwinGetText), (18 bytes).
    Removing gfx_mk.o(i.gwinGetVisible), (28 bytes).
    Removing gfx_mk.o(i.gwinIsWidget), (18 bytes).
    Removing gfx_mk.o(i.gwinKeyboardGetEventSource), (24 bytes).
    Removing gfx_mk.o(i.gwinKeyboardSetLayout), (76 bytes).
    Removing gfx_mk.o(i.gwinListDeleteAll), (64 bytes).
    Removing gfx_mk.o(i.gwinListEnableRender), (52 bytes).
    Removing gfx_mk.o(i.gwinListFindText), (68 bytes).
    Removing gfx_mk.o(i.gwinListGetSelected), (68 bytes).
    Removing gfx_mk.o(i.gwinListGetSelectedText), (52 bytes).
    Removing gfx_mk.o(i.gwinListItemCount), (24 bytes).
    Removing gfx_mk.o(i.gwinListItemDelete), (108 bytes).
    Removing gfx_mk.o(i.gwinListItemGetParam), (64 bytes).
    Removing gfx_mk.o(i.gwinListItemGetText), (60 bytes).
    Removing gfx_mk.o(i.gwinListItemIsSelected), (84 bytes).
    Removing gfx_mk.o(i.gwinListItemSetParam), (60 bytes).
    Removing gfx_mk.o(i.gwinListViewItem), (104 bytes).
    Removing gfx_mk.o(i.gwinMove), (32 bytes).
    Removing gfx_mk.o(i.gwinRaise), (24 bytes).
    Removing gfx_mk.o(i.gwinRedrawDisplay), (74 bytes).
    Removing gfx_mk.o(i.gwinResize), (32 bytes).
    Removing gfx_mk.o(i.gwinSetCustomDraw), (42 bytes).
    Removing gfx_mk.o(i.gwinSetMinMax), (28 bytes).
    Removing gfx_mk.o(i.gwinSetText), (124 bytes).
    Removing gfx_mk.o(i.gwinSetWindowManager), (52 bytes).
    Removing gfx_mk.o(i.gwinSliderDraw_Image), (648 bytes).
    Removing gfx_mk.o(i.gwinSliderSendExtendedEvents), (40 bytes).
    Removing gfx_mk.o(i.is_wrap_space), (30 bytes).
    Removing gfx_mk.o(i.mf_bwfont_character_width), (38 bytes).
    Removing gfx_mk.o(i.mf_bwfont_render_character), (58 bytes).
    Removing gfx_mk.o(i.mf_find_font), (52 bytes).
    Removing gfx_mk.o(i.mf_render_justified), (38 bytes).
    Removing gfx_mk.o(i.mf_scale_font), (96 bytes).
    Removing gfx_mk.o(i.mf_scaled_character_width), (32 bytes).
    Removing gfx_mk.o(i.mf_scaled_render_character), (96 bytes).
    Removing gfx_mk.o(i.mf_wordwrap), (174 bytes).
    Removing gfx_mk.o(i.render_char), (312 bytes).
    Removing gfx_mk.o(i.scaled_pixel_callback), (90 bytes).
    Removing gfx_mk.o(i.strequals), (40 bytes).
    Removing gdisp_lld_stm32ltdc.o(.rev16_text), (4 bytes).
    Removing gdisp_lld_stm32ltdc.o(.revsh_text), (4 bytes).
    Removing gdisp_lld_stm32ltdc.o(.rrx_text), (6 bytes).
    Removing gmouse_lld_ft5336.o(.rev16_text), (4 bytes).
    Removing gmouse_lld_ft5336.o(.revsh_text), (4 bytes).
    Removing gmouse_lld_ft5336.o(.rrx_text), (6 bytes).
    Removing stm32f7_i2c.o(.rev16_text), (4 bytes).
    Removing stm32f7_i2c.o(.revsh_text), (4 bytes).
    Removing stm32f7_i2c.o(.rrx_text), (6 bytes).
    Removing stm32f7_i2c.o(i.i2cSendByte), (20 bytes).
    Removing stm32746g_discovery_sdram.o(.rev16_text), (4 bytes).
    Removing stm32746g_discovery_sdram.o(.revsh_text), (4 bytes).
    Removing stm32746g_discovery_sdram.o(.rrx_text), (6 bytes).
    Removing stm32746g_discovery_sdram.o(i.BSP_SDRAM_DeInit), (56 bytes).
    Removing stm32746g_discovery_sdram.o(i.BSP_SDRAM_MspDeInit), (36 bytes).
    Removing stm32746g_discovery_sdram.o(i.BSP_SDRAM_ReadData), (36 bytes).
    Removing stm32746g_discovery_sdram.o(i.BSP_SDRAM_ReadData_DMA), (36 bytes).
    Removing stm32746g_discovery_sdram.o(i.BSP_SDRAM_Sendcmd), (32 bytes).
    Removing stm32746g_discovery_sdram.o(i.BSP_SDRAM_WriteData), (36 bytes).
    Removing stm32746g_discovery_sdram.o(i.BSP_SDRAM_WriteData_DMA), (36 bytes).
    Removing led_746g_discovery.o(.rev16_text), (4 bytes).
    Removing led_746g_discovery.o(.revsh_text), (4 bytes).
    Removing led_746g_discovery.o(.rrx_text), (6 bytes).
    Removing led_746g_discovery.o(i.LED_GetCount), (4 bytes).
    Removing led_746g_discovery.o(i.LED_Off), (32 bytes).
    Removing led_746g_discovery.o(i.LED_On), (32 bytes).
    Removing led_746g_discovery.o(i.LED_SetOut), (40 bytes).
    Removing led_746g_discovery.o(i.LED_Uninitialize), (20 bytes).
    Removing led_746g_discovery.o(.constdata), (8 bytes).
    Removing rtx_conf_cm.o(i.__user_perthread_libspace), (44 bytes).
    Removing rtx_conf_cm.o(i._mutex_initialize), (44 bytes).
    Removing stm32f7xx_hal.o(.rev16_text), (4 bytes).
    Removing stm32f7xx_hal.o(.revsh_text), (4 bytes).
    Removing stm32f7xx_hal.o(.rrx_text), (6 bytes).
    Removing stm32f7xx_hal.o(i.HAL_DBGMCU_DisableDBGSleepMode), (20 bytes).
    Removing stm32f7xx_hal.o(i.HAL_DBGMCU_DisableDBGStandbyMode), (20 bytes).
    Removing stm32f7xx_hal.o(i.HAL_DBGMCU_DisableDBGStopMode), (20 bytes).
    Removing stm32f7xx_hal.o(i.HAL_DBGMCU_EnableDBGSleepMode), (20 bytes).
    Removing stm32f7xx_hal.o(i.HAL_DBGMCU_EnableDBGStandbyMode), (20 bytes).
    Removing stm32f7xx_hal.o(i.HAL_DBGMCU_EnableDBGStopMode), (20 bytes).
    Removing stm32f7xx_hal.o(i.HAL_DeInit), (68 bytes).
    Removing stm32f7xx_hal.o(i.HAL_DisableCompensationCell), (20 bytes).
    Removing stm32f7xx_hal.o(i.HAL_DisableFMCMemorySwapping), (20 bytes).
    Removing stm32f7xx_hal.o(i.HAL_EnableCompensationCell), (20 bytes).
    Removing stm32f7xx_hal.o(i.HAL_EnableFMCMemorySwapping), (20 bytes).
    Removing stm32f7xx_hal.o(i.HAL_GetDEVID), (16 bytes).
    Removing stm32f7xx_hal.o(i.HAL_GetHalVersion), (6 bytes).
    Removing stm32f7xx_hal.o(i.HAL_GetREVID), (12 bytes).
    Removing stm32f7xx_hal.o(i.HAL_GetTick), (12 bytes).
    Removing stm32f7xx_hal.o(i.HAL_IncTick), (16 bytes).
    Removing stm32f7xx_hal.o(i.HAL_MspDeInit), (2 bytes).
    Removing stm32f7xx_hal.o(i.HAL_ResumeTick), (18 bytes).
    Removing stm32f7xx_hal.o(i.HAL_SuspendTick), (18 bytes).
    Removing stm32f7xx_hal.o(.data), (4 bytes).
    Removing stm32f7xx_hal_cortex.o(.rev16_text), (4 bytes).
    Removing stm32f7xx_hal_cortex.o(.revsh_text), (4 bytes).
    Removing stm32f7xx_hal_cortex.o(.rrx_text), (6 bytes).
    Removing stm32f7xx_hal_cortex.o(i.HAL_MPU_ConfigRegion), (92 bytes).
    Removing stm32f7xx_hal_cortex.o(i.HAL_MPU_Disable), (44 bytes).
    Removing stm32f7xx_hal_cortex.o(i.HAL_MPU_Enable), (64 bytes).
    Removing stm32f7xx_hal_cortex.o(i.HAL_NVIC_ClearPendingIRQ), (36 bytes).
    Removing stm32f7xx_hal_cortex.o(i.HAL_NVIC_DisableIRQ), (68 bytes).
    Removing stm32f7xx_hal_cortex.o(i.HAL_NVIC_GetActive), (48 bytes).
    Removing stm32f7xx_hal_cortex.o(i.HAL_NVIC_GetPendingIRQ), (48 bytes).
    Removing stm32f7xx_hal_cortex.o(i.HAL_NVIC_GetPriority), (148 bytes).
    Removing stm32f7xx_hal_cortex.o(i.HAL_NVIC_GetPriorityGrouping), (8 bytes).
    Removing stm32f7xx_hal_cortex.o(i.HAL_NVIC_SetPendingIRQ), (36 bytes).
    Removing stm32f7xx_hal_cortex.o(i.HAL_NVIC_SystemReset), (68 bytes).
    Removing stm32f7xx_hal_cortex.o(i.HAL_SYSTICK_CLKSourceConfig), (40 bytes).
    Removing stm32f7xx_hal_cortex.o(i.HAL_SYSTICK_Callback), (2 bytes).
    Removing stm32f7xx_hal_cortex.o(i.HAL_SYSTICK_IRQHandler), (8 bytes).
    Removing stm32f7xx_hal_dma.o(.rev16_text), (4 bytes).
    Removing stm32f7xx_hal_dma.o(.revsh_text), (4 bytes).
    Removing stm32f7xx_hal_dma.o(.rrx_text), (6 bytes).
    Removing stm32f7xx_hal_dma.o(i.DMA_SetConfig), (44 bytes).
    Removing stm32f7xx_hal_dma.o(i.HAL_DMA_Abort), (170 bytes).
    Removing stm32f7xx_hal_dma.o(i.HAL_DMA_Abort_IT), (40 bytes).
    Removing stm32f7xx_hal_dma.o(i.HAL_DMA_GetError), (6 bytes).
    Removing stm32f7xx_hal_dma.o(i.HAL_DMA_GetState), (8 bytes).
    Removing stm32f7xx_hal_dma.o(i.HAL_DMA_IRQHandler), (584 bytes).
    Removing stm32f7xx_hal_dma.o(i.HAL_DMA_PollForTransfer), (356 bytes).
    Removing stm32f7xx_hal_dma.o(i.HAL_DMA_RegisterCallback), (94 bytes).
    Removing stm32f7xx_hal_dma.o(i.HAL_DMA_Start), (102 bytes).
    Removing stm32f7xx_hal_dma.o(i.HAL_DMA_Start_IT), (158 bytes).
    Removing stm32f7xx_hal_dma.o(i.HAL_DMA_UnRegisterCallback), (124 bytes).
    Removing stm32f7xx_hal_dma2d.o(.rev16_text), (4 bytes).
    Removing stm32f7xx_hal_dma2d.o(.revsh_text), (4 bytes).
    Removing stm32f7xx_hal_dma2d.o(.rrx_text), (6 bytes).
    Removing stm32f7xx_hal_dma2d.o(i.DMA2D_SetConfig), (264 bytes).
    Removing stm32f7xx_hal_dma2d.o(i.HAL_DMA2D_Abort), (112 bytes).
    Removing stm32f7xx_hal_dma2d.o(i.HAL_DMA2D_BlendingStart), (82 bytes).
    Removing stm32f7xx_hal_dma2d.o(i.HAL_DMA2D_BlendingStart_IT), (94 bytes).
    Removing stm32f7xx_hal_dma2d.o(i.HAL_DMA2D_CLUTLoad), (176 bytes).
    Removing stm32f7xx_hal_dma2d.o(i.HAL_DMA2D_CLUTLoad_IT), (200 bytes).
    Removing stm32f7xx_hal_dma2d.o(i.HAL_DMA2D_CLUTLoadingCpltCallback), (2 bytes).
    Removing stm32f7xx_hal_dma2d.o(i.HAL_DMA2D_CLUTLoading_Abort), (130 bytes).
    Removing stm32f7xx_hal_dma2d.o(i.HAL_DMA2D_CLUTLoading_Resume), (82 bytes).
    Removing stm32f7xx_hal_dma2d.o(i.HAL_DMA2D_CLUTLoading_Suspend), (130 bytes).
    Removing stm32f7xx_hal_dma2d.o(i.HAL_DMA2D_ConfigCLUT), (168 bytes).
    Removing stm32f7xx_hal_dma2d.o(i.HAL_DMA2D_ConfigDeadTime), (80 bytes).
    Removing stm32f7xx_hal_dma2d.o(i.HAL_DMA2D_ConfigLayer), (232 bytes).
    Removing stm32f7xx_hal_dma2d.o(i.HAL_DMA2D_DeInit), (148 bytes).
    Removing stm32f7xx_hal_dma2d.o(i.HAL_DMA2D_DisableDeadTime), (62 bytes).
    Removing stm32f7xx_hal_dma2d.o(i.HAL_DMA2D_EnableCLUT), (62 bytes).
    Removing stm32f7xx_hal_dma2d.o(i.HAL_DMA2D_EnableDeadTime), (62 bytes).
    Removing stm32f7xx_hal_dma2d.o(i.HAL_DMA2D_GetError), (6 bytes).
    Removing stm32f7xx_hal_dma2d.o(i.HAL_DMA2D_GetState), (8 bytes).
    Removing stm32f7xx_hal_dma2d.o(i.HAL_DMA2D_IRQHandler), (358 bytes).
    Removing stm32f7xx_hal_dma2d.o(i.HAL_DMA2D_Init), (96 bytes).
    Removing stm32f7xx_hal_dma2d.o(i.HAL_DMA2D_LineEventCallback), (2 bytes).
    Removing stm32f7xx_hal_dma2d.o(i.HAL_DMA2D_MspDeInit), (2 bytes).
    Removing stm32f7xx_hal_dma2d.o(i.HAL_DMA2D_MspInit), (2 bytes).
    Removing stm32f7xx_hal_dma2d.o(i.HAL_DMA2D_PollForTransfer), (360 bytes).
    Removing stm32f7xx_hal_dma2d.o(i.HAL_DMA2D_ProgramLineEvent), (76 bytes).
    Removing stm32f7xx_hal_dma2d.o(i.HAL_DMA2D_Resume), (36 bytes).
    Removing stm32f7xx_hal_dma2d.o(i.HAL_DMA2D_Start), (78 bytes).
    Removing stm32f7xx_hal_dma2d.o(i.HAL_DMA2D_Start_IT), (90 bytes).
    Removing stm32f7xx_hal_dma2d.o(i.HAL_DMA2D_Suspend), (114 bytes).
    Removing stm32f7xx_hal_dma_ex.o(.rev16_text), (4 bytes).
    Removing stm32f7xx_hal_dma_ex.o(.revsh_text), (4 bytes).
    Removing stm32f7xx_hal_dma_ex.o(.rrx_text), (6 bytes).
    Removing stm32f7xx_hal_dma_ex.o(i.DMA_MultiBufferSetConfig), (32 bytes).
    Removing stm32f7xx_hal_dma_ex.o(i.HAL_DMAEx_ChangeMemory), (18 bytes).
    Removing stm32f7xx_hal_dma_ex.o(i.HAL_DMAEx_MultiBufferStart), (124 bytes).
    Removing stm32f7xx_hal_dma_ex.o(i.HAL_DMAEx_MultiBufferStart_IT), (4044 bytes).
    Removing stm32f7xx_hal_gpio.o(.rev16_text), (4 bytes).
    Removing stm32f7xx_hal_gpio.o(.revsh_text), (4 bytes).
    Removing stm32f7xx_hal_gpio.o(.rrx_text), (6 bytes).
    Removing stm32f7xx_hal_gpio.o(i.HAL_GPIO_DeInit), (384 bytes).
    Removing stm32f7xx_hal_gpio.o(i.HAL_GPIO_EXTI_Callback), (2 bytes).
    Removing stm32f7xx_hal_gpio.o(i.HAL_GPIO_EXTI_IRQHandler), (28 bytes).
    Removing stm32f7xx_hal_gpio.o(i.HAL_GPIO_LockPin), (46 bytes).
    Removing stm32f7xx_hal_gpio.o(i.HAL_GPIO_ReadPin), (16 bytes).
    Removing stm32f7xx_hal_gpio.o(i.HAL_GPIO_TogglePin), (8 bytes).
    Removing stm32f7xx_hal_gpio.o(i.HAL_GPIO_WritePin), (12 bytes).
    Removing stm32f7xx_hal_ltdc.o(.rev16_text), (4 bytes).
    Removing stm32f7xx_hal_ltdc.o(.revsh_text), (4 bytes).
    Removing stm32f7xx_hal_ltdc.o(.rrx_text), (6 bytes).
    Removing stm32f7xx_hal_ltdc.o(i.HAL_LTDC_ConfigCLUT), (180 bytes).
    Removing stm32f7xx_hal_ltdc.o(i.HAL_LTDC_ConfigColorKeying), (96 bytes).
    Removing stm32f7xx_hal_ltdc.o(i.HAL_LTDC_ConfigColorKeying_NoReload), (92 bytes).
    Removing stm32f7xx_hal_ltdc.o(i.HAL_LTDC_ConfigLayer), (94 bytes).
    Removing stm32f7xx_hal_ltdc.o(i.HAL_LTDC_ConfigLayer_NoReload), (90 bytes).
    Removing stm32f7xx_hal_ltdc.o(i.HAL_LTDC_DeInit), (30 bytes).
    Removing stm32f7xx_hal_ltdc.o(i.HAL_LTDC_DisableCLUT), (76 bytes).
    Removing stm32f7xx_hal_ltdc.o(i.HAL_LTDC_DisableCLUT_NoReload), (72 bytes).
    Removing stm32f7xx_hal_ltdc.o(i.HAL_LTDC_DisableColorKeying), (76 bytes).
    Removing stm32f7xx_hal_ltdc.o(i.HAL_LTDC_DisableColorKeying_NoReload), (72 bytes).
    Removing stm32f7xx_hal_ltdc.o(i.HAL_LTDC_DisableDither), (68 bytes).
    Removing stm32f7xx_hal_ltdc.o(i.HAL_LTDC_EnableCLUT), (76 bytes).
    Removing stm32f7xx_hal_ltdc.o(i.HAL_LTDC_EnableCLUT_NoReload), (72 bytes).
    Removing stm32f7xx_hal_ltdc.o(i.HAL_LTDC_EnableColorKeying), (76 bytes).
    Removing stm32f7xx_hal_ltdc.o(i.HAL_LTDC_EnableColorKeying_NoReload), (72 bytes).
    Removing stm32f7xx_hal_ltdc.o(i.HAL_LTDC_EnableDither), (68 bytes).
    Removing stm32f7xx_hal_ltdc.o(i.HAL_LTDC_ErrorCallback), (2 bytes).
    Removing stm32f7xx_hal_ltdc.o(i.HAL_LTDC_GetError), (8 bytes).
    Removing stm32f7xx_hal_ltdc.o(i.HAL_LTDC_GetState), (8 bytes).
    Removing stm32f7xx_hal_ltdc.o(i.HAL_LTDC_IRQHandler), (268 bytes).
    Removing stm32f7xx_hal_ltdc.o(i.HAL_LTDC_Init), (296 bytes).
    Removing stm32f7xx_hal_ltdc.o(i.HAL_LTDC_LineEventCallback), (2 bytes).
    Removing stm32f7xx_hal_ltdc.o(i.HAL_LTDC_MspDeInit), (2 bytes).
    Removing stm32f7xx_hal_ltdc.o(i.HAL_LTDC_MspInit), (2 bytes).
    Removing stm32f7xx_hal_ltdc.o(i.HAL_LTDC_ProgramLineEvent), (72 bytes).
    Removing stm32f7xx_hal_ltdc.o(i.HAL_LTDC_Reload), (66 bytes).
    Removing stm32f7xx_hal_ltdc.o(i.HAL_LTDC_ReloadEventCallback), (2 bytes).
    Removing stm32f7xx_hal_ltdc.o(i.HAL_LTDC_SetAddress), (92 bytes).
    Removing stm32f7xx_hal_ltdc.o(i.HAL_LTDC_SetAddress_NoReload), (88 bytes).
    Removing stm32f7xx_hal_ltdc.o(i.HAL_LTDC_SetAlpha), (92 bytes).
    Removing stm32f7xx_hal_ltdc.o(i.HAL_LTDC_SetAlpha_NoReload), (88 bytes).
    Removing stm32f7xx_hal_ltdc.o(i.HAL_LTDC_SetPitch), (208 bytes).
    Removing stm32f7xx_hal_ltdc.o(i.HAL_LTDC_SetPitch_NoReload), (180 bytes).
    Removing stm32f7xx_hal_ltdc.o(i.HAL_LTDC_SetPixelFormat), (92 bytes).
    Removing stm32f7xx_hal_ltdc.o(i.HAL_LTDC_SetPixelFormat_NoReload), (88 bytes).
    Removing stm32f7xx_hal_ltdc.o(i.HAL_LTDC_SetWindowPosition), (108 bytes).
    Removing stm32f7xx_hal_ltdc.o(i.HAL_LTDC_SetWindowPosition_NoReload), (104 bytes).
    Removing stm32f7xx_hal_ltdc.o(i.HAL_LTDC_SetWindowSize), (116 bytes).
    Removing stm32f7xx_hal_ltdc.o(i.HAL_LTDC_SetWindowSize_NoReload), (112 bytes).
    Removing stm32f7xx_hal_ltdc.o(i.LTDC_SetConfig), (530 bytes).
    Removing stm32f7xx_hal_ltdc_ex.o(.rev16_text), (4 bytes).
    Removing stm32f7xx_hal_ltdc_ex.o(.revsh_text), (4 bytes).
    Removing stm32f7xx_hal_ltdc_ex.o(.rrx_text), (6 bytes).
    Removing stm32f7xx_hal_pwr.o(.rev16_text), (4 bytes).
    Removing stm32f7xx_hal_pwr.o(.revsh_text), (4 bytes).
    Removing stm32f7xx_hal_pwr.o(.rrx_text), (6 bytes).
    Removing stm32f7xx_hal_pwr.o(i.HAL_PWR_ConfigPVD), (180 bytes).
    Removing stm32f7xx_hal_pwr.o(i.HAL_PWR_DeInit), (28 bytes).
    Removing stm32f7xx_hal_pwr.o(i.HAL_PWR_DisableBkUpAccess), (20 bytes).
    Removing stm32f7xx_hal_pwr.o(i.HAL_PWR_DisablePVD), (20 bytes).
    Removing stm32f7xx_hal_pwr.o(i.HAL_PWR_DisableSEVOnPend), (20 bytes).
    Removing stm32f7xx_hal_pwr.o(i.HAL_PWR_DisableSleepOnExit), (20 bytes).
    Removing stm32f7xx_hal_pwr.o(i.HAL_PWR_DisableWakeUpPin), (16 bytes).
    Removing stm32f7xx_hal_pwr.o(i.HAL_PWR_EnableBkUpAccess), (20 bytes).
    Removing stm32f7xx_hal_pwr.o(i.HAL_PWR_EnablePVD), (20 bytes).
    Removing stm32f7xx_hal_pwr.o(i.HAL_PWR_EnableSEVOnPend), (20 bytes).
    Removing stm32f7xx_hal_pwr.o(i.HAL_PWR_EnableSleepOnExit), (20 bytes).
    Removing stm32f7xx_hal_pwr.o(i.HAL_PWR_EnableWakeUpPin), (40 bytes).
    Removing stm32f7xx_hal_pwr.o(i.HAL_PWR_EnterSLEEPMode), (32 bytes).
    Removing stm32f7xx_hal_pwr.o(i.HAL_PWR_EnterSTANDBYMode), (40 bytes).
    Removing stm32f7xx_hal_pwr.o(i.HAL_PWR_EnterSTOPMode), (68 bytes).
    Removing stm32f7xx_hal_pwr.o(i.HAL_PWR_PVDCallback), (2 bytes).
    Removing stm32f7xx_hal_pwr.o(i.HAL_PWR_PVD_IRQHandler), (32 bytes).
    Removing stm32f7xx_hal_pwr_ex.o(.rev16_text), (4 bytes).
    Removing stm32f7xx_hal_pwr_ex.o(.revsh_text), (4 bytes).
    Removing stm32f7xx_hal_pwr_ex.o(.rrx_text), (6 bytes).
    Removing stm32f7xx_hal_pwr_ex.o(i.HAL_PWREx_ControlVoltageScaling), (236 bytes).
    Removing stm32f7xx_hal_pwr_ex.o(i.HAL_PWREx_DisableBkUpReg), (72 bytes).
    Removing stm32f7xx_hal_pwr_ex.o(i.HAL_PWREx_DisableFlashPowerDown), (20 bytes).
    Removing stm32f7xx_hal_pwr_ex.o(i.HAL_PWREx_DisableLowRegulatorLowVoltage), (20 bytes).
    Removing stm32f7xx_hal_pwr_ex.o(i.HAL_PWREx_DisableMainRegulatorLowVoltage), (20 bytes).
    Removing stm32f7xx_hal_pwr_ex.o(i.HAL_PWREx_DisableOverDrive), (144 bytes).
    Removing stm32f7xx_hal_pwr_ex.o(i.HAL_PWREx_EnableBkUpReg), (72 bytes).
    Removing stm32f7xx_hal_pwr_ex.o(i.HAL_PWREx_EnableFlashPowerDown), (20 bytes).
    Removing stm32f7xx_hal_pwr_ex.o(i.HAL_PWREx_EnableLowRegulatorLowVoltage), (20 bytes).
    Removing stm32f7xx_hal_pwr_ex.o(i.HAL_PWREx_EnableMainRegulatorLowVoltage), (20 bytes).
    Removing stm32f7xx_hal_pwr_ex.o(i.HAL_PWREx_EnterUnderDriveSTOPMode), (164 bytes).
    Removing stm32f7xx_hal_pwr_ex.o(i.HAL_PWREx_GetVoltageRange), (16 bytes).
    Removing stm32f7xx_hal_rcc.o(.rev16_text), (4 bytes).
    Removing stm32f7xx_hal_rcc.o(.revsh_text), (4 bytes).
    Removing stm32f7xx_hal_rcc.o(.rrx_text), (6 bytes).
    Removing stm32f7xx_hal_rcc.o(i.HAL_RCC_CSSCallback), (2 bytes).
    Removing stm32f7xx_hal_rcc.o(i.HAL_RCC_DeInit), (128 bytes).
    Removing stm32f7xx_hal_rcc.o(i.HAL_RCC_DisableCSS), (20 bytes).
    Removing stm32f7xx_hal_rcc.o(i.HAL_RCC_EnableCSS), (20 bytes).
    Removing stm32f7xx_hal_rcc.o(i.HAL_RCC_GetClockConfig), (68 bytes).
    Removing stm32f7xx_hal_rcc.o(i.HAL_RCC_GetHCLKFreq), (12 bytes).
    Removing stm32f7xx_hal_rcc.o(i.HAL_RCC_GetOscConfig), (296 bytes).
    Removing stm32f7xx_hal_rcc.o(i.HAL_RCC_GetPCLK1Freq), (44 bytes).
    Removing stm32f7xx_hal_rcc.o(i.HAL_RCC_GetPCLK2Freq), (44 bytes).
    Removing stm32f7xx_hal_rcc.o(i.HAL_RCC_MCOConfig), (184 bytes).
    Removing stm32f7xx_hal_rcc.o(i.HAL_RCC_NMI_IRQHandler), (32 bytes).
    Removing stm32f7xx_hal_rcc_ex.o(.rev16_text), (4 bytes).
    Removing stm32f7xx_hal_rcc_ex.o(.revsh_text), (4 bytes).
    Removing stm32f7xx_hal_rcc_ex.o(.rrx_text), (6 bytes).
    Removing stm32f7xx_hal_rcc_ex.o(i.HAL_RCCEx_GetPeriphCLKConfig), (568 bytes).
    Removing stm32f7xx_hal_rcc_ex.o(i.HAL_RCCEx_GetPeriphCLKFreq), (460 bytes).
    Removing stm32f7xx_hal_rcc_ex.o(i.HAL_RCCEx_PeriphCLKConfig), (2324 bytes).
    Removing stm32f7xx_hal_sdram.o(.rev16_text), (4 bytes).
    Removing stm32f7xx_hal_sdram.o(.revsh_text), (4 bytes).
    Removing stm32f7xx_hal_sdram.o(.rrx_text), (6 bytes).
    Removing stm32f7xx_hal_sdram.o(i.HAL_SDRAM_DMA_XferCpltCallback), (2 bytes).
    Removing stm32f7xx_hal_sdram.o(i.HAL_SDRAM_DMA_XferErrorCallback), (2 bytes).
    Removing stm32f7xx_hal_sdram.o(i.HAL_SDRAM_DeInit), (34 bytes).
    Removing stm32f7xx_hal_sdram.o(i.HAL_SDRAM_GetModeStatus), (14 bytes).
    Removing stm32f7xx_hal_sdram.o(i.HAL_SDRAM_GetState), (8 bytes).
    Removing stm32f7xx_hal_sdram.o(i.HAL_SDRAM_IRQHandler), (34 bytes).
    Removing stm32f7xx_hal_sdram.o(i.HAL_SDRAM_MspDeInit), (2 bytes).
    Removing stm32f7xx_hal_sdram.o(i.HAL_SDRAM_Read_16b), (80 bytes).
    Removing stm32f7xx_hal_sdram.o(i.HAL_SDRAM_Read_32b), (80 bytes).
    Removing stm32f7xx_hal_sdram.o(i.HAL_SDRAM_Read_8b), (80 bytes).
    Removing stm32f7xx_hal_sdram.o(i.HAL_SDRAM_Read_DMA), (104 bytes).
    Removing stm32f7xx_hal_sdram.o(i.HAL_SDRAM_RefreshErrorCallback), (2 bytes).
    Removing stm32f7xx_hal_sdram.o(i.HAL_SDRAM_SetAutoRefreshNumber), (40 bytes).
    Removing stm32f7xx_hal_sdram.o(i.HAL_SDRAM_WriteProtection_Disable), (38 bytes).
    Removing stm32f7xx_hal_sdram.o(i.HAL_SDRAM_WriteProtection_Enable), (38 bytes).
    Removing stm32f7xx_hal_sdram.o(i.HAL_SDRAM_Write_16b), (86 bytes).
    Removing stm32f7xx_hal_sdram.o(i.HAL_SDRAM_Write_32b), (86 bytes).
    Removing stm32f7xx_hal_sdram.o(i.HAL_SDRAM_Write_8b), (86 bytes).
    Removing stm32f7xx_hal_sdram.o(i.HAL_SDRAM_Write_DMA), (108 bytes).
    Removing stm32f7xx_ll_fmc.o(.rev16_text), (4 bytes).
    Removing stm32f7xx_ll_fmc.o(.revsh_text), (4 bytes).
    Removing stm32f7xx_ll_fmc.o(.rrx_text), (6 bytes).
    Removing stm32f7xx_ll_fmc.o(i.FMC_NAND_AttributeSpace_Timing_Init), (40 bytes).
    Removing stm32f7xx_ll_fmc.o(i.FMC_NAND_CommonSpace_Timing_Init), (40 bytes).
    Removing stm32f7xx_ll_fmc.o(i.FMC_NAND_DeInit), (30 bytes).
    Removing stm32f7xx_ll_fmc.o(i.FMC_NAND_ECC_Disable), (14 bytes).
    Removing stm32f7xx_ll_fmc.o(i.FMC_NAND_ECC_Enable), (14 bytes).
    Removing stm32f7xx_ll_fmc.o(i.FMC_NAND_GetECC), (62 bytes).
    Removing stm32f7xx_ll_fmc.o(i.FMC_NAND_Init), (56 bytes).
    Removing stm32f7xx_ll_fmc.o(i.FMC_NORSRAM_DeInit), (56 bytes).
    Removing stm32f7xx_ll_fmc.o(i.FMC_NORSRAM_Extended_Timing_Init), (72 bytes).
    Removing stm32f7xx_ll_fmc.o(i.FMC_NORSRAM_Init), (128 bytes).
    Removing stm32f7xx_ll_fmc.o(i.FMC_NORSRAM_Timing_Init), (94 bytes).
    Removing stm32f7xx_ll_fmc.o(i.FMC_NORSRAM_WriteOperation_Disable), (18 bytes).
    Removing stm32f7xx_ll_fmc.o(i.FMC_NORSRAM_WriteOperation_Enable), (18 bytes).
    Removing stm32f7xx_ll_fmc.o(i.FMC_SDRAM_DeInit), (32 bytes).
    Removing stm32f7xx_ll_fmc.o(i.FMC_SDRAM_GetModeStatus), (24 bytes).
    Removing stm32f7xx_ll_fmc.o(i.FMC_SDRAM_SetAutoRefreshNumber), (14 bytes).
    Removing stm32f7xx_ll_fmc.o(i.FMC_SDRAM_WriteProtection_Disable), (18 bytes).
    Removing stm32f7xx_ll_fmc.o(i.FMC_SDRAM_WriteProtection_Enable), (18 bytes).
    Removing system_stm32f7xx.o(.rev16_text), (4 bytes).
    Removing system_stm32f7xx.o(.revsh_text), (4 bytes).
    Removing system_stm32f7xx.o(.rrx_text), (6 bytes).
    Removing system_stm32f7xx.o(i.SystemCoreClockUpdate), (192 bytes).
    Removing rt_cmsis.o(.rev16_text), (4 bytes).
    Removing rt_cmsis.o(.revsh_text), (4 bytes).
    Removing rt_cmsis.o(.rrx_text), (6 bytes).
    Removing rt_cmsis.o(i.isrSignalSet), (36 bytes).
    Removing rt_cmsis.o(i.osKernelRunning), (36 bytes).
    Removing rt_cmsis.o(i.osMailAlloc), (28 bytes).
    Removing rt_cmsis.o(i.osMailCAlloc), (48 bytes).
    Removing rt_cmsis.o(i.osMailCreate), (44 bytes).
    Removing rt_cmsis.o(i.osMailFree), (28 bytes).
    Removing rt_cmsis.o(i.osMailGet), (22 bytes).
    Removing rt_cmsis.o(i.osMailPut), (20 bytes).
    Removing rt_cmsis.o(i.osMessageCreate), (44 bytes).
    Removing rt_cmsis.o(i.osMessagePut), (24 bytes).
    Removing rt_cmsis.o(i.osPoolAlloc), (32 bytes).
    Removing rt_cmsis.o(i.osPoolCAlloc), (52 bytes).
    Removing rt_cmsis.o(i.osPoolCreate), (44 bytes).
    Removing rt_cmsis.o(i.osPoolFree), (32 bytes).
    Removing rt_cmsis.o(i.osSemaphoreDelete), (24 bytes).
    Removing rt_cmsis.o(i.osSignalClear), (24 bytes).
    Removing rt_cmsis.o(i.osSignalSet), (24 bytes).
    Removing rt_cmsis.o(i.osSignalWait), (24 bytes).
    Removing rt_cmsis.o(i.osThreadGetId), (24 bytes).
    Removing rt_cmsis.o(i.osThreadGetPriority), (24 bytes).
    Removing rt_cmsis.o(i.osThreadSetPriority), (24 bytes).
    Removing rt_cmsis.o(i.osThreadTerminate), (24 bytes).
    Removing rt_cmsis.o(i.osTimerCreate), (44 bytes).
    Removing rt_cmsis.o(i.osTimerDelete), (24 bytes).
    Removing rt_cmsis.o(i.osTimerStart), (24 bytes).
    Removing rt_cmsis.o(i.osTimerStop), (24 bytes).
    Removing rt_cmsis.o(i.osWait), (4 bytes).
    Removing rt_cmsis.o(i.os_resume), (12 bytes).
    Removing rt_cmsis.o(i.os_suspend), (12 bytes).
    Removing rt_cmsis.o(i.rt_clr_box), (24 bytes).
    Removing rt_cmsis.o(i.rt_timer_remove), (60 bytes).
    Removing rt_cmsis.o(i.svcKernelRunning), (12 bytes).
    Removing rt_cmsis.o(i.svcMailCreate), (66 bytes).
    Removing rt_cmsis.o(i.svcMessagePut), (54 bytes).
    Removing rt_cmsis.o(i.svcPoolCreate), (40 bytes).
    Removing rt_cmsis.o(i.svcSemaphoreDelete), (26 bytes).
    Removing rt_cmsis.o(i.svcSignalClear), (36 bytes).
    Removing rt_cmsis.o(i.svcSignalSet), (36 bytes).
    Removing rt_cmsis.o(i.svcSignalWait), (84 bytes).
    Removing rt_cmsis.o(i.svcThreadGetPriority), (18 bytes).
    Removing rt_cmsis.o(i.svcThreadSetPriority), (46 bytes).
    Removing rt_cmsis.o(i.svcTimerCreate), (56 bytes).
    Removing rt_cmsis.o(i.svcTimerDelete), (40 bytes).
    Removing rt_cmsis.o(i.svcTimerStart), (100 bytes).
    Removing rt_cmsis.o(i.svcTimerStop), (36 bytes).
    Removing rt_cmsis.o(i.sysMailAlloc), (88 bytes).
    Removing rt_cmsis.o(i.sysMailFree), (96 bytes).
    Removing rt_cmsis.o(i.sysPoolAlloc), (10 bytes).
    Removing rt_cmsis.o(i.sysPoolFree), (20 bytes).
    Removing rt_cmsis.o(i.sysUserTimerUpdate), (48 bytes).
    Removing rt_cmsis.o(i.sysUserTimerWakeupTime), (20 bytes).
    Removing rt_time.o(i.rt_itv_set), (24 bytes).
    Removing rt_time.o(i.rt_itv_wait), (40 bytes).
    Removing rt_time.o(i.rt_time_get), (12 bytes).
    Removing rt_system.o(.emb_text), (0 bytes).
    Removing rt_system.o(i.rt_resume), (136 bytes).
    Removing rt_system.o(i.rt_suspend), (36 bytes).
    Removing rt_system.o(i.rt_tsk_lock), (80 bytes).
    Removing rt_system.o(i.rt_tsk_unlock), (80 bytes).
    Removing rt_event.o(i.isr_evt_set), (40 bytes).
    Removing rt_event.o(i.rt_evt_clr), (28 bytes).
    Removing rt_event.o(i.rt_evt_get), (12 bytes).
    Removing rt_event.o(i.rt_evt_set), (92 bytes).
    Removing rt_event.o(i.rt_evt_wait), (60 bytes).
    Removing rt_mailbox.o(i.rt_mbx_send), (152 bytes).
    Removing rt_semaphore.o(i.rt_sem_delete), (92 bytes).
    Removing rt_membox.o(i._calloc_box), (30 bytes).

501 unused section(s) (total 34160 bytes) removed from the image.

==============================================================================

Memory Map of the image

  Image Entry point : 0x00000000

  Load Region LR_IROM1 (Base: 0x08000000, Size: 0x00011bd8, Max: 0x00100000, ABSOLUTE)

    Execution Region ER_IROM1 (Base: 0x08000000, Size: 0x00011a84, Max: 0x00100000, ABSOLUTE)

    Base Addr    Size         Type   Attr      Idx    E Section Name        Object

    0x08000000   0x000001c8   Data   RO         5224    RESET               startup_stm32f746xx.o
    0x080001c8   0x00000008   Code   RO         6505  * !!!main             c_w.l(__main.o)
    0x080001d0   0x00000002   Code   RO         6554    .ARM.Collect$$libinit$$00000000  c_w.l(libinit.o)
    0x080001d2   0x00000004   Code   RO         6565    .ARM.Collect$$libinit$$00000001  c_w.l(libinit2.o)
    0x080001d6   0x00000000   Code   RO         6568    .ARM.Collect$$libinit$$00000004  c_w.l(libinit2.o)
    0x080001d6   0x00000000   Code   RO         6571    .ARM.Collect$$libinit$$0000000A  c_w.l(libinit2.o)
    0x080001d6   0x00000000   Code   RO         6573    .ARM.Collect$$libinit$$0000000C  c_w.l(libinit2.o)
    0x080001d6   0x00000000   Code   RO         6575    .ARM.Collect$$libinit$$0000000E  c_w.l(libinit2.o)
    0x080001d6   0x00000000   Code   RO         6578    .ARM.Collect$$libinit$$00000011  c_w.l(libinit2.o)
    0x080001d6   0x00000000   Code   RO         6580    .ARM.Collect$$libinit$$00000013  c_w.l(libinit2.o)
    0x080001d6   0x00000000   Code   RO         6582    .ARM.Collect$$libinit$$00000015  c_w.l(libinit2.o)
    0x080001d6   0x00000000   Code   RO         6584    .ARM.Collect$$libinit$$00000017  c_w.l(libinit2.o)
    0x080001d6   0x00000000   Code   RO         6586    .ARM.Collect$$libinit$$00000019  c_w.l(libinit2.o)
    0x080001d6   0x00000000   Code   RO         6588    .ARM.Collect$$libinit$$0000001B  c_w.l(libinit2.o)
    0x080001d6   0x00000000   Code   RO         6590    .ARM.Collect$$libinit$$0000001D  c_w.l(libinit2.o)
    0x080001d6   0x00000000   Code   RO         6592    .ARM.Collect$$libinit$$0000001F  c_w.l(libinit2.o)
    0x080001d6   0x00000000   Code   RO         6594    .ARM.Collect$$libinit$$00000021  c_w.l(libinit2.o)
    0x080001d6   0x00000000   Code   RO         6596    .ARM.Collect$$libinit$$00000023  c_w.l(libinit2.o)
    0x080001d6   0x00000000   Code   RO         6598    .ARM.Collect$$libinit$$00000025  c_w.l(libinit2.o)
    0x080001d6   0x00000000   Code   RO         6602    .ARM.Collect$$libinit$$0000002C  c_w.l(libinit2.o)
    0x080001d6   0x00000000   Code   RO         6604    .ARM.Collect$$libinit$$0000002E  c_w.l(libinit2.o)
    0x080001d6   0x00000000   Code   RO         6606    .ARM.Collect$$libinit$$00000030  c_w.l(libinit2.o)
    0x080001d6   0x00000000   Code   RO         6608    .ARM.Collect$$libinit$$00000032  c_w.l(libinit2.o)
    0x080001d6   0x00000002   Code   RO         6609    .ARM.Collect$$libinit$$00000033  c_w.l(libinit2.o)
    0x080001d8   0x00000002   Code   RO         6555    .ARM.Collect$$libshutdown$$00000000  c_w.l(libshutdown.o)
    0x080001da   0x00000000   Code   RO         6611    .ARM.Collect$$libshutdown$$00000002  c_w.l(libshutdown2.o)
    0x080001da   0x00000000   Code   RO         6613    .ARM.Collect$$libshutdown$$00000004  c_w.l(libshutdown2.o)
    0x080001da   0x00000000   Code   RO         6616    .ARM.Collect$$libshutdown$$00000007  c_w.l(libshutdown2.o)
    0x080001da   0x00000000   Code   RO         6619    .ARM.Collect$$libshutdown$$0000000A  c_w.l(libshutdown2.o)
    0x080001da   0x00000000   Code   RO         6621    .ARM.Collect$$libshutdown$$0000000C  c_w.l(libshutdown2.o)
    0x080001da   0x00000000   Code   RO         6624    .ARM.Collect$$libshutdown$$0000000F  c_w.l(libshutdown2.o)
    0x080001da   0x00000002   Code   RO         6625    .ARM.Collect$$libshutdown$$00000010  c_w.l(libshutdown2.o)
    0x080001dc   0x00000000   Code   RO         6507    .ARM.Collect$$rtentry$$00000000  c_w.l(__rtentry.o)
    0x080001dc   0x00000000   Code   RO         6517    .ARM.Collect$$rtentry$$00000002  c_w.l(__rtentry2.o)
    0x080001dc   0x00000006   Code   RO         6529    .ARM.Collect$$rtentry$$00000004  c_w.l(__rtentry4.o)
    0x080001e2   0x00000000   Code   RO         6519    .ARM.Collect$$rtentry$$00000009  c_w.l(__rtentry2.o)
    0x080001e2   0x00000004   Code   RO         6520    .ARM.Collect$$rtentry$$0000000A  c_w.l(__rtentry2.o)
    0x080001e6   0x00000008   Code   RO         6521    .ARM.Collect$$rtentry$$0000000B  c_w.l(__rtentry2.o)
    0x080001ee   0x00000008   Code   RO         6523    .ARM.Collect$$rtentry$$0000000D  c_w.l(__rtentry2.o)
    0x080001f6   0x00000002   Code   RO         6508    .ARM.Collect$$rtexit$$00000000  c_w.l(rtexit.o)
    0x080001f8   0x00000000   Code   RO         6532    .ARM.Collect$$rtexit$$00000002  c_w.l(rtexit2.o)
    0x080001f8   0x00000004   Code   RO         6533    .ARM.Collect$$rtexit$$00000003  c_w.l(rtexit2.o)
    0x080001fc   0x00000006   Code   RO         6534    .ARM.Collect$$rtexit$$00000004  c_w.l(rtexit2.o)
    0x08000202   0x00000002   PAD
    0x08000204   0x0000001c   Code   RO         3520    .emb_text           rtx_conf_cm.o
    0x08000220   0x00000198   Code   RO         6467    .emb_text           RTX_CM4.lib(hal_cm4.o)
    0x080003b8   0x00000040   Code   RO         5225    .text               startup_stm32f746xx.o
    0x080003f8   0x00000008   Code   RO         6482    .text               c_w.l(libspace.o)
    0x08000400   0x00000012   Code   RO         6487    .text               c_w.l(exit.o)
    0x08000412   0x0000003e   Code   RO         6491    .text               c_w.l(strlen.o)
    0x08000450   0x0000008a   Code   RO         6493    .text               c_w.l(rt_memcpy_v6.o)
    0x080004da   0x00000064   Code   RO         6495    .text               c_w.l(rt_memcpy_w.o)
    0x0800053e   0x0000004e   Code   RO         6497    .text               c_w.l(rt_memclr_w.o)
    0x0800058c   0x00000056   Code   RO         6499    .text               c_w.l(strncpy.o)
    0x080005e2   0x00000002   PAD
    0x080005e4   0x00000068   Code   RO         6501    .text               c_w.l(strcmpv7m_pel.o)
    0x0800064c   0x00000006   Code   RO         6503    .text               c_w.l(heapauxi.o)
    0x08000652   0x00000044   Code   RO         6514    .text               c_w.l(rt_memclr.o)
    0x08000696   0x00000002   PAD
    0x08000698   0x0000000c   Code   RO         6540    .text               c_w.l(sys_exit.o)
    0x080006a4   0x0000004a   Code   RO         6542    .text               c_w.l(sys_stackheap_outer.o)
    0x080006ee   0x00000002   Code   RO         6556    .text               c_w.l(use_no_semi.o)
    0x080006f0   0x00000000   Code   RO         6558    .text               c_w.l(indicate_semi.o)
    0x080006f0   0x00000004   Code   RO         6477    SVC_TABLE           RTX_CM4.lib(svc_table.o)
    0x080006f4   0x0000008c   Code   RO         3382    i.BSP_SDRAM_Init    stm32746g_discovery_sdram.o
    0x08000780   0x00000098   Code   RO         3383    i.BSP_SDRAM_Initialization_sequence  stm32746g_discovery_sdram.o
    0x08000818   0x000001c8   Code   RO         3385    i.BSP_SDRAM_MspInit  stm32746g_discovery_sdram.o
    0x080009e0   0x0000000c   Code   RO            4    i.CPU_CACHE_Enable  main.o
    0x080009ec   0x000003c8   Code   RO          420    i.CalibrateMouse    gfx_mk.o
    0x08000db4   0x00000438   Code   RO          421    i.CalibrationCalculate  gfx_mk.o
    0x080011ec   0x000001bc   Code   RO          422    i.CalibrationCrossDraw  gfx_mk.o
    0x080013a8   0x0000007c   Code   RO          423    i.CalibrationTransform  gfx_mk.o
    0x08001424   0x00000012   Code   RO          424    i.ContainerBorderSize  gfx_mk.o
    0x08001436   0x00000002   PAD
    0x08001438   0x00000034   Code   RO         3880    i.DMA_CalcBaseAndBitshift  stm32f7xx_hal_dma.o
    0x0800146c   0x000000ba   Code   RO         3881    i.DMA_CheckFifoParam  stm32f7xx_hal_dma.o
    0x08001526   0x00000074   Code   RO         5090    i.FMC_SDRAM_Init    stm32f7xx_ll_fmc.o
    0x0800159a   0x0000000e   Code   RO         5091    i.FMC_SDRAM_ProgramRefreshRate  stm32f7xx_ll_fmc.o
    0x080015a8   0x00000052   Code   RO         5092    i.FMC_SDRAM_SendCommand  stm32f7xx_ll_fmc.o
    0x080015fa   0x00000002   PAD
    0x080015fc   0x0000009c   Code   RO         5094    i.FMC_SDRAM_Timing_Init  stm32f7xx_ll_fmc.o
    0x08001698   0x00000124   Code   RO          425    i.GTimerThreadHandler  gfx_mk.o
    0x080017bc   0x00000418   Code   RO          426    i.GetMouseReading   gfx_mk.o
    0x08001bd4   0x00000062   Code   RO         3885    i.HAL_DMA_DeInit    stm32f7xx_hal_dma.o
    0x08001c36   0x00000002   PAD
    0x08001c38   0x000000e8   Code   RO         3889    i.HAL_DMA_Init      stm32f7xx_hal_dma.o
    0x08001d20   0x0000001a   Code   RO         3588    i.HAL_Delay         stm32f7xx_hal.o
    0x08001d3a   0x00000002   PAD
    0x08001d3c   0x00000218   Code   RO         4227    i.HAL_GPIO_Init     stm32f7xx_hal_gpio.o
    0x08001f54   0x0000000c   Code   RO            5    i.HAL_GetTick       main.o
    0x08001f60   0x00000028   Code   RO         3598    i.HAL_Init          stm32f7xx_hal.o
    0x08001f88   0x00000028   Code   RO         3599    i.HAL_InitTick      stm32f7xx_hal.o
    0x08001fb0   0x00000002   Code   RO         3601    i.HAL_MspInit       stm32f7xx_hal.o
    0x08001fb2   0x00000020   Code   RO         3745    i.HAL_NVIC_EnableIRQ  stm32f7xx_hal_cortex.o
    0x08001fd2   0x0000007c   Code   RO         3751    i.HAL_NVIC_SetPriority  stm32f7xx_hal_cortex.o
    0x0800204e   0x00000002   PAD
    0x08002050   0x00000028   Code   RO         3752    i.HAL_NVIC_SetPriorityGrouping  stm32f7xx_hal_cortex.o
    0x08002078   0x00000090   Code   RO         4695    i.HAL_PWREx_EnableOverDrive  stm32f7xx_hal_pwr_ex.o
    0x08002108   0x000001b4   Code   RO         4782    i.HAL_RCC_ClockConfig  stm32f7xx_hal_rcc.o
    0x080022bc   0x000000b4   Code   RO         4791    i.HAL_RCC_GetSysClockFreq  stm32f7xx_hal_rcc.o
    0x08002370   0x000004ec   Code   RO         4794    i.HAL_RCC_OscConfig  stm32f7xx_hal_rcc.o
    0x0800285c   0x00000040   Code   RO         4925    i.HAL_SDRAM_Init    stm32f7xx_hal_sdram.o
    0x0800289c   0x00000002   Code   RO         4927    i.HAL_SDRAM_MspInit  stm32f7xx_hal_sdram.o
    0x0800289e   0x00000028   Code   RO         4928    i.HAL_SDRAM_ProgramRefreshRate  stm32f7xx_hal_sdram.o
    0x080028c6   0x0000003a   Code   RO         4934    i.HAL_SDRAM_SendCommand  stm32f7xx_hal_sdram.o
    0x08002900   0x00000034   Code   RO         3756    i.HAL_SYSTICK_Config  stm32f7xx_hal_cortex.o
    0x08002934   0x000000fc   Code   RO          427    i.KeyFindKey        gfx_mk.o
    0x08002a30   0x0000003a   Code   RO          428    i.KeyMouseMove      gfx_mk.o
    0x08002a6a   0x00000106   Code   RO          429    i.KeyMouseUp        gfx_mk.o
    0x08002b70   0x00000048   Code   RO         3468    i.LED_Initialize    led_746g_discovery.o
    0x08002bb8   0x00000020   Code   RO          430    i.ListDestroy       gfx_mk.o
    0x08002bd8   0x00000118   Code   RO          431    i.ListMouseDown     gfx_mk.o
    0x08002cf0   0x00000074   Code   RO          432    i.ListMouseMove     gfx_mk.o
    0x08002d64   0x0000007c   Code   RO          433    i.ListMouseSelect   gfx_mk.o
    0x08002de0   0x0000004a   Code   RO          434    i.ListMouseUp       gfx_mk.o
    0x08002e2a   0x00000038   Code   RO          435    i.MousePoll         gfx_mk.o
    0x08002e62   0x00000010   Code   RO          436    i.NumKeyRows        gfx_mk.o
    0x08002e72   0x00000002   Code   RO          437    i.ROMClose          gfx_mk.o
    0x08002e74   0x00000014   Code   RO          438    i.ROMEof            gfx_mk.o
    0x08002e88   0x00000014   Code   RO          439    i.ROMExists         gfx_mk.o
    0x08002e9c   0x00000016   Code   RO          440    i.ROMFilesize       gfx_mk.o
    0x08002eb2   0x00000002   PAD
    0x08002eb4   0x00000030   Code   RO          441    i.ROMFindFile       gfx_mk.o
    0x08002ee4   0x00000008   Code   RO          442    i.ROMGetsize        gfx_mk.o
    0x08002eec   0x00000018   Code   RO          443    i.ROMOpen           gfx_mk.o
    0x08002f04   0x00000038   Code   RO          444    i.ROMRead           gfx_mk.o
    0x08002f3c   0x00000012   Code   RO          445    i.ROMSetpos         gfx_mk.o
    0x08002f4e   0x00000002   PAD
    0x08002f50   0x0000009c   Code   RO            6    i.SCB_EnableDCache  main.o
    0x08002fec   0x0000007c   Code   RO            7    i.SCB_EnableICache  main.o
    0x08003068   0x0000003c   Code   RO          446    i.SendKeyboardEvent  gfx_mk.o
    0x080030a4   0x00000082   Code   RO          447    i.SendKeyboardEventToListener  gfx_mk.o
    0x08003126   0x000000d4   Code   RO          448    i.SendMouseEvent    gfx_mk.o
    0x080031fa   0x00000002   PAD
    0x080031fc   0x00000070   Code   RO          449    i.SendSliderEvent   gfx_mk.o
    0x0800326c   0x0000004e   Code   RO          450    i.SetDisplayPosFromMouse  gfx_mk.o
    0x080032ba   0x000000bc   Code   RO          451    i.SliderCalcPosFromDPos  gfx_mk.o
    0x08003376   0x00000022   Code   RO          452    i.SliderMouseDown   gfx_mk.o
    0x08003398   0x00000022   Code   RO          453    i.SliderMouseMove   gfx_mk.o
    0x080033ba   0x00000060   Code   RO          454    i.SliderMouseUp     gfx_mk.o
    0x0800341a   0x0000004e   Code   RO          455    i.SliderResetDisplayPos  gfx_mk.o
    0x08003468   0x00000056   Code   RO            8    i.SystemClock_Config  main.o
    0x080034be   0x00000002   PAD
    0x080034c0   0x00000064   Code   RO         5233    i.SystemInit        system_stm32f7xx.o
    0x08003524   0x00000114   Code   RO          456    i.TextEditKeyboard  gfx_mk.o
    0x08003638   0x00000046   Code   RO          457    i.TextEditMouseDown  gfx_mk.o
    0x0800367e   0x00000044   Code   RO          458    i.UCode2UTF8        gfx_mk.o
    0x080036c2   0x000000c4   Code   RO          459    i.UTF8CharAt        gfx_mk.o
    0x08003786   0x00000088   Code   RO          460    i.UTF8StrLen        gfx_mk.o
    0x0800380e   0x00000002   PAD
    0x08003810   0x00000040   Code   RO          461    i.WM_Add            gfx_mk.o
    0x08003850   0x00000002   Code   RO          462    i.WM_DeInit         gfx_mk.o
    0x08003852   0x00000002   PAD
    0x08003854   0x00000014   Code   RO          463    i.WM_Delete         gfx_mk.o
    0x08003868   0x00000002   Code   RO          464    i.WM_Init           gfx_mk.o
    0x0800386a   0x00000002   Code   RO          465    i.WM_MinMax         gfx_mk.o
    0x0800386c   0x000001f2   Code   RO          466    i.WM_Move           gfx_mk.o
    0x08003a5e   0x00000002   PAD
    0x08003a60   0x00000020   Code   RO          467    i.WM_Raise          gfx_mk.o
    0x08003a80   0x00000190   Code   RO          468    i.WM_Redraw         gfx_mk.o
    0x08003c10   0x000001a4   Code   RO          469    i.WM_Size           gfx_mk.o
    0x08003db4   0x00000010   Code   RO         3758    i.__NVIC_GetPriorityGrouping  stm32f7xx_hal_cortex.o
    0x08003dc4   0x00000028   Code   RO         3759    i.__NVIC_SetPriority  stm32f7xx_hal_cortex.o
    0x08003dec   0x0000002c   Code   RO          470    i._gcontainerCreate  gfx_mk.o
    0x08003e18   0x0000001e   Code   RO          472    i._gcontainerDestroy  gfx_mk.o
    0x08003e36   0x00000002   Code   RO          473    i._gcontainerInit   gfx_mk.o
    0x08003e38   0x00000024   Code   RO          474    i._gdispDeInitDriver  gfx_mk.o
    0x08003e5c   0x0000001c   Code   RO          476    i._gdispInit        gfx_mk.o
    0x08003e78   0x0000003c   Code   RO          477    i._gdispInitDriver  gfx_mk.o
    0x08003eb4   0x0000003c   Code   RO          478    i._gdispPostInitDriver  gfx_mk.o
    0x08003ef0   0x00000002   Code   RO          480    i._gdriverInit      gfx_mk.o
    0x08003ef2   0x00000002   PAD
    0x08003ef4   0x00000010   Code   RO          482    i._geventInit       gfx_mk.o
    0x08003f04   0x000000f8   Code   RO          484    i._gfileFindSlot    gfx_mk.o
    0x08003ffc   0x00000002   Code   RO          485    i._gfileInit        gfx_mk.o
    0x08003ffe   0x00000008   Code   RO          487    i._ginputInit       gfx_mk.o
    0x08004006   0x00000002   Code   RO          488    i._gmouseDeInitDriver  gfx_mk.o
    0x08004008   0x00000020   Code   RO          490    i._gmouseInit       gfx_mk.o
    0x08004028   0x00000054   Code   RO          491    i._gmouseInitDriver  gfx_mk.o
    0x0800407c   0x0000004a   Code   RO          492    i._gmousePostInitDriver  gfx_mk.o
    0x080040c6   0x00000002   PAD
    0x080040c8   0x0000001c   Code   RO          496    i._gosHeapInit      gfx_mk.o
    0x080040e4   0x00000008   Code   RO          497    i._gosInit          gfx_mk.o
    0x080040ec   0x00000002   Code   RO          499    i._gqueueInit       gfx_mk.o
    0x080040ee   0x00000002   PAD
    0x080040f0   0x00000044   Code   RO          501    i._gtimerInit       gfx_mk.o
    0x08004134   0x00000070   Code   RO          502    i._gwidgetCreate    gfx_mk.o
    0x080041a4   0x00000030   Code   RO          504    i._gwidgetDestroy   gfx_mk.o
    0x080041d4   0x0000006c   Code   RO          505    i._gwidgetDrawFocusRect  gfx_mk.o
    0x08004240   0x00000044   Code   RO          506    i._gwidgetInit      gfx_mk.o
    0x08004284   0x0000001a   Code   RO          507    i._gwidgetRedraw    gfx_mk.o
    0x0800429e   0x00000002   PAD
    0x080042a0   0x00000068   Code   RO          509    i._gwinDestroy      gfx_mk.o
    0x08004308   0x00000078   Code   RO          512    i._gwinFixFocus     gfx_mk.o
    0x08004380   0x0000014c   Code   RO          513    i._gwinFlushRedraws  gfx_mk.o
    0x080044cc   0x00000010   Code   RO          514    i._gwinInit         gfx_mk.o
    0x080044dc   0x0000003c   Code   RO          515    i._gwinMoveFocus    gfx_mk.o
    0x08004518   0x000000b8   Code   RO          516    i._gwinRippleVisibility  gfx_mk.o
    0x080045d0   0x00000030   Code   RO          518    i._gwinUpdate       gfx_mk.o
    0x08004600   0x00000058   Code   RO          519    i._gwinWMAdd        gfx_mk.o
    0x08004658   0x00000084   Code   RO          520    i._gwindowCreate    gfx_mk.o
    0x080046dc   0x00000034   Code   RO          522    i._gwmInit          gfx_mk.o
    0x08004710   0x0000002c   Code   RO         3311    i._i2cConfigTransfer  stm32f7_i2c.o
    0x0800473c   0x00000010   Code   RO         3312    i._i2cResetCr2      stm32f7_i2c.o
    0x0800474c   0x00000046   Code   RO         6361    i._init_box         RTX_CM4.lib(rt_membox.o)
    0x08004792   0x00000002   PAD
    0x08004794   0x00000138   Code   RO         3100    i._ltdc_init        gdisp_lld_stm32ltdc.o
    0x080048cc   0x000000f4   Code   RO         3101    i._ltdc_layer_init  gdisp_lld_stm32ltdc.o
    0x080049c0   0x00000028   Code   RO         3102    i._ltdc_reload      gdisp_lld_stm32ltdc.o
    0x080049e8   0x00000020   Code   RO         3522    i._mutex_acquire    rtx_conf_cm.o
    0x08004a08   0x0000001c   Code   RO         3524    i._mutex_release    rtx_conf_cm.o
    0x08004a24   0x0000064c   Code   RO         3103    i.configureLcdPins  gdisp_lld_stm32ltdc.o
    0x08005070   0x0000004c   Code   RO          339    i.containerDraw_Default  gui.o
    0x080050bc   0x000001f0   Code   RO          340    i.createPagePage0   gui.o
    0x080052ac   0x00000364   Code   RO          341    i.createPagePage1   gui.o
    0x08005610   0x00000030   Code   RO         6414    i.dbg_init          RTX_CM4.lib(hal_cm.o)
    0x08005640   0x00000020   Code   RO         6415    i.dbg_task_notify   RTX_CM4.lib(hal_cm.o)
    0x08005660   0x00000010   Code   RO         6416    i.dbg_task_switch   RTX_CM4.lib(hal_cm.o)
    0x08005670   0x00000038   Code   RO          523    i.deleteAssignments  gfx_mk.o
    0x080056a8   0x00000020   Code   RO         3104    i.dma2d_init        gdisp_lld_stm32ltdc.o
    0x080056c8   0x0000002a   Code   RO          524    i.doExitEvent       gfx_mk.o
    0x080056f2   0x00000002   PAD
    0x080056f4   0x00000028   Code   RO          525    i.drawcharglyph     gfx_mk.o
    0x0800571c   0x000000b4   Code   RO          526    i.drawcharline      gfx_mk.o
    0x080057d0   0x0000000c   Code   RO          527    i.drawpixel         gfx_mk.o
    0x080057dc   0x00000040   Code   RO          528    i.drawpixel_clip    gfx_mk.o
    0x0800581c   0x0000000c   Code   RO          529    i.fillarea          gfx_mk.o
    0x08005828   0x00000028   Code   RO          530    i.fillcharglyph     gfx_mk.o
    0x08005850   0x00000096   Code   RO          531    i.fillcharline      gfx_mk.o
    0x080058e6   0x0000002e   Code   RO          532    i.fillentry_bitcount  gfx_mk.o
    0x08005914   0x0000003e   Code   RO          534    i.find_glyph        gfx_mk.o
    0x08005952   0x00000038   Code   RO         3245    i.ft5336Init        gmouse_lld_ft5336.o
    0x0800598a   0x0000003c   Code   RO         3246    i.ft5336ReadXYZ     gmouse_lld_ft5336.o
    0x080059c6   0x0000006c   Code   RO          535    i.gdispBlendColor   gfx_mk.o
    0x08005a32   0x0000001c   Code   RO          536    i.gdispCloseFont    gfx_mk.o
    0x08005a4e   0x00000158   Code   RO          538    i.gdispGBlitArea    gfx_mk.o
    0x08005ba6   0x00000034   Code   RO          539    i.gdispGClear       gfx_mk.o
    0x08005bda   0x0000007a   Code   RO          540    i.gdispGControl     gfx_mk.o
    0x08005c54   0x000000be   Code   RO          541    i.gdispGDrawBox     gfx_mk.o
    0x08005d12   0x0000003a   Code   RO          544    i.gdispGDrawLine    gfx_mk.o
    0x08005d4c   0x0000002e   Code   RO          545    i.gdispGDrawPixel   gfx_mk.o
    0x08005d7a   0x00000002   PAD
    0x08005d7c   0x000000b0   Code   RO          547    i.gdispGDrawStringBox  gfx_mk.o
    0x08005e2c   0x000000ca   Code   RO          548    i.gdispGFillArea    gfx_mk.o
    0x08005ef6   0x00000002   PAD
    0x08005ef8   0x0000015c   Code   RO          552    i.gdispGFillStringBox  gfx_mk.o
    0x08006054   0x00000008   Code   RO          556    i.gdispGGetHeight   gfx_mk.o
    0x0800605c   0x00000006   Code   RO          557    i.gdispGGetOrientation  gfx_mk.o
    0x08006062   0x00000008   Code   RO          559    i.gdispGGetWidth    gfx_mk.o
    0x0800606a   0x0000008e   Code   RO          560    i.gdispGImageDraw   gfx_mk.o
    0x080060f8   0x00000262   Code   RO          561    i.gdispGImageDraw_BMP  gfx_mk.o
    0x0800635a   0x00000092   Code   RO          562    i.gdispGSetClip     gfx_mk.o
    0x080063ec   0x0000003a   Code   RO          566    i.gdispGetFontMetric  gfx_mk.o
    0x08006426   0x00000012   Code   RO          568    i.gdispGetStringWidth  gfx_mk.o
    0x08006438   0x0000001c   Code   RO          569    i.gdispGetStringWidthCount  gfx_mk.o
    0x08006454   0x0000000e   Code   RO          570    i.gdispImageAlloc   gfx_mk.o
    0x08006462   0x0000011a   Code   RO          572    i.gdispImageCache_BMP  gfx_mk.o
    0x0800657c   0x0000003e   Code   RO          574    i.gdispImageClose_BMP  gfx_mk.o
    0x080065ba   0x00000010   Code   RO          575    i.gdispImageFree    gfx_mk.o
    0x080065ca   0x00000008   Code   RO          579    i.gdispImageNext_BMP  gfx_mk.o
    0x080065d2   0x00000002   PAD
    0x080065d4   0x00000074   Code   RO          580    i.gdispImageOpenGFile  gfx_mk.o
    0x08006648   0x00000468   Code   RO          581    i.gdispImageOpen_BMP  gfx_mk.o
    0x08006ab0   0x00000048   Code   RO          583    i.gdispOpenFont     gfx_mk.o
    0x08006af8   0x000000e8   Code   RO         3105    i.gdisp_lld_control  gdisp_lld_stm32ltdc.o
    0x08006be0   0x000000b0   Code   RO         3106    i.gdisp_lld_draw_pixel  gdisp_lld_stm32ltdc.o
    0x08006c90   0x0000012c   Code   RO         3107    i.gdisp_lld_fill_area  gdisp_lld_stm32ltdc.o
    0x08006dbc   0x000000ac   Code   RO         3108    i.gdisp_lld_get_pixel_color  gdisp_lld_stm32ltdc.o
    0x08006e68   0x000000a8   Code   RO         3109    i.gdisp_lld_init    gdisp_lld_stm32ltdc.o
    0x08006f10   0x00000030   Code   RO          587    i.gdriverGetInstance  gfx_mk.o
    0x08006f40   0x00000024   Code   RO          588    i.gdriverGetNext    gfx_mk.o
    0x08006f64   0x00000094   Code   RO          590    i.gdriverRegister   gfx_mk.o
    0x08006ff8   0x00000850   Code   RO          592    i.getPixels         gfx_mk.o
    0x08007848   0x00000080   Code   RO          594    i.geventAttachSource  gfx_mk.o
    0x080078c8   0x00000028   Code   RO          596    i.geventDetachSourceListeners  gfx_mk.o
    0x080078f0   0x0000009c   Code   RO          598    i.geventEventWait   gfx_mk.o
    0x0800798c   0x00000044   Code   RO          599    i.geventGetEventBuffer  gfx_mk.o
    0x080079d0   0x00000074   Code   RO          600    i.geventGetSourceListener  gfx_mk.o
    0x08007a44   0x0000001a   Code   RO          601    i.geventListenerInit  gfx_mk.o
    0x08007a5e   0x00000002   PAD
    0x08007a60   0x00000038   Code   RO          602    i.geventRegisterCallback  gfx_mk.o
    0x08007a98   0x0000007c   Code   RO          603    i.geventSendEvent   gfx_mk.o
    0x08007b14   0x00000026   Code   RO          604    i.gfileClose        gfx_mk.o
    0x08007b3a   0x00000014   Code   RO          609    i.gfileGetPos       gfx_mk.o
    0x08007b4e   0x00000002   PAD
    0x08007b50   0x0000003c   Code   RO          612    i.gfileOpen         gfx_mk.o
    0x08007b8c   0x00000042   Code   RO          613    i.gfileRead         gfx_mk.o
    0x08007bce   0x00000030   Code   RO          615    i.gfileSetPos       gfx_mk.o
    0x08007bfe   0x00000002   PAD
    0x08007c00   0x00000048   Code   RO          619    i.gfxAddHeapBlock   gfx_mk.o
    0x08007c48   0x00000078   Code   RO          620    i.gfxAlloc          gfx_mk.o
    0x08007cc0   0x0000006c   Code   RO          622    i.gfxFree           gfx_mk.o
    0x08007d2c   0x0000003c   Code   RO          623    i.gfxInit           gfx_mk.o
    0x08007d68   0x00000010   Code   RO          624    i.gfxMutexInit      gfx_mk.o
    0x08007d78   0x00000020   Code   RO          625    i.gfxQueueASyncGet  gfx_mk.o
    0x08007d98   0x00000012   Code   RO          626    i.gfxQueueASyncGetI  gfx_mk.o
    0x08007daa   0x00000008   Code   RO          627    i.gfxQueueASyncInit  gfx_mk.o
    0x08007db2   0x00000018   Code   RO          634    i.gfxQueueASyncPut  gfx_mk.o
    0x08007dca   0x0000001c   Code   RO          635    i.gfxQueueASyncPutI  gfx_mk.o
    0x08007de6   0x00000018   Code   RO          636    i.gfxQueueASyncRemove  gfx_mk.o
    0x08007dfe   0x00000042   Code   RO          637    i.gfxQueueASyncRemoveI  gfx_mk.o
    0x08007e40   0x000000ec   Code   RO          638    i.gfxRealloc        gfx_mk.o
    0x08007f2c   0x00000020   Code   RO          640    i.gfxSemInit        gfx_mk.o
    0x08007f4c   0x0000000c   Code   RO          641    i.gfxSemSignal      gfx_mk.o
    0x08007f58   0x00000016   Code   RO          642    i.gfxSemSignalI     gfx_mk.o
    0x08007f6e   0x00000020   Code   RO          643    i.gfxSemWait        gfx_mk.o
    0x08007f8e   0x00000026   Code   RO          645    i.gfxThreadCreate   gfx_mk.o
    0x08007fb4   0x00000014   Code   RO          648    i.ginputGetKeyboard  gfx_mk.o
    0x08007fc8   0x0000001c   Code   RO          649    i.ginputGetMouse    gfx_mk.o
    0x08007fe4   0x0000001c   Code   RO          656    i.gtimerIsActive    gfx_mk.o
    0x08008000   0x00000120   Code   RO          659    i.gtimerStart       gfx_mk.o
    0x08008120   0x00000094   Code   RO          342    i.guiCreate         gui.o
    0x080081b4   0x00000014   Code   RO          343    i.guiEventLoop      gui.o
    0x080081c8   0x00000048   Code   RO          344    i.guiShowPage       gui.o
    0x08008210   0x00000188   Code   RO          661    i.gwidgetEvent      gfx_mk.o
    0x08008398   0x00000014   Code   RO          662    i.gwinAttachListener  gfx_mk.o
    0x080083ac   0x00000040   Code   RO          668    i.gwinContainerDraw_Std  gfx_mk.o
    0x080083ec   0x0000004c   Code   RO          669    i.gwinContainerDraw_Transparent  gfx_mk.o
    0x08008438   0x0000000e   Code   RO          670    i.gwinDestroy       gfx_mk.o
    0x08008446   0x00000002   PAD
    0x08008448   0x0000003c   Code   RO          684    i.gwinGContainerCreate  gfx_mk.o
    0x08008484   0x00000060   Code   RO          685    i.gwinGKeyboardCreate  gfx_mk.o
    0x080084e4   0x00000058   Code   RO          686    i.gwinGListCreate   gfx_mk.o
    0x0800853c   0x0000003c   Code   RO          687    i.gwinGSliderCreate  gfx_mk.o
    0x08008578   0x00000064   Code   RO          688    i.gwinGTexteditCreate  gfx_mk.o
    0x080085dc   0x0000000c   Code   RO          691    i.gwinGetDefaultBgColor  gfx_mk.o
    0x080085e8   0x00000028   Code   RO          696    i.gwinGetFirstChild  gfx_mk.o
    0x08008610   0x0000000c   Code   RO          697    i.gwinGetFocus      gfx_mk.o
    0x0800861c   0x00000014   Code   RO          701    i.gwinGetNextWindow  gfx_mk.o
    0x08008630   0x0000002a   Code   RO          702    i.gwinGetSibling    gfx_mk.o
    0x0800865a   0x00000002   PAD
    0x0800865c   0x000010e2   Code   RO          707    i.gwinKeyboardDraw_Normal  gfx_mk.o
    0x0800973e   0x00000002   PAD
    0x08009740   0x00000094   Code   RO          710    i.gwinListAddItem   gfx_mk.o
    0x080097d4   0x00000304   Code   RO          711    i.gwinListDefaultDraw  gfx_mk.o
    0x08009ad8   0x00000040   Code   RO          723    i.gwinListSetScroll  gfx_mk.o
    0x08009b18   0x00000088   Code   RO          724    i.gwinListSetSelected  gfx_mk.o
    0x08009ba0   0x00000030   Code   RO          728    i.gwinRedraw        gfx_mk.o
    0x08009bd0   0x0000000c   Code   RO          732    i.gwinSetDefaultBgColor  gfx_mk.o
    0x08009bdc   0x0000000c   Code   RO          733    i.gwinSetDefaultColor  gfx_mk.o
    0x08009be8   0x0000000c   Code   RO          734    i.gwinSetDefaultFont  gfx_mk.o
    0x08009bf4   0x0000005c   Code   RO          735    i.gwinSetDefaultStyle  gfx_mk.o
    0x08009c50   0x000000cc   Code   RO          736    i.gwinSetEnabled    gfx_mk.o
    0x08009d1c   0x00000048   Code   RO          737    i.gwinSetFocus      gfx_mk.o
    0x08009d64   0x00000004   Code   RO          738    i.gwinSetFont       gfx_mk.o
    0x08009d68   0x00000034   Code   RO          740    i.gwinSetStyle      gfx_mk.o
    0x08009d9c   0x00000030   Code   RO          742    i.gwinSetVisible    gfx_mk.o
    0x08009dcc   0x00000298   Code   RO          745    i.gwinSliderDraw_Std  gfx_mk.o
    0x0800a064   0x00000064   Code   RO          747    i.gwinSliderSetPosition  gfx_mk.o
    0x0800a0c8   0x0000002c   Code   RO          748    i.gwinSliderSetRange  gfx_mk.o
    0x0800a0f4   0x0000014c   Code   RO          749    i.gwinTexteditDefaultDraw  gfx_mk.o
    0x0800a240   0x00000014   Code   RO          750    i.gwinWidgetClearInit  gfx_mk.o
    0x0800a254   0x000000a6   Code   RO          751    i.hline_clip        gfx_mk.o
    0x0800a2fa   0x00000002   PAD
    0x0800a2fc   0x000000f4   Code   RO         3313    i.i2cInit           stm32f7_i2c.o
    0x0800a3f0   0x00000064   Code   RO         3314    i.i2cRead           stm32f7_i2c.o
    0x0800a454   0x0000002c   Code   RO         3315    i.i2cReadByte       stm32f7_i2c.o
    0x0800a480   0x0000003c   Code   RO         3316    i.i2cReadWord       stm32f7_i2c.o
    0x0800a4bc   0x00000068   Code   RO         3317    i.i2cSend           stm32f7_i2c.o
    0x0800a524   0x00000020   Code   RO         3319    i.i2cWriteReg       stm32f7_i2c.o
    0x0800a544   0x000000a0   Code   RO         3247    i.init_board        gmouse_lld_ft5336.o
    0x0800a5e4   0x0000002a   Code   RO         5270    i.isrMessageGet     RTX_CM4.lib(rt_cmsis.o)
    0x0800a60e   0x0000002c   Code   RO         5271    i.isrMessagePut     RTX_CM4.lib(rt_cmsis.o)
    0x0800a63a   0x00000028   Code   RO         5272    i.isrSemaphoreRelease  RTX_CM4.lib(rt_cmsis.o)
    0x0800a662   0x00000002   PAD
    0x0800a664   0x00000056   Code   RO         6249    i.isr_mbx_receive   RTX_CM4.lib(rt_mailbox.o)
    0x0800a6ba   0x0000000e   Code   RO         6250    i.isr_mbx_send      RTX_CM4.lib(rt_mailbox.o)
    0x0800a6c8   0x00000010   Code   RO         6297    i.isr_sem_send      RTX_CM4.lib(rt_semaphore.o)
    0x0800a6d8   0x0000012a   Code   RO          753    i.line_clip         gfx_mk.o
    0x0800a802   0x00000002   PAD
    0x0800a804   0x00000040   Code   RO            9    i.main              main.o
    0x0800a844   0x0000004e   Code   RO          754    i.matchfont         gfx_mk.o
    0x0800a892   0x00000020   Code   RO          757    i.mf_character_width  gfx_mk.o
    0x0800a8b2   0x00000002   PAD
    0x0800a8b4   0x00000008   Code   RO          759    i.mf_get_font_list  gfx_mk.o
    0x0800a8bc   0x00000068   Code   RO          760    i.mf_get_string_width  gfx_mk.o
    0x0800a924   0x00000016   Code   RO          761    i.mf_getchar        gfx_mk.o
    0x0800a93a   0x0000007e   Code   RO          762    i.mf_render_aligned  gfx_mk.o
    0x0800a9b8   0x00000040   Code   RO          763    i.mf_render_character  gfx_mk.o
    0x0800a9f8   0x00000008   Code   RO          765    i.mf_rewind         gfx_mk.o
    0x0800aa00   0x0000001a   Code   RO          766    i.mf_rlefont_character_width  gfx_mk.o
    0x0800aa1a   0x00000070   Code   RO          767    i.mf_rlefont_render_character  gfx_mk.o
    0x0800aa8a   0x0000003e   Code   RO          768    i.mf_round_to_prev_tab  gfx_mk.o
    0x0800aac8   0x0000003e   Code   RO          769    i.mf_round_to_tab   gfx_mk.o
    0x0800ab06   0x00000002   PAD
    0x0800ab08   0x00000018   Code   RO         5274    i.osDelay           RTX_CM4.lib(rt_cmsis.o)
    0x0800ab20   0x00000024   Code   RO         5275    i.osKernelInitialize  RTX_CM4.lib(rt_cmsis.o)
    0x0800ab44   0x0000006c   Code   RO         5277    i.osKernelStart     RTX_CM4.lib(rt_cmsis.o)
    0x0800abb0   0x00000018   Code   RO         5278    i.osKernelSysTick   RTX_CM4.lib(rt_cmsis.o)
    0x0800abc8   0x00000018   Code   RO         5286    i.osMessageGet      RTX_CM4.lib(rt_cmsis.o)
    0x0800abe0   0x0000002c   Code   RO         5288    i.osMutexCreate     RTX_CM4.lib(rt_cmsis.o)
    0x0800ac0c   0x00000018   Code   RO         5289    i.osMutexDelete     RTX_CM4.lib(rt_cmsis.o)
    0x0800ac24   0x00000018   Code   RO         5290    i.osMutexRelease    RTX_CM4.lib(rt_cmsis.o)
    0x0800ac3c   0x00000018   Code   RO         5291    i.osMutexWait       RTX_CM4.lib(rt_cmsis.o)
    0x0800ac54   0x0000002c   Code   RO         5296    i.osSemaphoreCreate  RTX_CM4.lib(rt_cmsis.o)
    0x0800ac80   0x00000018   Code   RO         5298    i.osSemaphoreRelease  RTX_CM4.lib(rt_cmsis.o)
    0x0800ac98   0x00000018   Code   RO         5299    i.osSemaphoreWait   RTX_CM4.lib(rt_cmsis.o)
    0x0800acb0   0x0000002c   Code   RO         5303    i.osThreadCreate    RTX_CM4.lib(rt_cmsis.o)
    0x0800acdc   0x00000018   Code   RO         5304    i.osThreadExit      RTX_CM4.lib(rt_cmsis.o)
    0x0800acf4   0x00000018   Code   RO         5309    i.osThreadYield     RTX_CM4.lib(rt_cmsis.o)
    0x0800ad0c   0x0000000c   Code   RO         5310    i.osTimerCall       RTX_CM4.lib(rt_cmsis.o)
    0x0800ad18   0x0000002c   Code   RO         5315    i.osTimerThread     RTX_CM4.lib(rt_cmsis.o)
    0x0800ad44   0x00000020   Code   RO         3525    i.os_error          rtx_conf_cm.o
    0x0800ad64   0x00000004   Code   RO         3526    i.os_idle_demon     rtx_conf_cm.o
    0x0800ad68   0x00000028   Code   RO         6041    i.os_tick_init      RTX_CM4.lib(rt_system.o)
    0x0800ad90   0x00000002   Code   RO         6042    i.os_tick_irqack    RTX_CM4.lib(rt_system.o)
    0x0800ad92   0x00000002   PAD
    0x0800ad94   0x00000010   Code   RO         6043    i.os_tick_ovf       RTX_CM4.lib(rt_system.o)
    0x0800ada4   0x00000014   Code   RO         6044    i.os_tick_val       RTX_CM4.lib(rt_system.o)
    0x0800adb8   0x00000018   Code   RO         3248    i.read_byte         gmouse_lld_ft5336.o
    0x0800add0   0x00000018   Code   RO         3249    i.read_word         gmouse_lld_ft5336.o
    0x0800ade8   0x00000064   Code   RO          775    i.render_left       gfx_mk.o
    0x0800ae4c   0x0000008a   Code   RO          776    i.render_right      gfx_mk.o
    0x0800aed6   0x00000060   Code   RO          777    i.resizeText        gfx_mk.o
    0x0800af36   0x0000001a   Code   RO         6362    i.rt_alloc_box      RTX_CM4.lib(rt_membox.o)
    0x0800af50   0x0000003e   Code   RO         6390    i.rt_alloc_mem      RTX_CM4.lib(rt_memory.o)
    0x0800af8e   0x00000002   PAD
    0x0800af90   0x00000038   Code   RO         5889    i.rt_block          RTX_CM4.lib(rt_task.o)
    0x0800afc8   0x00000048   Code   RO         6339    i.rt_chk_robin      RTX_CM4.lib(rt_robin.o)
    0x0800b010   0x00000070   Code   RO         6173    i.rt_dec_dly        RTX_CM4.lib(rt_list.o)
    0x0800b080   0x00000044   Code   RO         5890    i.rt_dispatch       RTX_CM4.lib(rt_task.o)
    0x0800b0c4   0x00000006   Code   RO         5973    i.rt_dly_wait       RTX_CM4.lib(rt_time.o)
    0x0800b0ca   0x00000002   PAD
    0x0800b0cc   0x00000050   Code   RO         6134    i.rt_evt_psh        RTX_CM4.lib(rt_event.o)
    0x0800b11c   0x0000002c   Code   RO         6363    i.rt_free_box       RTX_CM4.lib(rt_membox.o)
    0x0800b148   0x00000028   Code   RO         6391    i.rt_free_mem       RTX_CM4.lib(rt_memory.o)
    0x0800b170   0x00000028   Code   RO         6174    i.rt_get_first      RTX_CM4.lib(rt_list.o)
    0x0800b198   0x00000024   Code   RO         6175    i.rt_get_same_rdy_prio  RTX_CM4.lib(rt_list.o)
    0x0800b1bc   0x00000008   Code   RO         5320    i.rt_id2obj         RTX_CM4.lib(rt_cmsis.o)
    0x0800b1c4   0x00000048   Code   RO         5891    i.rt_init_context   RTX_CM4.lib(rt_task.o)
    0x0800b20c   0x0000001a   Code   RO         6392    i.rt_init_mem       RTX_CM4.lib(rt_memory.o)
    0x0800b226   0x00000002   PAD
    0x0800b228   0x00000018   Code   RO         6340    i.rt_init_robin     RTX_CM4.lib(rt_robin.o)
    0x0800b240   0x00000080   Code   RO         6417    i.rt_init_stack     RTX_CM4.lib(hal_cm.o)
    0x0800b2c0   0x00000008   Code   RO         6251    i.rt_mbx_check      RTX_CM4.lib(rt_mailbox.o)
    0x0800b2c8   0x0000001a   Code   RO         6252    i.rt_mbx_init       RTX_CM4.lib(rt_mailbox.o)
    0x0800b2e2   0x00000002   PAD
    0x0800b2e4   0x000000f0   Code   RO         6253    i.rt_mbx_psh        RTX_CM4.lib(rt_mailbox.o)
    0x0800b3d4   0x000000b4   Code   RO         6255    i.rt_mbx_wait       RTX_CM4.lib(rt_mailbox.o)
    0x0800b488   0x00000044   Code   RO         5321    i.rt_ms2tick        RTX_CM4.lib(rt_cmsis.o)
    0x0800b4cc   0x000000b0   Code   RO         6006    i.rt_mut_delete     RTX_CM4.lib(rt_mutex.o)
    0x0800b57c   0x00000010   Code   RO         6007    i.rt_mut_init       RTX_CM4.lib(rt_mutex.o)
    0x0800b58c   0x000000d8   Code   RO         6008    i.rt_mut_release    RTX_CM4.lib(rt_mutex.o)
    0x0800b664   0x00000078   Code   RO         6009    i.rt_mut_wait       RTX_CM4.lib(rt_mutex.o)
    0x0800b6dc   0x0000007c   Code   RO         6045    i.rt_pop_req        RTX_CM4.lib(rt_system.o)
    0x0800b758   0x00000020   Code   RO         6046    i.rt_psh_req        RTX_CM4.lib(rt_system.o)
    0x0800b778   0x0000005c   Code   RO         6176    i.rt_psq_enq        RTX_CM4.lib(rt_list.o)
    0x0800b7d4   0x00000048   Code   RO         6177    i.rt_put_dly        RTX_CM4.lib(rt_list.o)
    0x0800b81c   0x00000036   Code   RO         6178    i.rt_put_prio       RTX_CM4.lib(rt_list.o)
    0x0800b852   0x00000002   PAD
    0x0800b854   0x00000014   Code   RO         6179    i.rt_put_rdy_first  RTX_CM4.lib(rt_list.o)
    0x0800b868   0x00000034   Code   RO         6180    i.rt_resort_prio    RTX_CM4.lib(rt_list.o)
    0x0800b89c   0x00000010   Code   RO         6418    i.rt_ret_regs       RTX_CM4.lib(hal_cm.o)
    0x0800b8ac   0x0000000c   Code   RO         6419    i.rt_ret_val        RTX_CM4.lib(hal_cm.o)
    0x0800b8b8   0x00000010   Code   RO         6420    i.rt_ret_val2       RTX_CM4.lib(hal_cm.o)
    0x0800b8c8   0x00000028   Code   RO         6181    i.rt_rmv_dly        RTX_CM4.lib(rt_list.o)
    0x0800b8f0   0x00000030   Code   RO         6182    i.rt_rmv_list       RTX_CM4.lib(rt_list.o)
    0x0800b920   0x0000000c   Code   RO         6299    i.rt_sem_init       RTX_CM4.lib(rt_semaphore.o)
    0x0800b92c   0x00000034   Code   RO         6300    i.rt_sem_psh        RTX_CM4.lib(rt_semaphore.o)
    0x0800b960   0x0000002a   Code   RO         6301    i.rt_sem_send       RTX_CM4.lib(rt_semaphore.o)
    0x0800b98a   0x00000002   PAD
    0x0800b98c   0x00000040   Code   RO         6302    i.rt_sem_wait       RTX_CM4.lib(rt_semaphore.o)
    0x0800b9cc   0x00000024   Code   RO         6048    i.rt_stk_check      RTX_CM4.lib(rt_system.o)
    0x0800b9f0   0x00000028   Code   RO         5892    i.rt_switch_req     RTX_CM4.lib(rt_task.o)
    0x0800ba18   0x000000cc   Code   RO         5893    i.rt_sys_init       RTX_CM4.lib(rt_task.o)
    0x0800bae4   0x00000078   Code   RO         5894    i.rt_sys_start      RTX_CM4.lib(rt_task.o)
    0x0800bb5c   0x00000040   Code   RO         6050    i.rt_systick        RTX_CM4.lib(rt_system.o)
    0x0800bb9c   0x00000012   Code   RO         5322    i.rt_tid2ptcb       RTX_CM4.lib(rt_cmsis.o)
    0x0800bbae   0x00000002   PAD
    0x0800bbb0   0x00000034   Code   RO         5323    i.rt_timer_insert   RTX_CM4.lib(rt_cmsis.o)
    0x0800bbe4   0x00000088   Code   RO         5895    i.rt_tsk_create     RTX_CM4.lib(rt_task.o)
    0x0800bc6c   0x0000017c   Code   RO         5896    i.rt_tsk_delete     RTX_CM4.lib(rt_task.o)
    0x0800bde8   0x00000030   Code   RO         5897    i.rt_tsk_pass       RTX_CM4.lib(rt_task.o)
    0x0800be18   0x0000007c   Code   RO         5898    i.rt_tsk_prio       RTX_CM4.lib(rt_task.o)
    0x0800be94   0x00000010   Code   RO         5899    i.rt_tsk_self       RTX_CM4.lib(rt_task.o)
    0x0800bea4   0x00000040   Code   RO          779    i.sendListEvent     gfx_mk.o
    0x0800bee4   0x00000024   Code   RO         3110    i.set_backlight     gdisp_lld_stm32ltdc.o
    0x0800bf08   0x0000002e   Code   RO          780    i.skip_pixels       gfx_mk.o
    0x0800bf36   0x0000005c   Code   RO          782    i.strip_spaces      gfx_mk.o
    0x0800bf92   0x00000012   Code   RO         5325    i.svcDelay          RTX_CM4.lib(rt_cmsis.o)
    0x0800bfa4   0x00000070   Code   RO         5326    i.svcKernelInitialize  RTX_CM4.lib(rt_cmsis.o)
    0x0800c014   0x00000048   Code   RO         5328    i.svcKernelStart    RTX_CM4.lib(rt_cmsis.o)
    0x0800c05c   0x00000038   Code   RO         5329    i.svcKernelSysTick  RTX_CM4.lib(rt_cmsis.o)
    0x0800c094   0x00000024   Code   RO         5331    i.svcMessageCreate  RTX_CM4.lib(rt_cmsis.o)
    0x0800c0b8   0x0000003a   Code   RO         5332    i.svcMessageGet     RTX_CM4.lib(rt_cmsis.o)
    0x0800c0f2   0x0000001c   Code   RO         5334    i.svcMutexCreate    RTX_CM4.lib(rt_cmsis.o)
    0x0800c10e   0x0000001a   Code   RO         5335    i.svcMutexDelete    RTX_CM4.lib(rt_cmsis.o)
    0x0800c128   0x00000022   Code   RO         5336    i.svcMutexRelease   RTX_CM4.lib(rt_cmsis.o)
    0x0800c14a   0x0000003a   Code   RO         5337    i.svcMutexWait      RTX_CM4.lib(rt_cmsis.o)
    0x0800c184   0x00000024   Code   RO         5339    i.svcSemaphoreCreate  RTX_CM4.lib(rt_cmsis.o)
    0x0800c1a8   0x00000028   Code   RO         5341    i.svcSemaphoreRelease  RTX_CM4.lib(rt_cmsis.o)
    0x0800c1d0   0x00000032   Code   RO         5342    i.svcSemaphoreWait  RTX_CM4.lib(rt_cmsis.o)
    0x0800c202   0x00000002   PAD
    0x0800c204   0x0000006c   Code   RO         5346    i.svcThreadCreate   RTX_CM4.lib(rt_cmsis.o)
    0x0800c270   0x0000001c   Code   RO         5347    i.svcThreadGetId    RTX_CM4.lib(rt_cmsis.o)
    0x0800c28c   0x00000038   Code   RO         5350    i.svcThreadTerminate  RTX_CM4.lib(rt_cmsis.o)
    0x0800c2c4   0x0000000a   Code   RO         5351    i.svcThreadYield    RTX_CM4.lib(rt_cmsis.o)
    0x0800c2ce   0x00000018   Code   RO         5352    i.svcTimerCall      RTX_CM4.lib(rt_cmsis.o)
    0x0800c2e6   0x00000002   PAD
    0x0800c2e8   0x0000005c   Code   RO         5361    i.sysTimerTick      RTX_CM4.lib(rt_cmsis.o)
    0x0800c344   0x00000050   Code   RO          783    i.testopen          gfx_mk.o
    0x0800c394   0x000000a6   Code   RO          784    i.vline_clip        gfx_mk.o
    0x0800c43a   0x0000005c   Code   RO          785    i.write_bin_codeword  gfx_mk.o
    0x0800c496   0x00000038   Code   RO          786    i.write_glyph_codeword  gfx_mk.o
    0x0800c4ce   0x00000068   Code   RO          787    i.write_pixels      gfx_mk.o
    0x0800c536   0x00000050   Code   RO          788    i.write_ref_codeword  gfx_mk.o
    0x0800c586   0x00000040   Code   RO          789    i.write_ref_dictentry  gfx_mk.o
    0x0800c5c6   0x00000002   PAD
    0x0800c5c8   0x0000001c   Code   RO         3250    i.write_reg         gmouse_lld_ft5336.o
    0x0800c5e4   0x000000a4   Code   RO          790    i.write_rle_dictentry  gfx_mk.o
    0x0800c688   0x0000000a   Code   RO         6632    x$fpl$fpinit        fz_wm.l(fpinit.o)
    0x0800c692   0x0000001c   Data   RO          346    .constdata          gui.o
    0x0800c6ae   0x00000002   PAD
    0x0800c6b0   0x0000511c   Data   RO          792    .constdata          gfx_mk.o
    0x080117cc   0x000000d0   Data   RO         3111    .constdata          gdisp_lld_stm32ltdc.o
    0x0801189c   0x0000003c   Data   RO         3251    .constdata          gmouse_lld_ft5336.o
    0x080118d8   0x00000068   Data   RO         3528    .constdata          rtx_conf_cm.o
    0x08011940   0x00000008   Data   RO         3895    .constdata          stm32f7xx_hal_dma.o
    0x08011948   0x00000010   Data   RO         5234    .constdata          system_stm32f7xx.o
    0x08011958   0x00000129   Data   RO          793    .conststring        gfx_mk.o
    0x08011a81   0x00000003   PAD
    0x08011a84   0x00000000   Data   RO         6666    Region$$Table       anon$$obj.o


    Execution Region RW_IRAM1 (Base: 0x20010000, Size: 0x0003e6b0, Max: 0x00040000, ABSOLUTE)

    Base Addr    Size         Type   Attr      Idx    E Section Name        Object

    0x20010000   0x0000002c   Data   RW          347    .data               gui.o
    0x2001002c   0x000000e4   Data   RW          794    .data               gfx_mk.o
    0x20010110   0x00000002   Data   RW         3392    .data               stm32746g_discovery_sdram.o
    0x20010112   0x00000002   PAD
    0x20010114   0x00000014   Data   RW         3529    .data               rtx_conf_cm.o
    0x20010128   0x00000004   Data   RW         5235    .data               system_stm32f7xx.o
    0x2001012c   0x00000008   Data   RW         5364    .data               RTX_CM4.lib(rt_cmsis.o)
    0x20010134   0x00000008   Data   RW         5901    .data               RTX_CM4.lib(rt_task.o)
    0x2001013c   0x00000004   Data   RW         5977    .data               RTX_CM4.lib(rt_time.o)
    0x20010140   0x00000008   Data   RW         6053    .data               RTX_CM4.lib(rt_system.o)
    0x20010148   0x00000008   Data   RW         6341    .data               RTX_CM4.lib(rt_robin.o)
    0x20010150   0x00000001   Data   RW         6421    .data               RTX_CM4.lib(hal_cm.o)
    0x20010151   0x00000003   PAD
    0x20010154   0x00000054   Zero   RW          345    .bss                gui.o
    0x200101a8   0x000052b0   Zero   RW          791    .bss                gfx_mk.o
    0x20015458   0x00000120   Zero   RW         3391    .bss                stm32746g_discovery_sdram.o
    0x20015578   0x00038a70   Zero   RW         3527    .bss                rtx_conf_cm.o
    0x2004dfe8   0x00000034   Zero   RW         5900    .bss                RTX_CM4.lib(rt_task.o)
    0x2004e01c   0x00000030   Zero   RW         6183    .bss                RTX_CM4.lib(rt_list.o)
    0x2004e04c   0x00000060   Zero   RW         6483    .bss                c_w.l(libspace.o)
    0x2004e0ac   0x00000004   PAD
    0x2004e0b0   0x00000200   Zero   RW         5223    HEAP                startup_stm32f746xx.o
    0x2004e2b0   0x00000400   Zero   RW         5222    STACK               startup_stm32f746xx.o

