Component: ARM Compiler 5.06 update 4 (build 422) Tool: armlink [4d35d2]

==============================================================================

Section Cross References

    stm32f7xx_it.o(i.SysTick_Handler) refers to stm32f7xx_hal.o(i.HAL_IncTick) for HAL_IncTick
    stm32f7xx_it.o(i.SysTick_Handler) refers to stm32f7xx_hal_cortex.o(i.HAL_SYSTICK_IRQHandler) for HAL_SYSTICK_IRQHandler
    fatfs.o(i.MX_FATFS_Init) refers to ff_gen_drv.o(i.FATFS_LinkDriver) for FATFS_LinkDriver
    fatfs.o(i.MX_FATFS_Init) refers to fatfs.o(.data) for SDRAMDISK_Path
    fatfs.o(i.MX_FATFS_Init) refers to sdram_diskio.o(.constdata) for SDRAMDISK_Driver
    main.o(i.MX_ADC3_Init) refers to stm32f7xx_hal_adc.o(i.HAL_ADC_Init) for HAL_ADC_Init
    main.o(i.MX_ADC3_Init) refers to main.o(i._Error_Handler) for _Error_Handler
    main.o(i.MX_ADC3_Init) refers to stm32f7xx_hal_adc.o(i.HAL_ADC_ConfigChannel) for HAL_ADC_ConfigChannel
    main.o(i.MX_ADC3_Init) refers to main.o(.bss) for hadc3
    main.o(i.MX_FMC_Init) refers to stm32f7xx_hal_sdram.o(i.HAL_SDRAM_Init) for HAL_SDRAM_Init
    main.o(i.MX_FMC_Init) refers to main.o(i._Error_Handler) for _Error_Handler
    main.o(i.MX_FMC_Init) refers to main.o(.bss) for hsdram1
    main.o(i.MX_GPIO_Init) refers to stm32f7xx_hal_gpio.o(i.HAL_GPIO_WritePin) for HAL_GPIO_WritePin
    main.o(i.MX_GPIO_Init) refers to stm32f7xx_hal_gpio.o(i.HAL_GPIO_Init) for HAL_GPIO_Init
    main.o(i.MX_I2C1_Init) refers to stm32f7xx_hal_i2c.o(i.HAL_I2C_Init) for HAL_I2C_Init
    main.o(i.MX_I2C1_Init) refers to main.o(i._Error_Handler) for _Error_Handler
    main.o(i.MX_I2C1_Init) refers to stm32f7xx_hal_i2c_ex.o(i.HAL_I2CEx_ConfigAnalogFilter) for HAL_I2CEx_ConfigAnalogFilter
    main.o(i.MX_I2C1_Init) refers to stm32f7xx_hal_i2c_ex.o(i.HAL_I2CEx_ConfigDigitalFilter) for HAL_I2CEx_ConfigDigitalFilter
    main.o(i.MX_I2C1_Init) refers to main.o(.bss) for hi2c1
    main.o(i.MX_I2C3_Init) refers to stm32f7xx_hal_i2c.o(i.HAL_I2C_Init) for HAL_I2C_Init
    main.o(i.MX_I2C3_Init) refers to main.o(i._Error_Handler) for _Error_Handler
    main.o(i.MX_I2C3_Init) refers to stm32f7xx_hal_i2c_ex.o(i.HAL_I2CEx_ConfigAnalogFilter) for HAL_I2CEx_ConfigAnalogFilter
    main.o(i.MX_I2C3_Init) refers to stm32f7xx_hal_i2c_ex.o(i.HAL_I2CEx_ConfigDigitalFilter) for HAL_I2CEx_ConfigDigitalFilter
    main.o(i.MX_I2C3_Init) refers to main.o(.bss) for hi2c3
    main.o(i.MX_LTDC_Init) refers to stm32f7xx_hal_ltdc.o(i.HAL_LTDC_Init) for HAL_LTDC_Init
    main.o(i.MX_LTDC_Init) refers to main.o(i._Error_Handler) for _Error_Handler
    main.o(i.MX_LTDC_Init) refers to stm32f7xx_hal_ltdc.o(i.HAL_LTDC_ConfigLayer) for HAL_LTDC_ConfigLayer
    main.o(i.MX_LTDC_Init) refers to main.o(.bss) for hltdc
    main.o(i.MX_QUADSPI_Init) refers to stm32f7xx_hal_qspi.o(i.HAL_QSPI_Init) for HAL_QSPI_Init
    main.o(i.MX_QUADSPI_Init) refers to main.o(i._Error_Handler) for _Error_Handler
    main.o(i.MX_QUADSPI_Init) refers to main.o(.bss) for hqspi
    main.o(i.MX_RTC_Init) refers to stm32f7xx_hal_rtc.o(i.HAL_RTC_Init) for HAL_RTC_Init
    main.o(i.MX_RTC_Init) refers to main.o(i._Error_Handler) for _Error_Handler
    main.o(i.MX_RTC_Init) refers to stm32f7xx_hal_rtc_ex.o(i.HAL_RTCEx_BKUPRead) for HAL_RTCEx_BKUPRead
    main.o(i.MX_RTC_Init) refers to stm32f7xx_hal_rtc.o(i.HAL_RTC_SetTime) for HAL_RTC_SetTime
    main.o(i.MX_RTC_Init) refers to stm32f7xx_hal_rtc.o(i.HAL_RTC_SetDate) for HAL_RTC_SetDate
    main.o(i.MX_RTC_Init) refers to stm32f7xx_hal_rtc_ex.o(i.HAL_RTCEx_BKUPWrite) for HAL_RTCEx_BKUPWrite
    main.o(i.MX_RTC_Init) refers to stm32f7xx_hal_rtc.o(i.HAL_RTC_SetAlarm) for HAL_RTC_SetAlarm
    main.o(i.MX_RTC_Init) refers to stm32f7xx_hal_rtc_ex.o(i.HAL_RTCEx_SetTimeStamp) for HAL_RTCEx_SetTimeStamp
    main.o(i.MX_RTC_Init) refers to main.o(.bss) for hrtc
    main.o(i.MX_SDMMC1_SD_Init) refers to stm32f7xx_hal_sd.o(i.HAL_SD_Init) for HAL_SD_Init
    main.o(i.MX_SDMMC1_SD_Init) refers to main.o(i._Error_Handler) for _Error_Handler
    main.o(i.MX_SDMMC1_SD_Init) refers to stm32f7xx_hal_sd.o(i.HAL_SD_ConfigWideBusOperation) for HAL_SD_ConfigWideBusOperation
    main.o(i.MX_SDMMC1_SD_Init) refers to main.o(.bss) for hsd1
    main.o(i.MX_SPDIFRX_Init) refers to stm32f7xx_hal_spdifrx.o(i.HAL_SPDIFRX_Init) for HAL_SPDIFRX_Init
    main.o(i.MX_SPDIFRX_Init) refers to main.o(i._Error_Handler) for _Error_Handler
    main.o(i.MX_SPDIFRX_Init) refers to main.o(.bss) for hspdif
    main.o(i.MX_SPI2_Init) refers to stm32f7xx_hal_spi.o(i.HAL_SPI_Init) for HAL_SPI_Init
    main.o(i.MX_SPI2_Init) refers to main.o(i._Error_Handler) for _Error_Handler
    main.o(i.MX_SPI2_Init) refers to main.o(.bss) for hspi2
    main.o(i.MX_TIM12_Init) refers to stm32f7xx_hal_tim.o(i.HAL_TIM_PWM_Init) for HAL_TIM_PWM_Init
    main.o(i.MX_TIM12_Init) refers to main.o(i._Error_Handler) for _Error_Handler
[...]
    __aeabi_memcpy8                          0x00200249   Thumb Code     0  memcpya.o(.text)
    __aeabi_memset                           0x0020026d   Thumb Code    14  memseta.o(.text)
    __aeabi_memset4                          0x0020026d   Thumb Code     0  memseta.o(.text)
    __aeabi_memset8                          0x0020026d   Thumb Code     0  memseta.o(.text)
    __aeabi_memclr                           0x0020027b   Thumb Code     4  memseta.o(.text)
    __aeabi_memclr4                          0x0020027b   Thumb Code     0  memseta.o(.text)
    __aeabi_memclr8                          0x0020027b   Thumb Code     0  memseta.o(.text)
    _memset$wrapper                          0x0020027f   Thumb Code    18  memseta.o(.text)
    strlen                                   0x00200291   Thumb Code    14  strlen.o(.text)
    strcmp                                   0x0020029f   Thumb Code    28  strcmp.o(.text)
    __scatterload                            0x002002bd   Thumb Code    28  init.o(.text)
    __scatterload_rt2                        0x002002bd   Thumb Code     0  init.o(.text)
    __decompress                             0x002002e1   Thumb Code     0  __dczerorl2.o(.text)
    __decompress1                            0x002002e1   Thumb Code    86  __dczerorl2.o(.text)
    BSP_SDRAM_Init                           0x002004b1   Thumb Code   102  stm32f746g_discovery_sdram.o(i.BSP_SDRAM_Init)
    FATFS_LinkDriver                         0x00201379   Thumb Code    18  ff_gen_drv.o(i.FATFS_LinkDriver)
    FATFS_LinkDriverEx                       0x0020138d   Thumb Code    78  ff_gen_drv.o(i.FATFS_LinkDriverEx)
    FMC_SDRAM_Init                           0x002013e1   Thumb Code   116  stm32f7xx_ll_fmc.o(i.FMC_SDRAM_Init)
    FMC_SDRAM_Timing_Init                    0x00201455   Thumb Code   152  stm32f7xx_ll_fmc.o(i.FMC_SDRAM_Timing_Init)
    HAL_ADC_ConfigChannel                    0x00201ab5   Thumb Code   414  stm32f7xx_hal_adc.o(i.HAL_ADC_ConfigChannel)
    HAL_ADC_Init                             0x00201c69   Thumb Code   100  stm32f7xx_hal_adc.o(i.HAL_ADC_Init)
    HAL_ADC_MspInit                          0x00201cd1   Thumb Code    88  stm32f7xx_hal_msp.o(i.HAL_ADC_MspInit)
    HAL_Delay                                0x00201d39   Thumb Code    26  stm32f7xx_hal.o(i.HAL_Delay)
    HAL_GPIO_Init                            0x00201e59   Thumb Code   484  stm32f7xx_hal_gpio.o(i.HAL_GPIO_Init)
    HAL_GPIO_WritePin                        0x00202071   Thumb Code    12  stm32f7xx_hal_gpio.o(i.HAL_GPIO_WritePin)
    HAL_GetTick                              0x0020207d   Thumb Code     6  stm32f7xx_hal.o(i.HAL_GetTick)
    HAL_I2CEx_ConfigAnalogFilter             0x00202089   Thumb Code   106  stm32f7xx_hal_i2c_ex.o(i.HAL_I2CEx_ConfigAnalogFilter)
    HAL_I2CEx_ConfigDigitalFilter            0x002020f3   Thumb Code   106  stm32f7xx_hal_i2c_ex.o(i.HAL_I2CEx_ConfigDigitalFilter)
    HAL_I2C_Init                             0x0020215d   Thumb Code   192  stm32f7xx_hal_i2c.o(i.HAL_I2C_Init)
    HAL_I2C_MspInit                          0x00202221   Thumb Code   142  stm32f7xx_hal_msp.o(i.HAL_I2C_MspInit)
    HAL_IncTick                              0x002022c5   Thumb Code    12  stm32f7xx_hal.o(i.HAL_IncTick)
    HAL_Init                                 0x002022d5   Thumb Code    34  stm32f7xx_hal.o(i.HAL_Init)
    HAL_InitTick                             0x002022fd   Thumb Code    36  stm32f7xx_hal.o(i.HAL_InitTick)
    HAL_LTDC_ConfigLayer                     0x00202325   Thumb Code    94  stm32f7xx_hal_ltdc.o(i.HAL_LTDC_ConfigLayer)
    HAL_LTDC_Init                            0x00202385   Thumb Code   290  stm32f7xx_hal_ltdc.o(i.HAL_LTDC_Init)
    HAL_LTDC_MspInit                         0x002024ad   Thumb Code   182  stm32f7xx_hal_msp.o(i.HAL_LTDC_MspInit)
    HAL_MspInit                              0x00202581   Thumb Code    86  stm32f7xx_hal_msp.o(i.HAL_MspInit)
    HAL_NVIC_SetPriority                     0x002025d7   Thumb Code   124  stm32f7xx_hal_cortex.o(i.HAL_NVIC_SetPriority)
    HAL_NVIC_SetPriorityGrouping             0x00202655   Thumb Code    32  stm32f7xx_hal_cortex.o(i.HAL_NVIC_SetPriorityGrouping)
    HAL_PWREx_EnableOverDrive                0x0020267d   Thumb Code   136  stm32f7xx_hal_pwr_ex.o(i.HAL_PWREx_EnableOverDrive)
    HAL_QSPI_Init                            0x0020270d   Thumb Code   208  stm32f7xx_hal_qspi.o(i.HAL_QSPI_Init)
    HAL_QSPI_MspInit                         0x002027e5   Thumb Code   160  stm32f7xx_hal_msp.o(i.HAL_QSPI_MspInit)
    HAL_QSPI_SetTimeout                      0x00202899   Thumb Code     4  stm32f7xx_hal_qspi.o(i.HAL_QSPI_SetTimeout)
    HAL_RCCEx_PeriphCLKConfig                0x0020289d   Thumb Code  2322  stm32f7xx_hal_rcc_ex.o(i.HAL_RCCEx_PeriphCLKConfig)
    HAL_RCC_ClockConfig                      0x002031b5   Thumb Code   420  stm32f7xx_hal_rcc.o(i.HAL_RCC_ClockConfig)
    HAL_RCC_GetHCLKFreq                      0x00203369   Thumb Code     6  stm32f7xx_hal_rcc.o(i.HAL_RCC_GetHCLKFreq)
    HAL_RCC_GetPCLK1Freq                     0x00203375   Thumb Code    36  stm32f7xx_hal_rcc.o(i.HAL_RCC_GetPCLK1Freq)
    HAL_RCC_GetPCLK2Freq                     0x002033a1   Thumb Code    36  stm32f7xx_hal_rcc.o(i.HAL_RCC_GetPCLK2Freq)
    HAL_RCC_GetSysClockFreq                  0x002033cd   Thumb Code   168  stm32f7xx_hal_rcc.o(i.HAL_RCC_GetSysClockFreq)
    HAL_RCC_OscConfig                        0x00203481   Thumb Code  1252  stm32f7xx_hal_rcc.o(i.HAL_RCC_OscConfig)
    HAL_RTCEx_BKUPRead                       0x00203969   Thumb Code    18  stm32f7xx_hal_rtc_ex.o(i.HAL_RTCEx_BKUPRead)
    HAL_RTCEx_BKUPWrite                      0x0020397b   Thumb Code    18  stm32f7xx_hal_rtc_ex.o(i.HAL_RTCEx_BKUPWrite)
    HAL_RTCEx_SetTimeStamp                   0x0020398d   Thumb Code   122  stm32f7xx_hal_rtc_ex.o(i.HAL_RTCEx_SetTimeStamp)
    HAL_RTC_Init                             0x00203a09   Thumb Code   176  stm32f7xx_hal_rtc.o(i.HAL_RTC_Init)
    HAL_RTC_MspInit                          0x00203abd   Thumb Code    22  stm32f7xx_hal_msp.o(i.HAL_RTC_MspInit)
    HAL_RTC_SetAlarm                         0x00203add   Thumb Code   488  stm32f7xx_hal_rtc.o(i.HAL_RTC_SetAlarm)
    HAL_RTC_SetDate                          0x00203cc5   Thumb Code   270  stm32f7xx_hal_rtc.o(i.HAL_RTC_SetDate)
    HAL_RTC_SetTime                          0x00203dd9   Thumb Code   304  stm32f7xx_hal_rtc.o(i.HAL_RTC_SetTime)
    HAL_RTC_WaitForSynchro                   0x00203f0d   Thumb Code    58  stm32f7xx_hal_rtc.o(i.HAL_RTC_WaitForSynchro)
    HAL_SDRAM_Init                           0x00203f47   Thumb Code    64  stm32f7xx_hal_sdram.o(i.HAL_SDRAM_Init)
    HAL_SDRAM_MspInit                        0x00203f87   Thumb Code    10  stm32f7xx_hal_msp.o(i.HAL_SDRAM_MspInit)
    HAL_SD_ConfigWideBusOperation            0x00203f91   Thumb Code   168  stm32f7xx_hal_sd.o(i.HAL_SD_ConfigWideBusOperation)
    HAL_SD_GetCardCSD                        0x00204039   Thumb Code   496  stm32f7xx_hal_sd.o(i.HAL_SD_GetCardCSD)
    HAL_SD_Init                              0x00204229   Thumb Code    54  stm32f7xx_hal_sd.o(i.HAL_SD_Init)
    HAL_SD_InitCard                          0x0020425f   Thumb Code   136  stm32f7xx_hal_sd.o(i.HAL_SD_InitCard)
    HAL_SD_MspInit                           0x002042e9   Thumb Code   104  stm32f7xx_hal_msp.o(i.HAL_SD_MspInit)
    HAL_SPDIFRX_Init                         0x00204361   Thumb Code   116  stm32f7xx_hal_spdifrx.o(i.HAL_SPDIFRX_Init)
    HAL_SPDIFRX_MspInit                      0x002043d9   Thumb Code    72  stm32f7xx_hal_msp.o(i.HAL_SPDIFRX_MspInit)
    HAL_SPI_Init                             0x00204429   Thumb Code   204  stm32f7xx_hal_spi.o(i.HAL_SPI_Init)
    HAL_SPI_MspInit                          0x002044f5   Thumb Code    98  stm32f7xx_hal_msp.o(i.HAL_SPI_MspInit)
    HAL_SYSTICK_CLKSourceConfig              0x00204569   Thumb Code    40  stm32f7xx_hal_cortex.o(i.HAL_SYSTICK_CLKSourceConfig)
    HAL_SYSTICK_Callback                     0x00204591   Thumb Code     2  stm32f7xx_hal_cortex.o(i.HAL_SYSTICK_Callback)
    HAL_SYSTICK_Config                       0x00204593   Thumb Code    52  stm32f7xx_hal_cortex.o(i.HAL_SYSTICK_Config)
    HAL_SYSTICK_IRQHandler                   0x002045c7   Thumb Code     8  stm32f7xx_hal_cortex.o(i.HAL_SYSTICK_IRQHandler)
    HAL_TIMEx_ConfigBreakDeadTime            0x002045d1   Thumb Code   188  stm32f7xx_hal_tim_ex.o(i.HAL_TIMEx_ConfigBreakDeadTime)
    HAL_TIMEx_MasterConfigSynchronization    0x00204695   Thumb Code    98  stm32f7xx_hal_tim_ex.o(i.HAL_TIMEx_MasterConfigSynchronization)
    HAL_TIM_Base_Init                        0x00204701   Thumb Code    52  stm32f7xx_hal_tim.o(i.HAL_TIM_Base_Init)
    HAL_TIM_Base_MspInit                     0x00204735   Thumb Code   196  stm32f7xx_hal_msp.o(i.HAL_TIM_Base_MspInit)
    HAL_TIM_ConfigClockSource                0x0020480d   Thumb Code   308  stm32f7xx_hal_tim.o(i.HAL_TIM_ConfigClockSource)
    HAL_TIM_MspPostInit                      0x00204945   Thumb Code   190  stm32f7xx_hal_msp.o(i.HAL_TIM_MspPostInit)
    HAL_TIM_PWM_ConfigChannel                0x00204a25   Thumb Code   372  stm32f7xx_hal_tim_ex.o(i.HAL_TIM_PWM_ConfigChannel)
    HAL_TIM_PWM_Init                         0x00204b99   Thumb Code    52  stm32f7xx_hal_tim.o(i.HAL_TIM_PWM_Init)
    HAL_TIM_PWM_MspInit                      0x00204bcd   Thumb Code    40  stm32f7xx_hal_msp.o(i.HAL_TIM_PWM_MspInit)
    HAL_UART_Init                            0x00204bfd   Thumb Code   120  stm32f7xx_hal_uart.o(i.HAL_UART_Init)
    HAL_UART_MspInit                         0x00204c75   Thumb Code   166  stm32f7xx_hal_msp.o(i.HAL_UART_MspInit)
    MX_FATFS_Init                            0x002055e1   Thumb Code    16  fatfs.o(i.MX_FATFS_Init)
    RTC_Bcd2ToByte                           0x002065c3   Thumb Code    22  stm32f7xx_hal_rtc.o(i.RTC_Bcd2ToByte)
    RTC_ByteToBcd2                           0x002065d9   Thumb Code    26  stm32f7xx_hal_rtc.o(i.RTC_ByteToBcd2)
    RTC_EnterInitMode                        0x002065f3   Thumb Code    62  stm32f7xx_hal_rtc.o(i.RTC_EnterInitMode)
    SDMMC_CmdAppCommand                      0x002066e9   Thumb Code    58  stm32f7xx_ll_sdmmc.o(i.SDMMC_CmdAppCommand)
    SDMMC_CmdAppOperCommand                  0x00206725   Thumb Code    56  stm32f7xx_ll_sdmmc.o(i.SDMMC_CmdAppOperCommand)
    SDMMC_CmdBlockLength                     0x00206761   Thumb Code    58  stm32f7xx_ll_sdmmc.o(i.SDMMC_CmdBlockLength)
    SDMMC_CmdBusWidth                        0x0020679b   Thumb Code    58  stm32f7xx_ll_sdmmc.o(i.SDMMC_CmdBusWidth)
    SDMMC_CmdGoIdleState                     0x002067d5   Thumb Code    46  stm32f7xx_ll_sdmmc.o(i.SDMMC_CmdGoIdleState)
    SDMMC_CmdOperCond                        0x00206803   Thumb Code    54  stm32f7xx_ll_sdmmc.o(i.SDMMC_CmdOperCond)
    SDMMC_CmdSelDesel                        0x00206839   Thumb Code    60  stm32f7xx_ll_sdmmc.o(i.SDMMC_CmdSelDesel)
    SDMMC_CmdSendCID                         0x00206875   Thumb Code    52  stm32f7xx_ll_sdmmc.o(i.SDMMC_CmdSendCID)
    SDMMC_CmdSendCSD                         0x002068a9   Thumb Code    52  stm32f7xx_ll_sdmmc.o(i.SDMMC_CmdSendCSD)
    SDMMC_CmdSendSCR                         0x002068dd   Thumb Code    58  stm32f7xx_ll_sdmmc.o(i.SDMMC_CmdSendSCR)
    SDMMC_CmdSetRelAdd                       0x00206917   Thumb Code    58  stm32f7xx_ll_sdmmc.o(i.SDMMC_CmdSetRelAdd)
    SDMMC_ConfigData                         0x00206951   Thumb Code    44  stm32f7xx_ll_sdmmc.o(i.SDMMC_ConfigData)
    SDMMC_GetCommandResponse                 0x00206d15   Thumb Code     8  stm32f7xx_ll_sdmmc.o(i.SDMMC_GetCommandResponse)
    SDMMC_GetPowerState                      0x00206d1d   Thumb Code    10  stm32f7xx_ll_sdmmc.o(i.SDMMC_GetPowerState)
    SDMMC_GetResponse                        0x00206d27   Thumb Code    22  stm32f7xx_ll_sdmmc.o(i.SDMMC_GetResponse)
    SDMMC_Init                               0x00206d3d   Thumb Code    52  stm32f7xx_ll_sdmmc.o(i.SDMMC_Init)
    SDMMC_PowerState_ON                      0x00206d71   Thumb Code    10  stm32f7xx_ll_sdmmc.o(i.SDMMC_PowerState_ON)
    SDMMC_ReadFIFO                           0x00206d7b   Thumb Code     8  stm32f7xx_ll_sdmmc.o(i.SDMMC_ReadFIFO)
    SDMMC_SendCommand                        0x00206d83   Thumb Code    40  stm32f7xx_ll_sdmmc.o(i.SDMMC_SendCommand)
    SDRAMDISK_initialize                     0x00206dad   Thumb Code    32  sdram_diskio.o(i.SDRAMDISK_initialize)
    SDRAMDISK_ioctl                          0x00206dd1   Thumb Code    78  sdram_diskio.o(i.SDRAMDISK_ioctl)
    SDRAMDISK_read                           0x00206e25   Thumb Code    34  sdram_diskio.o(i.SDRAMDISK_read)
    SDRAMDISK_status                         0x00206e49   Thumb Code    24  sdram_diskio.o(i.SDRAMDISK_status)
    SDRAMDISK_write                          0x00206e65   Thumb Code    36  sdram_diskio.o(i.SDRAMDISK_write)
    SysTick_Handler                          0x00207779   Thumb Code    12  stm32f7xx_it.o(i.SysTick_Handler)
    SystemClock_Config                       0x00207785   Thumb Code   290  main.o(i.SystemClock_Config)
    SystemInit                               0x002078c5   Thumb Code    82  system_stm32f7xx.o(i.SystemInit)
    TIM_Base_SetConfig                       0x00207929   Thumb Code   196  stm32f7xx_hal_tim.o(i.TIM_Base_SetConfig)
    TIM_ETR_SetConfig                        0x00207a19   Thumb Code    24  stm32f7xx_hal_tim.o(i.TIM_ETR_SetConfig)
    TIM_OC1_SetConfig                        0x00207a45   Thumb Code   102  stm32f7xx_hal_tim.o(i.TIM_OC1_SetConfig)
    TIM_OC2_SetConfig                        0x00207ab9   Thumb Code   112  stm32f7xx_hal_tim.o(i.TIM_OC2_SetConfig)
    TIM_OC3_SetConfig                        0x00207b35   Thumb Code   110  stm32f7xx_hal_tim.o(i.TIM_OC3_SetConfig)
    TIM_OC4_SetConfig                        0x00207bb1   Thumb Code    88  stm32f7xx_hal_tim.o(i.TIM_OC4_SetConfig)
    UART_AdvFeatureConfig                    0x00207ea7   Thumb Code   234  stm32f7xx_hal_uart.o(i.UART_AdvFeatureConfig)
    UART_CheckIdleState                      0x00207f91   Thumb Code    78  stm32f7xx_hal_uart.o(i.UART_CheckIdleState)
    UART_SetConfig                           0x00207fe1   Thumb Code   858  stm32f7xx_hal_uart.o(i.UART_SetConfig)
    UART_WaitOnFlagUntilTimeout              0x0020836d   Thumb Code   108  stm32f7xx_hal_uart.o(i.UART_WaitOnFlagUntilTimeout)
    _Error_Handler                           0x00208b85   Thumb Code     4  main.o(i._Error_Handler)
    free                                     0x00209d71   Thumb Code    88  mallocr.o(i.__free$realloc)
    malloc                                   0x00209dcd   Thumb Code    64  mallocr.o(i.__malloc$realloc)
    __scatterload_copy                       0x00209e1d   Thumb Code    14  handlers.o(i.__scatterload_copy)
    __scatterload_null                       0x00209e2b   Thumb Code     2  handlers.o(i.__scatterload_null)
    __scatterload_zeroinit                   0x00209e2d   Thumb Code    14  handlers.o(i.__scatterload_zeroinit)
    _gcontainerDestroy                       0x00209e3b   Thumb Code    30  gfx_mk.o(i._gcontainerDestroy)
    _gcontainerInit                          0x00209e59   Thumb Code     2  gfx_mk.o(i._gcontainerInit)
    _gdispDeInitDriver                       0x00209e5d   Thumb Code    26  gfx_mk.o(i._gdispDeInitDriver)
    _gdispInit                               0x00209e7d   Thumb Code    70  gfx_mk.o(i._gdispInit)
    _gdispInitDriver                         0x00209ecd   Thumb Code    60  gfx_mk.o(i._gdispInitDriver)
    _gdispPostInitDriver                     0x00209f09   Thumb Code    56  gfx_mk.o(i._gdispPostInitDriver)
    _gdriverInit                             0x00209f49   Thumb Code     2  gfx_mk.o(i._gdriverInit)
    _geventInit                              0x00209f4d   Thumb Code    10  gfx_mk.o(i._geventInit)
    _gfileInit                               0x00209f5d   Thumb Code     2  gfx_mk.o(i._gfileInit)
    _ginputInit                              0x00209f5f   Thumb Code     8  gfx_mk.o(i._ginputInit)
    _gmouseDeInitDriver                      0x00209f67   Thumb Code     2  gfx_mk.o(i._gmouseDeInitDriver)
    _gmouseInit                              0x00209f69   Thumb Code    24  gfx_mk.o(i._gmouseInit)
    _gmouseInitDriver                        0x00209f89   Thumb Code    74  gfx_mk.o(i._gmouseInitDriver)
    _gmousePostInitDriver                    0x00209fdd   Thumb Code    74  gfx_mk.o(i._gmousePostInitDriver)
    _gosHeapInit                             0x0020a027   Thumb Code     2  gfx_mk.o(i._gosHeapInit)
    _gosInit                                 0x0020a029   Thumb Code    12  gfx_mk.o(i._gosInit)
    _gosPostInit                             0x0020a035   Thumb Code     2  gfx_mk.o(i._gosPostInit)
    _gosThreadsInit                          0x0020a039   Thumb Code    36  gfx_mk.o(i._gosThreadsInit)
    _gqueueInit                              0x0020a069   Thumb Code     2  gfx_mk.o(i._gqueueInit)
    _gtimerInit                              0x0020a06d   Thumb Code    30  gfx_mk.o(i._gtimerInit)
    _gwidgetCreate                           0x0020a099   Thumb Code   102  gfx_mk.o(i._gwidgetCreate)
    _gwidgetDestroy                          0x0020a109   Thumb Code    48  gfx_mk.o(i._gwidgetDestroy)
    _gwidgetDrawFocusRect                    0x0020a139   Thumb Code   102  gfx_mk.o(i._gwidgetDrawFocusRect)
    _gwidgetInit                             0x0020a1a5   Thumb Code    60  gfx_mk.o(i._gwidgetInit)
    _gwidgetRedraw                           0x0020a1e9   Thumb Code    26  gfx_mk.o(i._gwidgetRedraw)
    _gwinDestroy                             0x0020a205   Thumb Code   100  gfx_mk.o(i._gwinDestroy)
    _gwinFixFocus                            0x0020a26d   Thumb Code   110  gfx_mk.o(i._gwinFixFocus)
    _gwinFlushRedraws                        0x0020a2e5   Thumb Code   396  gfx_mk.o(i._gwinFlushRedraws)
    _gwinInit                                0x0020a481   Thumb Code    16  gfx_mk.o(i._gwinInit)
    _gwinMoveFocus                           0x0020a491   Thumb Code    54  gfx_mk.o(i._gwinMoveFocus)
    _gwinRippleVisibility                    0x0020a4cd   Thumb Code   178  gfx_mk.o(i._gwinRippleVisibility)
    _gwinSendEvent                           0x0020a585   Thumb Code    52  gfx_mk.o(i._gwinSendEvent)
    _gwinUpdate                              0x0020a5bd   Thumb Code    44  gfx_mk.o(i._gwinUpdate)
    _gwinWMAdd                               0x0020a5f1   Thumb Code    84  gfx_mk.o(i._gwinWMAdd)
    _gwindowCreate                           0x0020a649   Thumb Code   118  gfx_mk.o(i._gwindowCreate)
    _gwmInit                                 0x0020a6cd   Thumb Code    58  gfx_mk.o(i._gwmInit)
    drawScreen                               0x0020ad5d   Thumb Code   428  gui.o(i.drawScreen)
    gdispBlendColor                          0x0020b3cf   Thumb Code   108  gfx_mk.o(i.gdispBlendColor)
    gdispCloseFont                           0x0020b43b   Thumb Code    26  gfx_mk.o(i.gdispCloseFont)
    gdispGBlitArea                           0x0020b455   Thumb Code   330  gfx_mk.o(i.gdispGBlitArea)
    gdispGClear                              0x0020b59f   Thumb Code    46  gfx_mk.o(i.gdispGClear)
    gdispGDrawBox                            0x0020b5cd   Thumb Code   178  gfx_mk.o(i.gdispGDrawBox)
    gdispGDrawCircle                         0x0020b67f   Thumb Code   408  gfx_mk.o(i.gdispGDrawCircle)
    gdispGDrawLine                           0x0020b817   Thumb Code    56  gfx_mk.o(i.gdispGDrawLine)
    gdispGDrawPixel                          0x0020b84f   Thumb Code    44  gfx_mk.o(i.gdispGDrawPixel)
    gdispGDrawString                         0x0020b87d   Thumb Code   102  gfx_mk.o(i.gdispGDrawString)
    gdispGDrawStringBox                      0x0020b8e9   Thumb Code   234  gfx_mk.o(i.gdispGDrawStringBox)
    gdispGFillArea                           0x0020b9d9   Thumb Code   188  gfx_mk.o(i.gdispGFillArea)
    gdispGFillCircle                         0x0020ba95   Thumb Code   316  gfx_mk.o(i.gdispGFillCircle)
    gdispGFillConvexPoly                     0x0020bbd1   Thumb Code   590  gfx_mk.o(i.gdispGFillConvexPoly)
    gdispGFillStringBox                      0x0020be21   Thumb Code   392  gfx_mk.o(i.gdispGFillStringBox)
    gdispGGetHeight                          0x0020bfad   Thumb Code     8  gfx_mk.o(i.gdispGGetHeight)
    gdispGGetOrientation                     0x0020bfb5   Thumb Code     6  gfx_mk.o(i.gdispGGetOrientation)
    gdispGGetWidth                           0x0020bfbb   Thumb Code     8  gfx_mk.o(i.gdispGGetWidth)
    gdispGImageDraw                          0x0020bfc3   Thumb Code   142  gfx_mk.o(i.gdispGImageDraw)
    gdispGImageDraw_BMP                      0x0020c051   Thumb Code   610  gfx_mk.o(i.gdispGImageDraw_BMP)
    gdispGSetClip                            0x0020c2b3   Thumb Code   146  gfx_mk.o(i.gdispGSetClip)
    gdispGetFontMetric                       0x0020c345   Thumb Code    64  gfx_mk.o(i.gdispGetFontMetric)
    gdispGetStringWidth                      0x0020c385   Thumb Code    18  gfx_mk.o(i.gdispGetStringWidth)
    gdispGetStringWidthCount                 0x0020c397   Thumb Code    30  gfx_mk.o(i.gdispGetStringWidthCount)
    gdispImageAdjustPalette_BMP              0x0020c3b5   Thumb Code    48  gfx_mk.o(i.gdispImageAdjustPalette_BMP)
    gdispImageAlloc                          0x0020c3e5   Thumb Code    14  gfx_mk.o(i.gdispImageAlloc)
    gdispImageCache_BMP                      0x0020c3f3   Thumb Code   282  gfx_mk.o(i.gdispImageCache_BMP)
    gdispImageClose                          0x0020c50d   Thumb Code    34  gfx_mk.o(i.gdispImageClose)
    gdispImageClose_BMP                      0x0020c52f   Thumb Code    62  gfx_mk.o(i.gdispImageClose_BMP)
    gdispImageFree                           0x0020c56d   Thumb Code    16  gfx_mk.o(i.gdispImageFree)
    gdispImageGetPaletteSize_BMP             0x0020c57d   Thumb Code    26  gfx_mk.o(i.gdispImageGetPaletteSize_BMP)
    gdispImageGetPalette_BMP                 0x0020c597   Thumb Code    46  gfx_mk.o(i.gdispImageGetPalette_BMP)
    gdispImageIsOpen                         0x0020c5c5   Thumb Code    18  gfx_mk.o(i.gdispImageIsOpen)
    gdispImageNext_BMP                       0x0020c5d7   Thumb Code     8  gfx_mk.o(i.gdispImageNext_BMP)
    gdispImageOpen_BMP                       0x0020c5df   Thumb Code  1128  gfx_mk.o(i.gdispImageOpen_BMP)
    gdispImageSetBgColor                     0x0020ca47   Thumb Code     4  gfx_mk.o(i.gdispImageSetBgColor)
    gdispOpenFont                            0x0020ca4d   Thumb Code    82  gfx_mk.o(i.gdispOpenFont)
    gdisp_lld_control                        0x0020caa5   Thumb Code   232  gdisp_lld_stm32ltdc.o(i.gdisp_lld_control)
    gdisp_lld_draw_pixel                     0x0020cb8d   Thumb Code   164  gdisp_lld_stm32ltdc.o(i.gdisp_lld_draw_pixel)
    gdisp_lld_fill_area                      0x0020cc39   Thumb Code   276  gdisp_lld_stm32ltdc.o(i.gdisp_lld_fill_area)
    gdisp_lld_get_pixel_color                0x0020cd59   Thumb Code   164  gdisp_lld_stm32ltdc.o(i.gdisp_lld_get_pixel_color)
    gdisp_lld_init                           0x0020ce05   Thumb Code   156  gdisp_lld_stm32ltdc.o(i.gdisp_lld_init)
    gdriverGetInstance                       0x0020ceb5   Thumb Code    42  gfx_mk.o(i.gdriverGetInstance)
    gdriverGetNext                           0x0020cee5   Thumb Code    32  gfx_mk.o(i.gdriverGetNext)
    gdriverRegister                          0x0020cf09   Thumb Code   138  gfx_mk.o(i.gdriverRegister)
    geventAttachSource                       0x0020d881   Thumb Code   104  gfx_mk.o(i.geventAttachSource)
    geventDetachSourceListeners              0x0020d8f5   Thumb Code    26  gfx_mk.o(i.geventDetachSourceListeners)
    geventGetEventBuffer                     0x0020d915   Thumb Code    54  gfx_mk.o(i.geventGetEventBuffer)
    geventGetSourceListener                  0x0020d951   Thumb Code    94  gfx_mk.o(i.geventGetSourceListener)
    geventListenerInit                       0x0020d9bd   Thumb Code    26  gfx_mk.o(i.geventListenerInit)
    geventRegisterCallback                   0x0020d9d9   Thumb Code    44  gfx_mk.o(i.geventRegisterCallback)
    geventSendEvent                          0x0020da09   Thumb Code    62  gfx_mk.o(i.geventSendEvent)
    gfileClose                               0x0020da4d   Thumb Code    38  gfx_mk.o(i.gfileClose)
    gfileGetPos                              0x0020da73   Thumb Code    20  gfx_mk.o(i.gfileGetPos)
    gfileRead                                0x0020da87   Thumb Code    66  gfx_mk.o(i.gfileRead)
    gfileSetPos                              0x0020dac9   Thumb Code    48  gfx_mk.o(i.gfileSetPos)
    gfxAlloc                                 0x0020daf9   Thumb Code    12  gfx_mk.o(i.gfxAlloc)
    gfxExit                                  0x0020db05   Thumb Code    12  gfx_mk.o(i.gfxExit)
    gfxFree                                  0x0020db11   Thumb Code    12  gfx_mk.o(i.gfxFree)
    gfxInit                                  0x0020db1d   Thumb Code    60  gfx_mk.o(i.gfxInit)
    gfxMillisecondsToTicks                   0x0020db5d   Thumb Code     2  stm32f746g_raw32_ugfx.o(i.gfxMillisecondsToTicks)
    gfxMutexEnter                            0x0020db5f   Thumb Code    22  gfx_mk.o(i.gfxMutexEnter)
    gfxMutexExit                             0x0020db75   Thumb Code     6  gfx_mk.o(i.gfxMutexExit)
    gfxMutexInit                             0x0020db7b   Thumb Code     6  gfx_mk.o(i.gfxMutexInit)
    gfxQueueASyncGet                         0x0020db81   Thumb Code    32  gfx_mk.o(i.gfxQueueASyncGet)
    gfxQueueASyncGetI                        0x0020dba1   Thumb Code    18  gfx_mk.o(i.gfxQueueASyncGetI)
    gfxQueueASyncInit                        0x0020dbb3   Thumb Code     8  gfx_mk.o(i.gfxQueueASyncInit)
    gfxQueueASyncPut                         0x0020dbbb   Thumb Code    24  gfx_mk.o(i.gfxQueueASyncPut)
    gfxQueueASyncPutI                        0x0020dbd3   Thumb Code    28  gfx_mk.o(i.gfxQueueASyncPutI)
    gfxQueueASyncRemove                      0x0020dbef   Thumb Code    24  gfx_mk.o(i.gfxQueueASyncRemove)
    gfxQueueASyncRemoveI                     0x0020dc07   Thumb Code    66  gfx_mk.o(i.gfxQueueASyncRemoveI)
    gfxRealloc                               0x0020dc49   Thumb Code    18  gfx_mk.o(i.gfxRealloc)
    gfxSemInit                               0x0020dc5b   Thumb Code     6  gfx_mk.o(i.gfxSemInit)
    gfxSemSignal                             0x0020dc61   Thumb Code    12  gfx_mk.o(i.gfxSemSignal)
    gfxSemSignalI                            0x0020dc6d   Thumb Code    22  gfx_mk.o(i.gfxSemSignalI)
    gfxSemWait                               0x0020dc83   Thumb Code   110  gfx_mk.o(i.gfxSemWait)
    gfxSleepMilliseconds                     0x0020dcf1   Thumb Code    56  gfx_mk.o(i.gfxSleepMilliseconds)
    gfxSystemLock                            0x0020dd29   Thumb Code     2  gfx_mk.o(i.gfxSystemLock)
    gfxSystemTicks                           0x0020dd2b   Thumb Code     8  stm32f746g_raw32_ugfx.o(i.gfxSystemTicks)
    gfxSystemUnlock                          0x0020dd33   Thumb Code     2  gfx_mk.o(i.gfxSystemUnlock)
    gfxThreadCreate                          0x0020dd35   Thumb Code    92  gfx_mk.o(i.gfxThreadCreate)
    gfxThreadExit                            0x0020dd99   Thumb Code    64  gfx_mk.o(i.gfxThreadExit)
    gfxYield                                 0x0020dde5   Thumb Code    50  gfx_mk.o(i.gfxYield)
    ginputGetKeyboard                        0x0020de21   Thumb Code    14  gfx_mk.o(i.ginputGetKeyboard)
    ginputGetMouse                           0x0020de35   Thumb Code    22  gfx_mk.o(i.ginputGetMouse)
    ginputGetMouseStatus                     0x0020de51   Thumb Code    84  gfx_mk.o(i.ginputGetMouseStatus)
    gtimerInit                               0x0020dea5   Thumb Code     6  gfx_mk.o(i.gtimerInit)
    gtimerIsActive                           0x0020deab   Thumb Code    22  gfx_mk.o(i.gtimerIsActive)
    gtimerJab                                0x0020dec1   Thumb Code    32  gfx_mk.o(i.gtimerJab)
    gtimerStart                              0x0020dee9   Thumb Code   218  gfx_mk.o(i.gtimerStart)
    gwinButtonDraw_Normal                    0x0020e165   Thumb Code   348  gfx_mk.o(i.gwinButtonDraw_Normal)
    gwinCheckboxDraw_CheckOnLeft             0x0020e2c5   Thumb Code   274  gfx_mk.o(i.gwinCheckboxDraw_CheckOnLeft)
    gwinContainerDraw_Std                    0x0020e3dd   Thumb Code    58  gfx_mk.o(i.gwinContainerDraw_Std)
    gwinContainerDraw_Transparent            0x0020e41d   Thumb Code    72  gfx_mk.o(i.gwinContainerDraw_Transparent)
    gwinDestroy                              0x0020e469   Thumb Code    14  gfx_mk.o(i.gwinDestroy)
    gwinGetDefaultBgColor                    0x0020e479   Thumb Code     6  gfx_mk.o(i.gwinGetDefaultBgColor)
    gwinGetFirstChild                        0x0020e485   Thumb Code    40  gfx_mk.o(i.gwinGetFirstChild)
    gwinGetFocus                             0x0020e4ad   Thumb Code     6  gfx_mk.o(i.gwinGetFocus)
    gwinGetInnerHeight                       0x0020e4b9   Thumb Code    42  gfx_mk.o(i.gwinGetInnerHeight)
    gwinGetInnerWidth                        0x0020e4e3   Thumb Code    42  gfx_mk.o(i.gwinGetInnerWidth)
    gwinGetNextWindow                        0x0020e50d   Thumb Code    14  gfx_mk.o(i.gwinGetNextWindow)
    gwinGetSibling                           0x0020e521   Thumb Code    42  gfx_mk.o(i.gwinGetSibling)
    gwinKeyboardDraw_Normal                  0x0020e54d   Thumb Code  4322  gfx_mk.o(i.gwinKeyboardDraw_Normal)
    gwinLabelDrawJustifiedLeft               0x0020f75d   Thumb Code    16  gfx_mk.o(i.gwinLabelDrawJustifiedLeft)
    gwinListDefaultDraw                      0x0020f76d   Thumb Code   768  gfx_mk.o(i.gwinListDefaultDraw)
    gwinMove                                 0x0020fa79   Thumb Code    26  gfx_mk.o(i.gwinMove)
    gwinProgressbarDraw_Std                  0x0020fa99   Thumb Code   418  gfx_mk.o(i.gwinProgressbarDraw_Std)
    gwinRadioDraw_Radio                      0x0020fc41   Thumb Code   242  gfx_mk.o(i.gwinRadioDraw_Radio)
    gwinRadioGetActive                       0x0020fd39   Thumb Code    56  gfx_mk.o(i.gwinRadioGetActive)
    gwinRadioPress                           0x0020fd75   Thumb Code    70  gfx_mk.o(i.gwinRadioPress)
    gwinResize                               0x0020fdc1   Thumb Code    26  gfx_mk.o(i.gwinResize)
    gwinSetFocus                             0x0020fde1   Thumb Code    64  gfx_mk.o(i.gwinSetFocus)
    gwinSetVisible                           0x0020fe29   Thumb Code    44  gfx_mk.o(i.gwinSetVisible)
    gwinSliderDraw_Std                       0x0020fe5d   Thumb Code   658  gfx_mk.o(i.gwinSliderDraw_Std)
    gwinTabsetDraw_Std                       0x002100f9   Thumb Code   124  gfx_mk.o(i.gwinTabsetDraw_Std)
    gwinTexteditDefaultDraw                  0x00210179   Thumb Code   326  gfx_mk.o(i.gwinTexteditDefaultDraw)
    i2cInit                                  0x0021035d   Thumb Code   218  stm32f7_i2c.o(i.i2cInit)
    i2cRead                                  0x00210451   Thumb Code    94  stm32f7_i2c.o(i.i2cRead)
    i2cReadByte                              0x002104b5   Thumb Code    44  stm32f7_i2c.o(i.i2cReadByte)
    i2cReadWord                              0x002104e1   Thumb Code    54  stm32f7_i2c.o(i.i2cReadWord)
    i2cSend                                  0x0021051d   Thumb Code   104  stm32f7_i2c.o(i.i2cSend)
    i2cWriteReg                              0x00210585   Thumb Code    32  stm32f7_i2c.o(i.i2cWriteReg)
    main                                     0x002107b9   Thumb Code   188  main.o(i.main)
    mf_character_width                       0x002108cb   Thumb Code    32  gfx_mk.o(i.mf_character_width)
    mf_get_font_list                         0x002108ed   Thumb Code     4  gfx_mk.o(i.mf_get_font_list)
    mf_get_string_width                      0x002108f5   Thumb Code   104  gfx_mk.o(i.mf_get_string_width)
    mf_getchar                               0x0021095d   Thumb Code    22  gfx_mk.o(i.mf_getchar)
    mf_render_aligned                        0x00210973   Thumb Code   126  gfx_mk.o(i.mf_render_aligned)
    mf_render_character                      0x002109f1   Thumb Code    64  gfx_mk.o(i.mf_render_character)
    mf_rewind                                0x00210a31   Thumb Code     8  gfx_mk.o(i.mf_rewind)
    mf_rlefont_character_width               0x00210a39   Thumb Code    26  gfx_mk.o(i.mf_rlefont_character_width)
    mf_rlefont_render_character              0x00210a53   Thumb Code   112  gfx_mk.o(i.mf_rlefont_render_character)
    mf_scaled_character_width                0x00210b3f   Thumb Code    32  gfx_mk.o(i.mf_scaled_character_width)
    mf_scaled_render_character               0x00210b61   Thumb Code    90  gfx_mk.o(i.mf_scaled_render_character)
    realloc                                  0x00210d85   Thumb Code   102  mallocr.o(i.realloc)
    rundisplay                               0x00210f41   Thumb Code   402  gui.o(i.rundisplay)
    GDISPVMT_OnlyOne                         0x00211504   Data          96  gdisp_lld_stm32ltdc.o(.constdata)
    mf_rlefont_DejaVuSans32_aa               0x00213528   Data          48  gfx_mk.o(.constdata)
    mf_rlefont_UI2                           0x00213a7c   Data          48  gfx_mk.o(.constdata)
    mf_rlefont_UI2_Narrow                    0x00213aac   Data          36  gfx_mk.o(.constdata)
    mf_rlefont_UI2_Double                    0x00213ad0   Data          36  gfx_mk.o(.constdata)
    mf_rlefont_php6ySCWY                     0x00215090   Data          48  gfx_mk.o(.constdata)
    WhiteWidgetStyle                         0x002150dc   Data          28  gfx_mk.o(.constdata)
    BlackWidgetStyle                         0x002150f8   Data          28  gfx_mk.o(.constdata)
    GNullWindowManager                       0x00215138   Data           4  gfx_mk.o(.constdata)
    VirtualKeyboard_English1                 0x002153f0   Data           8  gfx_mk.o(.constdata)
    FsROMVMT                                 0x002214cc   Data          60  gfx_mk.o(.constdata)
    GMOUSEVMT_OnlyOne                        0x002215a0   Data          60  gmouse_lld_ft5336.o(.constdata)
    AHBPrescTable                            0x002215dc   Data          16  system_stm32f7xx.o(.constdata)
    APBPrescTable                            0x002215ec   Data           8  system_stm32f7xx.o(.constdata)
    SDRAMDISK_Driver                         0x002215f4   Data          20  sdram_diskio.o(.constdata)
    Region$$Table$$Base                      0x002217b0   Number         0  anon$$obj.o(Region$$Table)
    Region$$Table$$Limit                     0x002217d0   Number         0  anon$$obj.o(Region$$Table)
    retSDRAMDISK                             0x20000000   Data           1  fatfs.o(.data)
    SDRAMDISK_Path                           0x20000001   Data           4  fatfs.o(.data)
    _gfxCurrentThread                        0x20000024   Data           4  gfx_mk.o(.data)
    GDISP                                    0x20000030   Data           4  gfx_mk.o(.data)
    _GWINwm                                  0x20000084   Data           4  gfx_mk.o(.data)
    _gwinFlashState                          0x20000088   Data           1  gfx_mk.o(.data)
    gfileStdIn                               0x2000010c   Data           4  gfx_mk.o(.data)
    gfileStdOut                              0x20000110   Data           4  gfx_mk.o(.data)
    gfileStdErr                              0x20000114   Data           4  gfx_mk.o(.data)
    uwTick                                   0x2000011c   Data           4  stm32f7xx_hal.o(.data)
    SystemCoreClock                          0x20000120   Data           4  system_stm32f7xx.o(.data)
    __microlib_freelist                      0x20000128   Data           4  mvars.o(.data)
    __microlib_freelist_initialised          0x2000012c   Data           4  mvars.o(.data)
    hadc3                                    0x20000130   Data          72  main.o(.bss)
    hi2c1                                    0x20000178   Data          76  main.o(.bss)
    hi2c3                                    0x200001c4   Data          76  main.o(.bss)
    hltdc                                    0x20000210   Data         168  main.o(.bss)
    hqspi                                    0x200002b8   Data          76  main.o(.bss)
    hrtc                                     0x20000304   Data          32  main.o(.bss)
    hsd1                                     0x20000324   Data         132  main.o(.bss)
    hspdif                                   0x200003a8   Data          76  main.o(.bss)
    hspi2                                    0x200003f4   Data         100  main.o(.bss)
    htim1                                    0x20000458   Data          64  main.o(.bss)
    htim2                                    0x20000498   Data          64  main.o(.bss)
    htim3                                    0x200004d8   Data          64  main.o(.bss)
    htim5                                    0x20000518   Data          64  main.o(.bss)
    htim8                                    0x20000558   Data          64  main.o(.bss)
    htim12                                   0x20000598   Data          64  main.o(.bss)
    huart1                                   0x200005d8   Data         112  main.o(.bss)
    huart6                                   0x20000648   Data         112  main.o(.bss)
    hsdram1                                  0x200006b8   Data          52  main.o(.bss)
    disk                                     0x200011fc   Data          12  ff_gen_drv.o(.bss)
    __heap_base                              0x20001208   Data           0  startup_stm32f746xx.o(HEAP)
    __heap_limit                             0x20001408   Data           0  startup_stm32f746xx.o(HEAP)
    __initial_sp                             0x20001808   Data           0  startup_stm32f746xx.o(STACK)



==============================================================================

Memory Map of the image

  Image Entry point : 0x002001c9

  Load Region LR_IROM1 (Base: 0x00200000, Size: 0x00021900, Max: 0x00100000, ABSOLUTE, COMPRESSED[0x0002183c])

    Execution Region ER_IROM1 (Base: 0x00200000, Size: 0x000217d0, Max: 0x00100000, ABSOLUTE)

    Base Addr    Size         Type   Attr      Idx    E Section Name        Object

    0x00200000   0x000001c8   Data   RO         4759    RESET               startup_stm32f746xx.o
    0x002001c8   0x00000000   Code   RO        10644  * .ARM.Collect$$$$00000000  mc_w.l(entry.o)
    0x002001c8   0x00000004   Code   RO        10689    .ARM.Collect$$$$00000001  mc_w.l(entry2.o)
    0x002001cc   0x00000004   Code   RO        10692    .ARM.Collect$$$$00000004  mc_w.l(entry5.o)
    0x002001d0   0x00000000   Code   RO        10694    .ARM.Collect$$$$00000008  mc_w.l(entry7b.o)
    0x002001d0   0x00000000   Code   RO        10696    .ARM.Collect$$$$0000000A  mc_w.l(entry8b.o)
    0x002001d0   0x00000008   Code   RO        10697    .ARM.Collect$$$$0000000B  mc_w.l(entry9a.o)
    0x002001d8   0x00000000   Code   RO        10699    .ARM.Collect$$$$0000000D  mc_w.l(entry10a.o)
    0x002001d8   0x00000000   Code   RO        10701    .ARM.Collect$$$$0000000F  mc_w.l(entry11a.o)
    0x002001d8   0x00000004   Code   RO        10690    .ARM.Collect$$$$00002712  mc_w.l(entry2.o)
    0x002001dc   0x00000048   Code   RO          864    .emb_text           gfx_mk.o
    0x00200224   0x00000024   Code   RO         4760    .text               startup_stm32f746xx.o
    0x00200248   0x00000024   Code   RO        10647    .text               mc_w.l(memcpya.o)
    0x0020026c   0x00000024   Code   RO        10649    .text               mc_w.l(memseta.o)
    0x00200290   0x0000000e   Code   RO        10653    .text               mc_w.l(strlen.o)
    0x0020029e   0x0000001c   Code   RO        10655    .text               mc_w.l(strcmp.o)
    0x002002ba   0x00000002   PAD
    0x002002bc   0x00000024   Code   RO        10705    .text               mc_w.l(init.o)
    0x002002e0   0x00000056   Code   RO        10715    .text               mc_w.l(__dczerorl2.o)
    0x00200336   0x00000002   PAD
    0x00200338   0x00000178   Code   RO         9199    i.ADC_Init          stm32f7xx_hal_adc.o
    0x002004b0   0x0000006c   Code   RO         4212    i.BSP_SDRAM_Init    stm32f746g_discovery_sdram.o
    0x0020051c   0x00000088   Code   RO         4213    i.BSP_SDRAM_Initialization_sequence  stm32f746g_discovery_sdram.o
    0x002005a4   0x00000260   Code   RO         4214    i.BSP_SDRAM_MspInit  stm32f746g_discovery_sdram.o
    0x00200804   0x00000026   Code   RO          865    i.ButtonKeyboard    gfx_mk.o
    0x0020082a   0x00000018   Code   RO          866    i.ButtonMouseDown   gfx_mk.o
    0x00200842   0x0000003e   Code   RO          867    i.ButtonMouseUp     gfx_mk.o
    0x00200880   0x0000005c   Code   RO          868    i.CalcTabHeight     gfx_mk.o
    0x002008dc   0x000003c8   Code   RO          869    i.CalibrateMouse    gfx_mk.o
    0x00200ca4   0x00000438   Code   RO          870    i.CalibrationCalculate  gfx_mk.o
    0x002010dc   0x000001bc   Code   RO          871    i.CalibrationCrossDraw  gfx_mk.o
    0x00201298   0x0000007c   Code   RO          872    i.CalibrationTransform  gfx_mk.o
    0x00201314   0x00000034   Code   RO          873    i.CheckboxKeyboard  gfx_mk.o
    0x00201348   0x0000001e   Code   RO          874    i.CheckboxMouseDown  gfx_mk.o
    0x00201366   0x00000012   Code   RO          875    i.ContainerBorderSize  gfx_mk.o
    0x00201378   0x00000012   Code   RO        10107    i.FATFS_LinkDriver  ff_gen_drv.o
    0x0020138a   0x00000002   PAD
    0x0020138c   0x00000054   Code   RO        10108    i.FATFS_LinkDriverEx  ff_gen_drv.o
    0x002013e0   0x00000074   Code   RO         9031    i.FMC_SDRAM_Init    stm32f7xx_ll_fmc.o
    0x00201454   0x0000009c   Code   RO         9035    i.FMC_SDRAM_Timing_Init  stm32f7xx_ll_fmc.o
    0x002014f0   0x000000bc   Code   RO          876    i.FixTabSizePos     gfx_mk.o
    0x002015ac   0x0000011c   Code   RO          877    i.GTimerThreadHandler  gfx_mk.o
    0x002016c8   0x000003ec   Code   RO          878    i.GetMouseReading   gfx_mk.o
    0x00201ab4   0x000001b4   Code   RO         9201    i.HAL_ADC_ConfigChannel  stm32f7xx_hal_adc.o
    0x00201c68   0x00000068   Code   RO         9210    i.HAL_ADC_Init      stm32f7xx_hal_adc.o
    0x00201cd0   0x00000068   Code   RO          379    i.HAL_ADC_MspInit   stm32f7xx_hal_msp.o
    0x00201d38   0x0000001a   Code   RO         6432    i.HAL_Delay         stm32f7xx_hal.o
    0x00201d52   0x00000002   PAD
    0x00201d54   0x00000104   Code   RO          381    i.HAL_FMC_MspInit   stm32f7xx_hal_msp.o
    0x00201e58   0x00000218   Code   RO         5032    i.HAL_GPIO_Init     stm32f7xx_hal_gpio.o
    0x00202070   0x0000000c   Code   RO         5036    i.HAL_GPIO_WritePin  stm32f7xx_hal_gpio.o
    0x0020207c   0x0000000c   Code   RO         6440    i.HAL_GetTick       stm32f7xx_hal.o
    0x00202088   0x0000006a   Code   RO         9166    i.HAL_I2CEx_ConfigAnalogFilter  stm32f7xx_hal_i2c_ex.o
    0x002020f2   0x0000006a   Code   RO         9167    i.HAL_I2CEx_ConfigDigitalFilter  stm32f7xx_hal_i2c_ex.o
    0x0020215c   0x000000c4   Code   RO         5571    i.HAL_I2C_Init      stm32f7xx_hal_i2c.o
    0x00202220   0x000000a4   Code   RO          383    i.HAL_I2C_MspInit   stm32f7xx_hal_msp.o
    0x002022c4   0x00000010   Code   RO         6441    i.HAL_IncTick       stm32f7xx_hal.o
    0x002022d4   0x00000028   Code   RO         6442    i.HAL_Init          stm32f7xx_hal.o
    0x002022fc   0x00000028   Code   RO         6443    i.HAL_InitTick      stm32f7xx_hal.o
    0x00202324   0x0000005e   Code   RO         7798    i.HAL_LTDC_ConfigLayer  stm32f7xx_hal_ltdc.o
    0x00202382   0x00000002   PAD
    0x00202384   0x00000128   Code   RO         7815    i.HAL_LTDC_Init     stm32f7xx_hal_ltdc.o
    0x002024ac   0x000000d4   Code   RO          385    i.HAL_LTDC_MspInit  stm32f7xx_hal_msp.o
    0x00202580   0x00000056   Code   RO          386    i.HAL_MspInit       stm32f7xx_hal_msp.o
    0x002025d6   0x0000007c   Code   RO         7666    i.HAL_NVIC_SetPriority  stm32f7xx_hal_cortex.o
    0x00202652   0x00000002   PAD
    0x00202654   0x00000028   Code   RO         7667    i.HAL_NVIC_SetPriorityGrouping  stm32f7xx_hal_cortex.o
    0x0020267c   0x00000090   Code   RO         8930    i.HAL_PWREx_EnableOverDrive  stm32f7xx_hal_pwr_ex.o
    0x0020270c   0x000000d8   Code   RO         9828    i.HAL_QSPI_Init     stm32f7xx_hal_qspi.o
    0x002027e4   0x000000b4   Code   RO          388    i.HAL_QSPI_MspInit  stm32f7xx_hal_msp.o
    0x00202898   0x00000004   Code   RO         9838    i.HAL_QSPI_SetTimeout  stm32f7xx_hal_qspi.o
    0x0020289c   0x00000918   Code   RO         5526    i.HAL_RCCEx_PeriphCLKConfig  stm32f7xx_hal_rcc_ex.o
    0x002031b4   0x000001b4   Code   RO         5423    i.HAL_RCC_ClockConfig  stm32f7xx_hal_rcc.o
    0x00203368   0x0000000c   Code   RO         5428    i.HAL_RCC_GetHCLKFreq  stm32f7xx_hal_rcc.o
    0x00203374   0x0000002c   Code   RO         5430    i.HAL_RCC_GetPCLK1Freq  stm32f7xx_hal_rcc.o
    0x002033a0   0x0000002c   Code   RO         5431    i.HAL_RCC_GetPCLK2Freq  stm32f7xx_hal_rcc.o
    0x002033cc   0x000000b4   Code   RO         5432    i.HAL_RCC_GetSysClockFreq  stm32f7xx_hal_rcc.o
    0x00203480   0x000004e8   Code   RO         5435    i.HAL_RCC_OscConfig  stm32f7xx_hal_rcc.o
    0x00203968   0x00000012   Code   RO         7307    i.HAL_RTCEx_BKUPRead  stm32f7xx_hal_rtc_ex.o
    0x0020397a   0x00000012   Code   RO         7308    i.HAL_RTCEx_BKUPWrite  stm32f7xx_hal_rtc_ex.o
    0x0020398c   0x0000007a   Code   RO         7332    i.HAL_RTCEx_SetTimeStamp  stm32f7xx_hal_rtc_ex.o
    0x00203a06   0x00000002   PAD
    0x00203a08   0x000000b4   Code   RO         4793    i.HAL_RTC_Init      stm32f7xx_hal_rtc.o
    0x00203abc   0x00000020   Code   RO          390    i.HAL_RTC_MspInit   stm32f7xx_hal_msp.o
    0x00203adc   0x000001e8   Code   RO         4797    i.HAL_RTC_SetAlarm  stm32f7xx_hal_rtc.o
    0x00203cc4   0x00000114   Code   RO         4799    i.HAL_RTC_SetDate   stm32f7xx_hal_rtc.o
    0x00203dd8   0x00000134   Code   RO         4800    i.HAL_RTC_SetTime   stm32f7xx_hal_rtc.o
    0x00203f0c   0x0000003a   Code   RO         4801    i.HAL_RTC_WaitForSynchro  stm32f7xx_hal_rtc.o
    0x00203f46   0x00000040   Code   RO         9663    i.HAL_SDRAM_Init    stm32f7xx_hal_sdram.o
    0x00203f86   0x0000000a   Code   RO          392    i.HAL_SDRAM_MspInit  stm32f7xx_hal_msp.o
    0x00203f90   0x000000a8   Code   RO         7054    i.HAL_SD_ConfigWideBusOperation  stm32f7xx_hal_sd.o
    0x00204038   0x000001f0   Code   RO         7059    i.HAL_SD_GetCardCSD  stm32f7xx_hal_sd.o
    0x00204228   0x00000036   Code   RO         7066    i.HAL_SD_Init       stm32f7xx_hal_sd.o
    0x0020425e   0x00000088   Code   RO         7067    i.HAL_SD_InitCard   stm32f7xx_hal_sd.o
    0x002042e6   0x00000002   PAD
    0x002042e8   0x00000078   Code   RO          394    i.HAL_SD_MspInit    stm32f7xx_hal_msp.o
    0x00204360   0x00000078   Code   RO         6592    i.HAL_SPDIFRX_Init  stm32f7xx_hal_spdifrx.o
    0x002043d8   0x00000050   Code   RO          396    i.HAL_SPDIFRX_MspInit  stm32f7xx_hal_msp.o
    0x00204428   0x000000cc   Code   RO         5106    i.HAL_SPI_Init      stm32f7xx_hal_spi.o
    0x002044f4   0x00000074   Code   RO          398    i.HAL_SPI_MspInit   stm32f7xx_hal_msp.o
    0x00204568   0x00000028   Code   RO         7669    i.HAL_SYSTICK_CLKSourceConfig  stm32f7xx_hal_cortex.o
    0x00204590   0x00000002   Code   RO         7670    i.HAL_SYSTICK_Callback  stm32f7xx_hal_cortex.o
    0x00204592   0x00000034   Code   RO         7671    i.HAL_SYSTICK_Config  stm32f7xx_hal_cortex.o
    0x002045c6   0x00000008   Code   RO         7672    i.HAL_SYSTICK_IRQHandler  stm32f7xx_hal_cortex.o
    0x002045ce   0x00000002   PAD
    0x002045d0   0x000000c4   Code   RO         9368    i.HAL_TIMEx_ConfigBreakDeadTime  stm32f7xx_hal_tim_ex.o
    0x00204694   0x0000006c   Code   RO         9384    i.HAL_TIMEx_MasterConfigSynchronization  stm32f7xx_hal_tim_ex.o
    0x00204700   0x00000034   Code   RO         8277    i.HAL_TIM_Base_Init  stm32f7xx_hal_tim.o
    0x00204734   0x000000d8   Code   RO          400    i.HAL_TIM_Base_MspInit  stm32f7xx_hal_msp.o
    0x0020480c   0x00000138   Code   RO         8286    i.HAL_TIM_ConfigClockSource  stm32f7xx_hal_tim.o
    0x00204944   0x000000e0   Code   RO          401    i.HAL_TIM_MspPostInit  stm32f7xx_hal_msp.o
    0x00204a24   0x00000174   Code   RO         9404    i.HAL_TIM_PWM_ConfigChannel  stm32f7xx_hal_tim_ex.o
    0x00204b98   0x00000034   Code   RO         8346    i.HAL_TIM_PWM_Init  stm32f7xx_hal_tim.o
    0x00204bcc   0x00000030   Code   RO          403    i.HAL_TIM_PWM_MspInit  stm32f7xx_hal_msp.o
    0x00204bfc   0x00000078   Code   RO         6781    i.HAL_UART_Init     stm32f7xx_hal_uart.o
    0x00204c74   0x000000c0   Code   RO          405    i.HAL_UART_MspInit  stm32f7xx_hal_msp.o
    0x00204d34   0x00000018   Code   RO          879    i.ImageDestroy      gfx_mk.o
    0x00204d4c   0x00000152   Code   RO          880    i.ImageRedraw       gfx_mk.o
    0x00204e9e   0x000000fc   Code   RO          881    i.KeyFindKey        gfx_mk.o
    0x00204f9a   0x0000003a   Code   RO          882    i.KeyMouseMove      gfx_mk.o
    0x00204fd4   0x00000106   Code   RO          883    i.KeyMouseUp        gfx_mk.o
    0x002050da   0x00000212   Code   RO         7834    i.LTDC_SetConfig    stm32f7xx_hal_ltdc.o
    0x002052ec   0x00000020   Code   RO          884    i.ListDestroy       gfx_mk.o
    0x0020530c   0x00000118   Code   RO          885    i.ListMouseDown     gfx_mk.o
    0x00205424   0x00000074   Code   RO          886    i.ListMouseMove     gfx_mk.o
    0x00205498   0x0000007c   Code   RO          887    i.ListMouseSelect   gfx_mk.o
    0x00205514   0x0000004a   Code   RO          888    i.ListMouseUp       gfx_mk.o
    0x0020555e   0x00000002   PAD
    0x00205560   0x00000080   Code   RO          228    i.MX_ADC3_Init      main.o
    0x002055e0   0x0000001c   Code   RO          169    i.MX_FATFS_Init     fatfs.o
    0x002055fc   0x00000070   Code   RO          229    i.MX_FMC_Init       main.o
    0x0020566c   0x00000444   Code   RO          230    i.MX_GPIO_Init      main.o
    0x00205ab0   0x00000078   Code   RO          231    i.MX_I2C1_Init      main.o
    0x00205b28   0x00000078   Code   RO          232    i.MX_I2C3_Init      main.o
    0x00205ba0   0x00000108   Code   RO          233    i.MX_LTDC_Init      main.o
    0x00205ca8   0x00000050   Code   RO          234    i.MX_QUADSPI_Init   main.o
    0x00205cf8   0x0000012c   Code   RO          235    i.MX_RTC_Init       main.o
    0x00205e24   0x00000050   Code   RO          236    i.MX_SDMMC1_SD_Init  main.o
    0x00205e74   0x0000004c   Code   RO          237    i.MX_SPDIFRX_Init   main.o
    0x00205ec0   0x00000068   Code   RO          238    i.MX_SPI2_Init      main.o
    0x00205f28   0x00000070   Code   RO          239    i.MX_TIM12_Init     main.o
    0x00205f98   0x000000f8   Code   RO          240    i.MX_TIM1_Init      main.o
    0x00206090   0x000000b4   Code   RO          241    i.MX_TIM2_Init      main.o
    0x00206144   0x000000b4   Code   RO          242    i.MX_TIM3_Init      main.o
    0x002061f8   0x000000b4   Code   RO          243    i.MX_TIM5_Init      main.o
    0x002062ac   0x00000080   Code   RO          244    i.MX_TIM8_Init      main.o
    0x0020632c   0x00000058   Code   RO          245    i.MX_USART1_UART_Init  main.o
    0x00206384   0x00000058   Code   RO          246    i.MX_USART6_UART_Init  main.o
    0x002063dc   0x00000038   Code   RO          889    i.MousePoll         gfx_mk.o
    0x00206414   0x00000010   Code   RO         7673    i.NVIC_GetPriorityGrouping  stm32f7xx_hal_cortex.o
    0x00206424   0x00000028   Code   RO         7674    i.NVIC_SetPriority  stm32f7xx_hal_cortex.o
    0x0020644c   0x00000010   Code   RO          890    i.NumKeyRows        gfx_mk.o
    0x0020645c   0x0000000c   Code   RO          891    i.PBDestroy         gfx_mk.o
    0x00206468   0x0000004c   Code   RO         9853    i.QSPI_WaitFlagStateUntilTimeout  stm32f7xx_hal_qspi.o
    0x002064b4   0x00000016   Code   RO          893    i.Qadd              gfx_mk.o
    0x002064ca   0x00000008   Code   RO          894    i.Qinit             gfx_mk.o
    0x002064d2   0x00000014   Code   RO          895    i.Qpop              gfx_mk.o
    0x002064e6   0x00000002   Code   RO          896    i.ROMClose          gfx_mk.o
    0x002064e8   0x00000014   Code   RO          897    i.ROMEof            gfx_mk.o
    0x002064fc   0x00000014   Code   RO          898    i.ROMExists         gfx_mk.o
    0x00206510   0x00000016   Code   RO          899    i.ROMFilesize       gfx_mk.o
    0x00206526   0x00000002   PAD
    0x00206528   0x00000030   Code   RO          900    i.ROMFindFile       gfx_mk.o
    0x00206558   0x00000008   Code   RO          901    i.ROMGetsize        gfx_mk.o
    0x00206560   0x00000018   Code   RO          902    i.ROMOpen           gfx_mk.o
    0x00206578   0x00000038   Code   RO          903    i.ROMRead           gfx_mk.o
    0x002065b0   0x00000012   Code   RO          904    i.ROMSetpos         gfx_mk.o
    0x002065c2   0x00000016   Code   RO         4802    i.RTC_Bcd2ToByte    stm32f7xx_hal_rtc.o
    0x002065d8   0x0000001a   Code   RO         4803    i.RTC_ByteToBcd2    stm32f7xx_hal_rtc.o
    0x002065f2   0x0000003e   Code   RO         4804    i.RTC_EnterInitMode  stm32f7xx_hal_rtc.o
    0x00206630   0x00000010   Code   RO          905    i.RadioMouseDown    gfx_mk.o
    0x00206640   0x0000000c   Code   RO          906    i.RedrawTimerFn     gfx_mk.o
    0x0020664c   0x0000009c   Code   RO          247    i.SCB_EnableDCache  main.o
    0x002066e8   0x0000003a   Code   RO         5988    i.SDMMC_CmdAppCommand  stm32f7xx_ll_sdmmc.o
    0x00206722   0x00000002   PAD
    0x00206724   0x0000003c   Code   RO         5989    i.SDMMC_CmdAppOperCommand  stm32f7xx_ll_sdmmc.o
    0x00206760   0x0000003a   Code   RO         5990    i.SDMMC_CmdBlockLength  stm32f7xx_ll_sdmmc.o
    0x0020679a   0x0000003a   Code   RO         5991    i.SDMMC_CmdBusWidth  stm32f7xx_ll_sdmmc.o
    0x002067d4   0x0000002e   Code   RO         5995    i.SDMMC_CmdGoIdleState  stm32f7xx_ll_sdmmc.o
    0x00206802   0x00000036   Code   RO         5997    i.SDMMC_CmdOperCond  stm32f7xx_ll_sdmmc.o
    0x00206838   0x0000003c   Code   RO         6002    i.SDMMC_CmdSelDesel  stm32f7xx_ll_sdmmc.o
    0x00206874   0x00000034   Code   RO         6003    i.SDMMC_CmdSendCID  stm32f7xx_ll_sdmmc.o
    0x002068a8   0x00000034   Code   RO         6004    i.SDMMC_CmdSendCSD  stm32f7xx_ll_sdmmc.o
    0x002068dc   0x0000003a   Code   RO         6005    i.SDMMC_CmdSendSCR  stm32f7xx_ll_sdmmc.o
    0x00206916   0x0000003a   Code   RO         6007    i.SDMMC_CmdSetRelAdd  stm32f7xx_ll_sdmmc.o
    0x00206950   0x0000002c   Code   RO         6013    i.SDMMC_ConfigData  stm32f7xx_ll_sdmmc.o
    0x0020697c   0x00000040   Code   RO         6014    i.SDMMC_GetCmdError  stm32f7xx_ll_sdmmc.o
    0x002069bc   0x000001a4   Code   RO         6015    i.SDMMC_GetCmdResp1  stm32f7xx_ll_sdmmc.o
    0x00206b60   0x0000005c   Code   RO         6016    i.SDMMC_GetCmdResp2  stm32f7xx_ll_sdmmc.o
    0x00206bbc   0x00000050   Code   RO         6017    i.SDMMC_GetCmdResp3  stm32f7xx_ll_sdmmc.o
    0x00206c0c   0x000000b0   Code   RO         6018    i.SDMMC_GetCmdResp6  stm32f7xx_ll_sdmmc.o
    0x00206cbc   0x00000058   Code   RO         6019    i.SDMMC_GetCmdResp7  stm32f7xx_ll_sdmmc.o
    0x00206d14   0x00000008   Code   RO         6020    i.SDMMC_GetCommandResponse  stm32f7xx_ll_sdmmc.o
    0x00206d1c   0x0000000a   Code   RO         6023    i.SDMMC_GetPowerState  stm32f7xx_ll_sdmmc.o
    0x00206d26   0x00000016   Code   RO         6024    i.SDMMC_GetResponse  stm32f7xx_ll_sdmmc.o
    0x00206d3c   0x00000034   Code   RO         6025    i.SDMMC_Init        stm32f7xx_ll_sdmmc.o
    0x00206d70   0x0000000a   Code   RO         6027    i.SDMMC_PowerState_ON  stm32f7xx_ll_sdmmc.o
    0x00206d7a   0x00000008   Code   RO         6028    i.SDMMC_ReadFIFO    stm32f7xx_ll_sdmmc.o
    0x00206d82   0x00000028   Code   RO         6029    i.SDMMC_SendCommand  stm32f7xx_ll_sdmmc.o
    0x00206daa   0x00000002   PAD
    0x00206dac   0x00000024   Code   RO        10533    i.SDRAMDISK_initialize  sdram_diskio.o
    0x00206dd0   0x00000054   Code   RO        10534    i.SDRAMDISK_ioctl   sdram_diskio.o
    0x00206e24   0x00000022   Code   RO        10535    i.SDRAMDISK_read    sdram_diskio.o
    0x00206e46   0x00000002   PAD
    0x00206e48   0x0000001c   Code   RO        10536    i.SDRAMDISK_status  sdram_diskio.o
    0x00206e64   0x00000024   Code   RO        10537    i.SDRAMDISK_write   sdram_diskio.o
    0x00206e88   0x0000012c   Code   RO         7083    i.SD_FindSCR        stm32f7xx_hal_sd.o
    0x00206fb4   0x000000fc   Code   RO         7084    i.SD_InitCard       stm32f7xx_hal_sd.o
    0x002070b0   0x000000ee   Code   RO         7086    i.SD_PowerON        stm32f7xx_hal_sd.o
    0x0020719e   0x0000006a   Code   RO         7090    i.SD_WideBus_Disable  stm32f7xx_hal_sd.o
    0x00207208   0x0000006a   Code   RO         7091    i.SD_WideBus_Enable  stm32f7xx_hal_sd.o
    0x00207272   0x00000002   PAD
    0x00207274   0x00000048   Code   RO          907    i.SendCheckboxEvent  gfx_mk.o
    0x002072bc   0x000000d4   Code   RO          908    i.SendMouseEvent    gfx_mk.o
    0x00207390   0x0000003c   Code   RO          909    i.SendRadioEvent    gfx_mk.o
    0x002073cc   0x00000070   Code   RO          910    i.SendSliderEvent   gfx_mk.o
    0x0020743c   0x0000003c   Code   RO          911    i.SendVirtualKeyEvent  gfx_mk.o
    0x00207478   0x00000082   Code   RO          912    i.SendVirtualKeyEventToListener  gfx_mk.o
    0x002074fa   0x0000004e   Code   RO          913    i.SetDisplayPosFromMouse  gfx_mk.o
    0x00207548   0x000000bc   Code   RO          914    i.SliderCalcPosFromDPos  gfx_mk.o
    0x00207604   0x00000022   Code   RO          915    i.SliderMouseDown   gfx_mk.o
    0x00207626   0x00000022   Code   RO          916    i.SliderMouseMove   gfx_mk.o
    0x00207648   0x00000060   Code   RO          917    i.SliderMouseUp     gfx_mk.o
    0x002076a8   0x0000004e   Code   RO          918    i.SliderResetDisplayPos  gfx_mk.o
    0x002076f6   0x00000002   PAD
    0x002076f8   0x00000080   Code   RO          919    i.StartupLogoDisplay  gfx_mk.o
    0x00207778   0x0000000c   Code   RO            4    i.SysTick_Handler   stm32f7xx_it.o
    0x00207784   0x00000140   Code   RO          248    i.SystemClock_Config  main.o
    0x002078c4   0x00000064   Code   RO        10070    i.SystemInit        system_stm32f7xx.o
    0x00207928   0x000000f0   Code   RO         8361    i.TIM_Base_SetConfig  stm32f7xx_hal_tim.o
    0x00207a18   0x00000018   Code   RO         8368    i.TIM_ETR_SetConfig  stm32f7xx_hal_tim.o
    0x00207a30   0x00000014   Code   RO         8369    i.TIM_ITRx_SetConfig  stm32f7xx_hal_tim.o
    0x00207a44   0x00000074   Code   RO         8370    i.TIM_OC1_SetConfig  stm32f7xx_hal_tim.o
    0x00207ab8   0x0000007c   Code   RO         8371    i.TIM_OC2_SetConfig  stm32f7xx_hal_tim.o
    0x00207b34   0x0000007c   Code   RO         8372    i.TIM_OC3_SetConfig  stm32f7xx_hal_tim.o
    0x00207bb0   0x00000064   Code   RO         8373    i.TIM_OC4_SetConfig  stm32f7xx_hal_tim.o
    0x00207c14   0x00000058   Code   RO         9407    i.TIM_OC5_SetConfig  stm32f7xx_hal_tim_ex.o
    0x00207c6c   0x00000058   Code   RO         9408    i.TIM_OC6_SetConfig  stm32f7xx_hal_tim_ex.o
    0x00207cc4   0x0000002a   Code   RO         8375    i.TIM_TI1_ConfigInputStage  stm32f7xx_hal_tim.o
    0x00207cee   0x0000002c   Code   RO         8377    i.TIM_TI2_ConfigInputStage  stm32f7xx_hal_tim.o
    0x00207d1a   0x00000012   Code   RO          920    i.TabSetBorderSize  gfx_mk.o
    0x00207d2c   0x00000008   Code   RO          921    i.TabSetBorderTop   gfx_mk.o
    0x00207d34   0x00000006   Code   RO          922    i.TabpageBorderSize  gfx_mk.o
    0x00207d3a   0x00000012   Code   RO          923    i.TabpageDestroy    gfx_mk.o
    0x00207d4c   0x00000114   Code   RO          924    i.TextEditKeyboard  gfx_mk.o
    0x00207e60   0x00000046   Code   RO          925    i.TextEditMouseDown  gfx_mk.o
    0x00207ea6   0x000000ea   Code   RO         6794    i.UART_AdvFeatureConfig  stm32f7xx_hal_uart.o
    0x00207f90   0x0000004e   Code   RO         6795    i.UART_CheckIdleState  stm32f7xx_hal_uart.o
    0x00207fde   0x00000002   PAD
    0x00207fe0   0x0000038c   Code   RO         6806    i.UART_SetConfig    stm32f7xx_hal_uart.o
    0x0020836c   0x0000006c   Code   RO         6808    i.UART_WaitOnFlagUntilTimeout  stm32f7xx_hal_uart.o
    0x002083d8   0x00000044   Code   RO          926    i.UCode2UTF8        gfx_mk.o
    0x0020841c   0x000000c4   Code   RO          927    i.UTF8CharAt        gfx_mk.o
    0x002084e0   0x00000088   Code   RO          928    i.UTF8StrLen        gfx_mk.o
    0x00208568   0x00000040   Code   RO          929    i.WM_Add            gfx_mk.o
    0x002085a8   0x00000002   Code   RO          930    i.WM_DeInit         gfx_mk.o
    0x002085aa   0x00000002   PAD
    0x002085ac   0x00000028   Code   RO          931    i.WM_Delete         gfx_mk.o
    0x002085d4   0x00000002   Code   RO          932    i.WM_Init           gfx_mk.o
    0x002085d6   0x00000002   Code   RO          933    i.WM_MinMax         gfx_mk.o
    0x002085d8   0x000001f2   Code   RO          934    i.WM_Move           gfx_mk.o
    0x002087ca   0x00000002   PAD
    0x002087cc   0x0000009c   Code   RO          935    i.WM_Raise          gfx_mk.o
    0x00208868   0x00000178   Code   RO          936    i.WM_Redraw         gfx_mk.o
    0x002089e0   0x000001a4   Code   RO          937    i.WM_Size           gfx_mk.o
    0x00208b84   0x00000004   Code   RO          249    i._Error_Handler    main.o
    0x00208b88   0x00000074   Code   RO         4215    i._FMC_SDRAM_Init   stm32f746g_discovery_sdram.o
    0x00208bfc   0x0000000e   Code   RO         4216    i._FMC_SDRAM_ProgramRefreshRate  stm32f746g_discovery_sdram.o
    0x00208c0a   0x00000056   Code   RO         4217    i._FMC_SDRAM_SendCommand  stm32f746g_discovery_sdram.o
    0x00208c60   0x00000098   Code   RO         4218    i._FMC_SDRAM_Timing_Init  stm32f746g_discovery_sdram.o
    0x00208cf8   0x00000f64   Code   RO         4219    i._HAL_DMA_DeInit   stm32f746g_discovery_sdram.o
    0x00209c5c   0x00000078   Code   RO         4220    i._HAL_DMA_Init     stm32f746g_discovery_sdram.o
    0x00209cd4   0x00000038   Code   RO         4221    i._HAL_SDRAM_Init   stm32f746g_discovery_sdram.o
    0x00209d0c   0x00000028   Code   RO         4222    i._HAL_SDRAM_ProgramRefreshRate  stm32f746g_discovery_sdram.o
    0x00209d34   0x0000003a   Code   RO         4223    i._HAL_SDRAM_SendCommand  stm32f746g_discovery_sdram.o
    0x00209d6e   0x00000002   PAD
    0x00209d70   0x0000005c   Code   RO        10665    i.__free$realloc    mc_w.l(mallocr.o)
    0x00209dcc   0x00000050   Code   RO        10666    i.__malloc$realloc  mc_w.l(mallocr.o)
    0x00209e1c   0x0000000e   Code   RO        10709    i.__scatterload_copy  mc_w.l(handlers.o)
    0x00209e2a   0x00000002   Code   RO        10710    i.__scatterload_null  mc_w.l(handlers.o)
    0x00209e2c   0x0000000e   Code   RO        10711    i.__scatterload_zeroinit  mc_w.l(handlers.o)
    0x00209e3a   0x0000001e   Code   RO          940    i._gcontainerDestroy  gfx_mk.o
    0x00209e58   0x00000002   Code   RO          941    i._gcontainerInit   gfx_mk.o
    0x00209e5a   0x00000002   PAD
    0x00209e5c   0x00000020   Code   RO          942    i._gdispDeInitDriver  gfx_mk.o
    0x00209e7c   0x00000050   Code   RO          944    i._gdispInit        gfx_mk.o
    0x00209ecc   0x0000003c   Code   RO          945    i._gdispInitDriver  gfx_mk.o
    0x00209f08   0x00000040   Code   RO          946    i._gdispPostInitDriver  gfx_mk.o
    0x00209f48   0x00000002   Code   RO          948    i._gdriverInit      gfx_mk.o
    0x00209f4a   0x00000002   PAD
    0x00209f4c   0x00000010   Code   RO          950    i._geventInit       gfx_mk.o
    0x00209f5c   0x00000002   Code   RO          953    i._gfileInit        gfx_mk.o
    0x00209f5e   0x00000008   Code   RO          955    i._ginputInit       gfx_mk.o
    0x00209f66   0x00000002   Code   RO          956    i._gmouseDeInitDriver  gfx_mk.o
    0x00209f68   0x00000020   Code   RO          958    i._gmouseInit       gfx_mk.o
    0x00209f88   0x00000054   Code   RO          959    i._gmouseInitDriver  gfx_mk.o
    0x00209fdc   0x0000004a   Code   RO          960    i._gmousePostInitDriver  gfx_mk.o
    0x0020a026   0x00000002   Code   RO          964    i._gosHeapInit      gfx_mk.o
    0x0020a028   0x0000000c   Code   RO          965    i._gosInit          gfx_mk.o
    0x0020a034   0x00000002   Code   RO          966    i._gosPostInit      gfx_mk.o
    0x0020a036   0x00000002   PAD
    0x0020a038   0x00000030   Code   RO          967    i._gosThreadsInit   gfx_mk.o
    0x0020a068   0x00000002   Code   RO          969    i._gqueueInit       gfx_mk.o
    0x0020a06a   0x00000002   PAD
    0x0020a06c   0x0000002c   Code   RO          971    i._gtimerInit       gfx_mk.o
    0x0020a098   0x00000070   Code   RO          972    i._gwidgetCreate    gfx_mk.o
    0x0020a108   0x00000030   Code   RO          974    i._gwidgetDestroy   gfx_mk.o
    0x0020a138   0x0000006c   Code   RO          975    i._gwidgetDrawFocusRect  gfx_mk.o
    0x0020a1a4   0x00000044   Code   RO          976    i._gwidgetInit      gfx_mk.o
    0x0020a1e8   0x0000001a   Code   RO          977    i._gwidgetRedraw    gfx_mk.o
    0x0020a202   0x00000002   PAD
    0x0020a204   0x00000068   Code   RO          979    i._gwinDestroy      gfx_mk.o
    0x0020a26c   0x00000078   Code   RO          982    i._gwinFixFocus     gfx_mk.o
    0x0020a2e4   0x0000019c   Code   RO          983    i._gwinFlushRedraws  gfx_mk.o
    0x0020a480   0x00000010   Code   RO          984    i._gwinInit         gfx_mk.o
    0x0020a490   0x0000003c   Code   RO          985    i._gwinMoveFocus    gfx_mk.o
    0x0020a4cc   0x000000b8   Code   RO          986    i._gwinRippleVisibility  gfx_mk.o
    0x0020a584   0x00000038   Code   RO          987    i._gwinSendEvent    gfx_mk.o
    0x0020a5bc   0x00000034   Code   RO          988    i._gwinUpdate       gfx_mk.o
    0x0020a5f0   0x00000058   Code   RO          989    i._gwinWMAdd        gfx_mk.o
    0x0020a648   0x00000084   Code   RO          990    i._gwindowCreate    gfx_mk.o
    0x0020a6cc   0x00000054   Code   RO          992    i._gwmInit          gfx_mk.o
    0x0020a720   0x0000002c   Code   RO         4653    i._i2cConfigTransfer  stm32f7_i2c.o
    0x0020a74c   0x00000010   Code   RO         4654    i._i2cResetCr2      stm32f7_i2c.o
    0x0020a75c   0x00000138   Code   RO          564    i._ltdc_init        gdisp_lld_stm32ltdc.o
    0x0020a894   0x000000f4   Code   RO          565    i._ltdc_layer_init  gdisp_lld_stm32ltdc.o
    0x0020a988   0x00000028   Code   RO          566    i._ltdc_reload      gdisp_lld_stm32ltdc.o
    0x0020a9b0   0x00000128   Code   RO          993    i.bgarea            gfx_mk.o
    0x0020aad8   0x0000001c   Code   RO          994    i.cleanUpDeadThreads  gfx_mk.o
    0x0020aaf4   0x000001f4   Code   RO          567    i.configureLcdPins  gdisp_lld_stm32ltdc.o
    0x0020ace8   0x00000038   Code   RO          995    i.deleteAssignments  gfx_mk.o
    0x0020ad20   0x00000020   Code   RO          568    i.dma2d_init        gdisp_lld_stm32ltdc.o
    0x0020ad40   0x0000001a   Code   RO          996    i.doExitEvent       gfx_mk.o
    0x0020ad5a   0x00000002   PAD
    0x0020ad5c   0x000001ec   Code   RO         4723    i.drawScreen        gui.o
    0x0020af48   0x00000090   Code   RO          997    i.drawborder        gfx_mk.o
    0x0020afd8   0x00000028   Code   RO          998    i.drawcharglyph     gfx_mk.o
    0x0020b000   0x0000007e   Code   RO          999    i.drawcharline      gfx_mk.o
    0x0020b07e   0x0000000c   Code   RO         1000    i.drawpixel         gfx_mk.o
    0x0020b08a   0x00000040   Code   RO         1001    i.drawpixel_clip    gfx_mk.o
    0x0020b0ca   0x00000002   PAD
    0x0020b0cc   0x000000b4   Code   RO         1002    i.drawtabs          gfx_mk.o
    0x0020b180   0x0000013a   Code   RO         1003    i.fgarea            gfx_mk.o
    0x0020b2ba   0x0000000c   Code   RO         1004    i.fillarea          gfx_mk.o
    0x0020b2c6   0x00000002   PAD
    0x0020b2c8   0x00000028   Code   RO         1005    i.fillcharglyph     gfx_mk.o
    0x0020b2f0   0x0000002e   Code   RO         1006    i.fillentry_bitcount  gfx_mk.o
    0x0020b31e   0x0000003c   Code   RO         1008    i.find_glyph        gfx_mk.o
    0x0020b35a   0x00000038   Code   RO         4531    i.ft5336Init        gmouse_lld_ft5336.o
    0x0020b392   0x0000003c   Code   RO         4532    i.ft5336ReadXYZ     gmouse_lld_ft5336.o
    0x0020b3ce   0x0000006c   Code   RO         1010    i.gdispBlendColor   gfx_mk.o
    0x0020b43a   0x0000001a   Code   RO         1011    i.gdispCloseFont    gfx_mk.o
    0x0020b454   0x0000014a   Code   RO         1013    i.gdispGBlitArea    gfx_mk.o
    0x0020b59e   0x0000002e   Code   RO         1014    i.gdispGClear       gfx_mk.o
    0x0020b5cc   0x000000b2   Code   RO         1016    i.gdispGDrawBox     gfx_mk.o
    0x0020b67e   0x00000198   Code   RO         1018    i.gdispGDrawCircle  gfx_mk.o
    0x0020b816   0x00000038   Code   RO         1019    i.gdispGDrawLine    gfx_mk.o
    0x0020b84e   0x0000002c   Code   RO         1020    i.gdispGDrawPixel   gfx_mk.o
    0x0020b87a   0x00000002   PAD
    0x0020b87c   0x0000006c   Code   RO         1022    i.gdispGDrawString  gfx_mk.o
    0x0020b8e8   0x000000f0   Code   RO         1023    i.gdispGDrawStringBox  gfx_mk.o
    0x0020b9d8   0x000000bc   Code   RO         1025    i.gdispGFillArea    gfx_mk.o
    0x0020ba94   0x0000013c   Code   RO         1027    i.gdispGFillCircle  gfx_mk.o
    0x0020bbd0   0x0000024e   Code   RO         1028    i.gdispGFillConvexPoly  gfx_mk.o
    0x0020be1e   0x00000002   PAD
    0x0020be20   0x0000018c   Code   RO         1030    i.gdispGFillStringBox  gfx_mk.o
    0x0020bfac   0x00000008   Code   RO         1034    i.gdispGGetHeight   gfx_mk.o
    0x0020bfb4   0x00000006   Code   RO         1035    i.gdispGGetOrientation  gfx_mk.o
    0x0020bfba   0x00000008   Code   RO         1037    i.gdispGGetWidth    gfx_mk.o
    0x0020bfc2   0x0000008e   Code   RO         1038    i.gdispGImageDraw   gfx_mk.o
    0x0020c050   0x00000262   Code   RO         1039    i.gdispGImageDraw_BMP  gfx_mk.o
    0x0020c2b2   0x00000092   Code   RO         1040    i.gdispGSetClip     gfx_mk.o
    0x0020c344   0x00000040   Code   RO         1044    i.gdispGetFontMetric  gfx_mk.o
    0x0020c384   0x00000012   Code   RO         1046    i.gdispGetStringWidth  gfx_mk.o
    0x0020c396   0x0000001e   Code   RO         1047    i.gdispGetStringWidthCount  gfx_mk.o
    0x0020c3b4   0x00000030   Code   RO         1049    i.gdispImageAdjustPalette_BMP  gfx_mk.o
    0x0020c3e4   0x0000000e   Code   RO         1050    i.gdispImageAlloc   gfx_mk.o
    0x0020c3f2   0x0000011a   Code   RO         1052    i.gdispImageCache_BMP  gfx_mk.o
    0x0020c50c   0x00000022   Code   RO         1053    i.gdispImageClose   gfx_mk.o
    0x0020c52e   0x0000003e   Code   RO         1054    i.gdispImageClose_BMP  gfx_mk.o
    0x0020c56c   0x00000010   Code   RO         1055    i.gdispImageFree    gfx_mk.o
    0x0020c57c   0x0000001a   Code   RO         1058    i.gdispImageGetPaletteSize_BMP  gfx_mk.o
    0x0020c596   0x0000002e   Code   RO         1059    i.gdispImageGetPalette_BMP  gfx_mk.o
    0x0020c5c4   0x00000012   Code   RO         1061    i.gdispImageIsOpen  gfx_mk.o
    0x0020c5d6   0x00000008   Code   RO         1063    i.gdispImageNext_BMP  gfx_mk.o
    0x0020c5de   0x00000468   Code   RO         1065    i.gdispImageOpen_BMP  gfx_mk.o
    0x0020ca46   0x00000004   Code   RO         1066    i.gdispImageSetBgColor  gfx_mk.o
    0x0020ca4a   0x00000002   PAD
    0x0020ca4c   0x00000058   Code   RO         1067    i.gdispOpenFont     gfx_mk.o
    0x0020caa4   0x000000e8   Code   RO          569    i.gdisp_lld_control  gdisp_lld_stm32ltdc.o
    0x0020cb8c   0x000000ac   Code   RO          570    i.gdisp_lld_draw_pixel  gdisp_lld_stm32ltdc.o
    0x0020cc38   0x00000120   Code   RO          571    i.gdisp_lld_fill_area  gdisp_lld_stm32ltdc.o
    0x0020cd58   0x000000ac   Code   RO          572    i.gdisp_lld_get_pixel_color  gdisp_lld_stm32ltdc.o
    0x0020ce04   0x000000b0   Code   RO          573    i.gdisp_lld_init    gdisp_lld_stm32ltdc.o
    0x0020ceb4   0x00000030   Code   RO         1071    i.gdriverGetInstance  gfx_mk.o
    0x0020cee4   0x00000024   Code   RO         1072    i.gdriverGetNext    gfx_mk.o
    0x0020cf08   0x00000094   Code   RO         1074    i.gdriverRegister   gfx_mk.o
    0x0020cf9c   0x00000024   Code   RO         1076    i.getButtonColors   gfx_mk.o
    0x0020cfc0   0x00000024   Code   RO         1077    i.getCheckboxColors  gfx_mk.o
    0x0020cfe4   0x00000024   Code   RO         1078    i.getDrawColors     gfx_mk.o
    0x0020d008   0x00000850   Code   RO         1079    i.getPixels         gfx_mk.o
    0x0020d858   0x00000012   Code   RO         1082    i.getheight         gfx_mk.o
    0x0020d86a   0x00000016   Code   RO         1083    i.getwidth          gfx_mk.o
    0x0020d880   0x00000074   Code   RO         1084    i.geventAttachSource  gfx_mk.o
    0x0020d8f4   0x00000020   Code   RO         1086    i.geventDetachSourceListeners  gfx_mk.o
    0x0020d914   0x0000003c   Code   RO         1089    i.geventGetEventBuffer  gfx_mk.o
    0x0020d950   0x0000006c   Code   RO         1090    i.geventGetSourceListener  gfx_mk.o
    0x0020d9bc   0x0000001a   Code   RO         1091    i.geventListenerInit  gfx_mk.o
    0x0020d9d6   0x00000002   PAD
    0x0020d9d8   0x00000030   Code   RO         1092    i.geventRegisterCallback  gfx_mk.o
    0x0020da08   0x00000044   Code   RO         1093    i.geventSendEvent   gfx_mk.o
    0x0020da4c   0x00000026   Code   RO         1094    i.gfileClose        gfx_mk.o
    0x0020da72   0x00000014   Code   RO         1099    i.gfileGetPos       gfx_mk.o
    0x0020da86   0x00000042   Code   RO         1103    i.gfileRead         gfx_mk.o
    0x0020dac8   0x00000030   Code   RO         1105    i.gfileSetPos       gfx_mk.o
    0x0020daf8   0x0000000c   Code   RO         1109    i.gfxAlloc          gfx_mk.o
    0x0020db04   0x0000000c   Code   RO         1111    i.gfxExit           gfx_mk.o
    0x0020db10   0x0000000c   Code   RO         1112    i.gfxFree           gfx_mk.o
    0x0020db1c   0x00000040   Code   RO         1114    i.gfxInit           gfx_mk.o
    0x0020db5c   0x00000002   Code   RO         4488    i.gfxMillisecondsToTicks  stm32f746g_raw32_ugfx.o
    0x0020db5e   0x00000016   Code   RO         1115    i.gfxMutexEnter     gfx_mk.o
    0x0020db74   0x00000006   Code   RO         1116    i.gfxMutexExit      gfx_mk.o
    0x0020db7a   0x00000006   Code   RO         1117    i.gfxMutexInit      gfx_mk.o
    0x0020db80   0x00000020   Code   RO         1118    i.gfxQueueASyncGet  gfx_mk.o
    0x0020dba0   0x00000012   Code   RO         1119    i.gfxQueueASyncGetI  gfx_mk.o
    0x0020dbb2   0x00000008   Code   RO         1120    i.gfxQueueASyncInit  gfx_mk.o
    0x0020dbba   0x00000018   Code   RO         1127    i.gfxQueueASyncPut  gfx_mk.o
    0x0020dbd2   0x0000001c   Code   RO         1128    i.gfxQueueASyncPutI  gfx_mk.o
    0x0020dbee   0x00000018   Code   RO         1129    i.gfxQueueASyncRemove  gfx_mk.o
    0x0020dc06   0x00000042   Code   RO         1130    i.gfxQueueASyncRemoveI  gfx_mk.o
    0x0020dc48   0x00000012   Code   RO         1131    i.gfxRealloc        gfx_mk.o
    0x0020dc5a   0x00000006   Code   RO         1132    i.gfxSemInit        gfx_mk.o
    0x0020dc60   0x0000000c   Code   RO         1133    i.gfxSemSignal      gfx_mk.o
    0x0020dc6c   0x00000016   Code   RO         1134    i.gfxSemSignalI     gfx_mk.o
    0x0020dc82   0x0000006e   Code   RO         1135    i.gfxSemWait        gfx_mk.o
    0x0020dcf0   0x00000038   Code   RO         1138    i.gfxSleepMilliseconds  gfx_mk.o
    0x0020dd28   0x00000002   Code   RO         1139    i.gfxSystemLock     gfx_mk.o
    0x0020dd2a   0x00000008   Code   RO         4489    i.gfxSystemTicks    stm32f746g_raw32_ugfx.o
    0x0020dd32   0x00000002   Code   RO         1140    i.gfxSystemUnlock   gfx_mk.o
    0x0020dd34   0x00000064   Code   RO         1141    i.gfxThreadCreate   gfx_mk.o
    0x0020dd98   0x0000004c   Code   RO         1142    i.gfxThreadExit     gfx_mk.o
    0x0020dde4   0x0000003c   Code   RO         1145    i.gfxYield          gfx_mk.o
    0x0020de20   0x00000014   Code   RO         1147    i.ginputGetKeyboard  gfx_mk.o
    0x0020de34   0x0000001c   Code   RO         1148    i.ginputGetMouse    gfx_mk.o
    0x0020de50   0x00000054   Code   RO         1150    i.ginputGetMouseStatus  gfx_mk.o
    0x0020dea4   0x00000006   Code   RO         1154    i.gtimerInit        gfx_mk.o
    0x0020deaa   0x00000016   Code   RO         1155    i.gtimerIsActive    gfx_mk.o
    0x0020dec0   0x00000028   Code   RO         1156    i.gtimerJab         gfx_mk.o
    0x0020dee8   0x000000f4   Code   RO         1158    i.gtimerStart       gfx_mk.o
    0x0020dfdc   0x00000188   Code   RO         1160    i.gwidgetEvent      gfx_mk.o
    0x0020e164   0x00000160   Code   RO         1169    i.gwinButtonDraw_Normal  gfx_mk.o
    0x0020e2c4   0x00000118   Code   RO         1173    i.gwinCheckboxDraw_CheckOnLeft  gfx_mk.o
    0x0020e3dc   0x00000040   Code   RO         1179    i.gwinContainerDraw_Std  gfx_mk.o
    0x0020e41c   0x0000004c   Code   RO         1180    i.gwinContainerDraw_Transparent  gfx_mk.o
    0x0020e468   0x0000000e   Code   RO         1181    i.gwinDestroy       gfx_mk.o
    0x0020e476   0x00000002   PAD
    0x0020e478   0x0000000c   Code   RO         1212    i.gwinGetDefaultBgColor  gfx_mk.o
    0x0020e484   0x00000028   Code   RO         1217    i.gwinGetFirstChild  gfx_mk.o
    0x0020e4ac   0x0000000c   Code   RO         1218    i.gwinGetFocus      gfx_mk.o
    0x0020e4b8   0x0000002a   Code   RO         1219    i.gwinGetInnerHeight  gfx_mk.o
    0x0020e4e2   0x0000002a   Code   RO         1220    i.gwinGetInnerWidth  gfx_mk.o
    0x0020e50c   0x00000014   Code   RO         1222    i.gwinGetNextWindow  gfx_mk.o
    0x0020e520   0x0000002a   Code   RO         1223    i.gwinGetSibling    gfx_mk.o
    0x0020e54a   0x00000002   PAD
    0x0020e54c   0x000010e2   Code   RO         1230    i.gwinKeyboardDraw_Normal  gfx_mk.o
    0x0020f62e   0x00000002   PAD
    0x0020f630   0x0000012c   Code   RO         1233    i.gwinLabelDraw     gfx_mk.o
    0x0020f75c   0x00000010   Code   RO         1235    i.gwinLabelDrawJustifiedLeft  gfx_mk.o
    0x0020f76c   0x0000030c   Code   RO         1239    i.gwinListDefaultDraw  gfx_mk.o
    0x0020fa78   0x00000020   Code   RO         1255    i.gwinMove          gfx_mk.o
    0x0020fa98   0x000001a8   Code   RO         1258    i.gwinProgressbarDraw_Std  gfx_mk.o
    0x0020fc40   0x000000f8   Code   RO         1264    i.gwinRadioDraw_Radio  gfx_mk.o
    0x0020fd38   0x0000003c   Code   RO         1266    i.gwinRadioGetActive  gfx_mk.o
    0x0020fd74   0x0000004c   Code   RO         1268    i.gwinRadioPress    gfx_mk.o
    0x0020fdc0   0x00000020   Code   RO         1272    i.gwinResize        gfx_mk.o
    0x0020fde0   0x00000048   Code   RO         1279    i.gwinSetFocus      gfx_mk.o
    0x0020fe28   0x00000034   Code   RO         1284    i.gwinSetVisible    gfx_mk.o
    0x0020fe5c   0x00000298   Code   RO         1287    i.gwinSliderDraw_Std  gfx_mk.o
    0x002100f4   0x00000002   Code   RO         1291    i.gwinTabpageDraw_Std  gfx_mk.o
    0x002100f6   0x00000002   PAD
    0x002100f8   0x00000080   Code   RO         1295    i.gwinTabsetDraw_Std  gfx_mk.o
    0x00210178   0x0000014c   Code   RO         1301    i.gwinTexteditDefaultDraw  gfx_mk.o
    0x002102c4   0x00000096   Code   RO         1303    i.hline_clip        gfx_mk.o
    0x0021035a   0x00000002   PAD
    0x0021035c   0x000000f4   Code   RO         4655    i.i2cInit           stm32f7_i2c.o
    0x00210450   0x00000064   Code   RO         4656    i.i2cRead           stm32f7_i2c.o
    0x002104b4   0x0000002c   Code   RO         4657    i.i2cReadByte       stm32f7_i2c.o
    0x002104e0   0x0000003c   Code   RO         4658    i.i2cReadWord       stm32f7_i2c.o
    0x0021051c   0x00000068   Code   RO         4659    i.i2cSend           stm32f7_i2c.o
    0x00210584   0x00000020   Code   RO         4661    i.i2cWriteReg       stm32f7_i2c.o
    0x002105a4   0x000000a0   Code   RO         4533    i.init_board        gmouse_lld_ft5336.o
    0x00210644   0x00000050   Code   RO        10667    i.internal_alloc    mc_w.l(mallocr.o)
    0x00210694   0x00000122   Code   RO         1305    i.line_clip         gfx_mk.o
    0x002107b6   0x00000002   PAD
    0x002107b8   0x000000c4   Code   RO          250    i.main              main.o
    0x0021087c   0x0000004e   Code   RO         1306    i.matchfont         gfx_mk.o
    0x002108ca   0x00000020   Code   RO         1309    i.mf_character_width  gfx_mk.o
    0x002108ea   0x00000002   PAD
    0x002108ec   0x00000008   Code   RO         1311    i.mf_get_font_list  gfx_mk.o
    0x002108f4   0x00000068   Code   RO         1312    i.mf_get_string_width  gfx_mk.o
    0x0021095c   0x00000016   Code   RO         1313    i.mf_getchar        gfx_mk.o
    0x00210972   0x0000007e   Code   RO         1314    i.mf_render_aligned  gfx_mk.o
    0x002109f0   0x00000040   Code   RO         1315    i.mf_render_character  gfx_mk.o
    0x00210a30   0x00000008   Code   RO         1317    i.mf_rewind         gfx_mk.o
    0x00210a38   0x0000001a   Code   RO         1318    i.mf_rlefont_character_width  gfx_mk.o
    0x00210a52   0x00000070   Code   RO         1319    i.mf_rlefont_render_character  gfx_mk.o
    0x00210ac2   0x0000003e   Code   RO         1320    i.mf_round_to_prev_tab  gfx_mk.o
    0x00210b00   0x0000003e   Code   RO         1321    i.mf_round_to_tab   gfx_mk.o
    0x00210b3e   0x00000020   Code   RO         1323    i.mf_scaled_character_width  gfx_mk.o
    0x00210b5e   0x00000002   PAD
    0x00210b60   0x00000060   Code   RO         1324    i.mf_scaled_render_character  gfx_mk.o
    0x00210bc0   0x00000114   Code   RO         1326    i.mouseDown         gfx_mk.o
    0x00210cd4   0x0000007e   Code   RO         1327    i.ntarea            gfx_mk.o
    0x00210d52   0x00000002   PAD
    0x00210d54   0x00000018   Code   RO         4534    i.read_byte         gmouse_lld_ft5336.o
    0x00210d6c   0x00000018   Code   RO         4535    i.read_word         gmouse_lld_ft5336.o
    0x00210d84   0x0000006c   Code   RO        10668    i.realloc           mc_w.l(mallocr.o)
    0x00210df0   0x00000064   Code   RO         1329    i.render_left       gfx_mk.o
    0x00210e54   0x0000008a   Code   RO         1330    i.render_right      gfx_mk.o
    0x00210ede   0x00000060   Code   RO         1331    i.resizeText        gfx_mk.o
    0x00210f3e   0x00000002   PAD
    0x00210f40   0x00000198   Code   RO         4724    i.rundisplay        gui.o
    0x002110d8   0x0000005a   Code   RO         1333    i.scaled_pixel_callback  gfx_mk.o
    0x00211132   0x00000002   PAD
    0x00211134   0x00000040   Code   RO         1334    i.sendListEvent     gfx_mk.o
    0x00211174   0x00000024   Code   RO          574    i.set_backlight     gdisp_lld_stm32ltdc.o
    0x00211198   0x0000002e   Code   RO         1335    i.skip_pixels       gfx_mk.o
    0x002111c6   0x0000005c   Code   RO         1337    i.strip_spaces      gfx_mk.o
    0x00211222   0x00000096   Code   RO         1339    i.vline_clip        gfx_mk.o
    0x002112b8   0x0000005c   Code   RO         1340    i.write_bin_codeword  gfx_mk.o
    0x00211314   0x00000038   Code   RO         1341    i.write_glyph_codeword  gfx_mk.o
    0x0021134c   0x00000068   Code   RO         1342    i.write_pixels      gfx_mk.o
    0x002113b4   0x00000050   Code   RO         1343    i.write_ref_codeword  gfx_mk.o
    0x00211404   0x00000040   Code   RO         1344    i.write_ref_dictentry  gfx_mk.o
    0x00211444   0x0000001c   Code   RO         4536    i.write_reg         gmouse_lld_ft5336.o
    0x00211460   0x000000a4   Code   RO         1345    i.write_rle_dictentry  gfx_mk.o
    0x00211504   0x000000d0   Data   RO          575    .constdata          gdisp_lld_stm32ltdc.o
    0x002115d4   0x0000ffcc   Data   RO         1347    .constdata          gfx_mk.o
    0x002215a0   0x0000003c   Data   RO         4537    .constdata          gmouse_lld_ft5336.o
    0x002215dc   0x00000018   Data   RO        10071    .constdata          system_stm32f7xx.o
    0x002215f4   0x00000014   Data   RO        10538    .constdata          sdram_diskio.o
    0x00221608   0x000001a5   Data   RO         1348    .conststring        gfx_mk.o
    0x002217ad   0x00000003   PAD
    0x002217b0   0x00000020   Data   RO        10707    Region$$Table       anon$$obj.o


    Execution Region RW_IRAM1 (Base: 0x20000000, Size: 0x00001808, Max: 0x00050000, ABSOLUTE, COMPRESSED[0x0000006c])

    Base Addr    Size         Type   Attr      Idx    E Section Name        Object

    0x20000000   0x00000005   Data   RW          171    .data               fatfs.o
    0x20000005   0x00000003   PAD
    0x20000008   0x00000008   Data   RW          406    .data               stm32f7xx_hal_msp.o
    0x20000010   0x0000010c   Data   RW         1349    .data               gfx_mk.o
    0x2000011c   0x00000004   Data   RW         6448    .data               stm32f7xx_hal.o
    0x20000120   0x00000004   Data   RW        10072    .data               system_stm32f7xx.o
    0x20000124   0x00000001   Data   RW        10539    .data               sdram_diskio.o
    0x20000125   0x00000003   PAD
    0x20000128   0x00000004   Data   RW        10703    .data               mc_w.l(mvars.o)
    0x2000012c   0x00000004   Data   RW        10704    .data               mc_w.l(mvars.o)
    0x20000130   0x000005bc   Zero   RW          251    .bss                main.o
    0x200006ec   0x00000ab0   Zero   RW         1346    .bss                gfx_mk.o
    0x2000119c   0x00000060   Zero   RW         4224    .bss                stm32f746g_discovery_sdram.o
    0x200011fc   0x0000000c   Zero   RW        10111    .bss                ff_gen_drv.o
    0x20001208   0x00000200   Zero   RW         4758    HEAP                startup_stm32f746xx.o
    0x20001408   0x00000400   Zero   RW         4757    STACK               startup_stm32f746xx.o


==============================================================================

Image component sizes


      Code (inc. data)   RO Data    RW Data    ZI Data      Debug   Object Name

        28         12          0          5          0       2906   fatfs.o
       102          6          0          0         12       1631   ff_gen_drv.o
      2204        160        208          0          0      27329   gdisp_lld_stm32ltdc.o
     35928        734      65905        268       2736     250787   gfx_mk.o
       352         32         60          0          0      13760   gmouse_lld_ft5336.o
       900         70          0          0          0       1438   gui.o
      4356        558          0          0       1468      46082   main.o
       218         14         20          1          0       4422   sdram_diskio.o
        36          8        456          0       1536        788   startup_stm32f746xx.o
      5434        100          0          0         96      45784   stm32f746g_discovery_sdram.o
        10          0          0          0          0       1166   stm32f746g_raw32_ugfx.o
       644         50          0          0          0       6132   stm32f7_i2c.o
       134         20          0          4          0       3671   stm32f7xx_hal.o
       916         40          0          0          0       2615   stm32f7xx_hal_adc.o
       322         22          0          0          0      36840   stm32f7xx_hal_cortex.o
       548         52          0          0          0       2384   stm32f7xx_hal_gpio.o
       196          4          0          0          0       2647   stm32f7xx_hal_i2c.o
       212          0          0          0          0       1907   stm32f7xx_hal_i2c_ex.o
       920          6          0          0          0       2795   stm32f7xx_hal_ltdc.o
      2044        260          0          8          0      10493   stm32f7xx_hal_msp.o
       144          8          0          0          0       1244   stm32f7xx_hal_pwr_ex.o
       296          8          0          0          0       3134   stm32f7xx_hal_qspi.o
      1972         62          0          0          0       5400   stm32f7xx_hal_rcc.o
      2328         26          0          0          0       2228   stm32f7xx_hal_rcc_ex.o
      1420         14          0          0          0       6753   stm32f7xx_hal_rtc.o
       158          0          0          0          0       2576   stm32f7xx_hal_rtc_ex.o
      1856          0          0          0          0       8044   stm32f7xx_hal_sd.o
        64          0          0          0          0       1145   stm32f7xx_hal_sdram.o
       120          4          0          0          0       1143   stm32f7xx_hal_spdifrx.o
       204          0          0          0          0       1191   stm32f7xx_hal_spi.o
      1250        100          0          0          0       9252   stm32f7xx_hal_tim.o
       852         44          0          0          0       4516   stm32f7xx_hal_tim_ex.o
      1448         50          0          0          0       4457   stm32f7xx_hal_uart.o
        12          0          0          0          0     923042   stm32f7xx_it.o
       272          4          0          0          0       1929   stm32f7xx_ll_fmc.o
      1728         36          0          0          0      18396   stm32f7xx_ll_sdmmc.o
       100         18         24          4          0       1107   system_stm32f7xx.o

    ----------------------------------------------------------------------
     69810       2522      66708        296       5848    1461134   Object Totals
         0          0         32          0          0          0   (incl. Generated)
        82          0          3          6          0          0   (incl. Padding)

    ----------------------------------------------------------------------

      Code (inc. data)   RO Data    RW Data    ZI Data      Debug   Library Member Name

        86          0          0          0          0          0   __dczerorl2.o
         0          0          0          0          0          0   entry.o
         0          0          0          0          0          0   entry10a.o
         0          0          0          0          0          0   entry11a.o
         8          4          0          0          0          0   entry2.o
         4          0          0          0          0          0   entry5.o
         0          0          0          0          0          0   entry7b.o
         0          0          0          0          0          0   entry8b.o
         8          4          0          0          0          0   entry9a.o
        30          0          0          0          0          0   handlers.o
        36          8          0          0          0         68   init.o
       360         30          0          0          0        356   mallocr.o
        36          0          0          0          0         68   memcpya.o
        36          0          0          0          0        108   memseta.o
         0          0          0          8          0          0   mvars.o
        28          0          0          0          0         76   strcmp.o
        14          0          0          0          0         68   strlen.o

    ----------------------------------------------------------------------
       650         46          0          8          0        744   Library Totals
         4          0          0          0          0          0   (incl. Padding)

    ----------------------------------------------------------------------

      Code (inc. data)   RO Data    RW Data    ZI Data      Debug   Library Name

       646         46          0          8          0        744   mc_w.l

    ----------------------------------------------------------------------
       650         46          0          8          0        744   Library Totals

    ----------------------------------------------------------------------

==============================================================================


      Code (inc. data)   RO Data    RW Data    ZI Data      Debug   

     70460       2568      66708        304       5848    1415602   Grand Totals
     70460       2568      66708        108       5848    1415602   ELF Image Totals (compressed)
     70460       2568      66708        108          0          0   ROM Totals

==============================================================================

    Total RO  Size (Code + RO Data)               137168 ( 133.95kB)
    Total RW  Size (RW Data + ZI Data)              6152 (   6.01kB)
    Total ROM Size (Code + RO Data + RW Data)     137276 ( 134.06kB)

==============================================================================

