<html>
<body>
<pre>
<h1>µVision Build Log</h1>
<h2>Tool Versions:</h2>
IDE-Version: µVision V5.24.2.0
Copyright (C) 2017 ARM Ltd and ARM Germany GmbH. All rights reserved.
License Information: Man Tze Wei, testing , LIC=DSNMM-X0A5B-UKGB6-DKBK4-HNE0R-DZAXW
 
Tool Versions:
Toolchain:       MDK-ARM Professional  Version: 5.24.1
Toolchain Path:  C:\Keil_v5\ARM\ARMCC\Bin
C Compiler:      Armcc.exe V5.06 update 5 (build 528)
Assembler:       Armasm.exe V5.06 update 5 (build 528)
Linker/Locator:  ArmLink.exe V5.06 update 5 (build 528)
Library Manager: ArmAr.exe V5.06 update 5 (build 528)
Hex Converter:   FromElf.exe V5.06 update 5 (build 528)
CPU DLL:         SARMCM3.DLL V5.24.1
Dialog DLL:      DCM.DLL V1.16.0.0
Target DLL:      STLink\ST-LINKIII-KEIL_SWO.dll V3.0.1.0
Dialog DLL:      TCM.DLL V1.32.0.0
 
<h2>Project:</h2>
C:\Users\Tze Wei\Desktop\STM32_TemplateCode\uGFXKEIL_TEMPLATE\MDK-ARM\KEILPROJECT2.uvprojx
Project File Date:  08/19/2017

<h2>Output:</h2>
*** Using Compiler 'V5.06 update 5 (build 528)', folder: 'C:\Keil_v5\ARM\ARMCC\Bin'
Build target 'KEILPROJECT2'
compiling stm32f746g_raw32_ugfx.c...
compiling stm32f746g_discovery_sdram.c...
compiling gdisp_lld_STM32LTDC.c...
..\ugfx\drivers\gdisp\STM32LTDC\gdisp_lld_STM32LTDC.c(204): warning:  #61-D: integer operation result is out of range
  	
TDC->GCR = driverCfg.syncflags & (
TDC_EF_MASK & ~LTDC_EF_ENABLE);
..\ugfx\drivers\gdisp\STM32LTDC\gdisp_lld_STM32LTDC.c: 1 warning, 0 errors
compiling gmouse_lld_FT5336.c...
compiling stm32f7_i2c.c...
compiling userSdcard.c...
userSdcard.c(68): warning:  #1-D: last line of file ends without a newline
  }
userSdcard.c: 1 warning, 0 errors
compiling gui.c...
compiling gfx_mk.c...
..\ugfx\src\gwin/gwin_keyboard.c(125): warning:  #61-D: integer operation result is out of range
  		psl->srcflags |= (unsigned)
KEYSTATE_MISSED_EVENT;
..\ugfx\src\gfx_mk.c: 1 warning, 0 errors
linking...
Program Size: Code=74504 RO-data=17244 RW-data=308 ZI-data=21172  
"KEILPROJECT2\KEILPROJECT2.axf" - 0 Error(s), 3 Warning(s).

<h2>Software Packages used:</h2>

Package Vendor: ARM
                http://www.keil.com/pack/ARM.CMSIS.5.1.0.pack
                ARM.CMSIS.5.1.0
                CMSIS (Cortex Microcontroller Software Interface Standard)
   * Component: CORE Version: 5.0.2

Package Vendor: Keil
                http://www.keil.com/pack/Keil.STM32F7xx_DFP.2.9.0.pack
                Keil.STM32F7xx_DFP.2.9.0
                STMicroelectronics STM32F7 Series Device Support, Drivers and Examples

<h2>Collection of Component include folders:</h2>
  .\RTE\_KEILPROJECT2
  C:\Keil_v5\ARM\PACK\ARM\CMSIS\5.1.0\CMSIS\Include
  C:\Keil_v5\ARM\PACK\Keil\STM32F7xx_DFP\2.9.0\Drivers\CMSIS\Device\ST\STM32F7xx\Include

<h2>Collection of Component Files used:</h2>

   * Component: ARM::CMSIS:CORE:5.0.2
Build Time Elapsed:  00:00:04
</pre>
</body>
</html>
