Component: ARM Compiler 5.06 update 5 (build 528) Tool: armlink [4d35e2]

==============================================================================

Section Cross References

    stm32f7xx_it.o(i.SysTick_Handler) refers to stm32f7xx_hal.o(i.HAL_IncTick) for HAL_IncTick
    stm32f7xx_it.o(i.SysTick_Handler) refers to stm32f7xx_hal_cortex.o(i.HAL_SYSTICK_IRQHandler) for HAL_SYSTICK_IRQHandler
    fatfs.o(i.MX_FATFS_Init) refers to ff_gen_drv.o(i.FATFS_LinkDriver) for FATFS_LinkDriver
    fatfs.o(i.MX_FATFS_Init) refers to fatfs.o(.data) for SDRAMDISK_Path
    fatfs.o(i.MX_FATFS_Init) refers to sdram_diskio.o(.constdata) for SDRAMDISK_Driver
    main.o(i.MX_ADC3_Init) refers to stm32f7xx_hal_adc.o(i.HAL_ADC_Init) for HAL_ADC_Init
    main.o(i.MX_ADC3_Init) refers to main.o(i._Error_Handler) for _Error_Handler
    main.o(i.MX_ADC3_Init) refers to stm32f7xx_hal_adc.o(i.HAL_ADC_ConfigChannel) for HAL_ADC_ConfigChannel
    main.o(i.MX_ADC3_Init) refers to main.o(.bss) for hadc3
    main.o(i.MX_FMC_Init) refers to stm32f7xx_hal_sdram.o(i.HAL_SDRAM_Init) for HAL_SDRAM_Init
    main.o(i.MX_FMC_Init) refers to main.o(i._Error_Handler) for _Error_Handler
    main.o(i.MX_FMC_Init) refers to main.o(.bss) for hsdram1
    main.o(i.MX_GPIO_Init) refers to stm32f7xx_hal_gpio.o(i.HAL_GPIO_WritePin) for HAL_GPIO_WritePin
    main.o(i.MX_GPIO_Init) refers to stm32f7xx_hal_gpio.o(i.HAL_GPIO_Init) for HAL_GPIO_Init
    main.o(i.MX_I2C1_Init) refers to stm32f7xx_hal_i2c.o(i.HAL_I2C_Init) for HAL_I2C_Init
    main.o(i.MX_I2C1_Init) refers to main.o(i._Error_Handler) for _Error_Handler
    main.o(i.MX_I2C1_Init) refers to stm32f7xx_hal_i2c_ex.o(i.HAL_I2CEx_ConfigAnalogFilter) for HAL_I2CEx_ConfigAnalogFilter
    main.o(i.MX_I2C1_Init) refers to stm32f7xx_hal_i2c_ex.o(i.HAL_I2CEx_ConfigDigitalFilter) for HAL_I2CEx_ConfigDigitalFilter
    main.o(i.MX_I2C1_Init) refers to main.o(.bss) for hi2c1
    main.o(i.MX_I2C3_Init) refers to stm32f7xx_hal_i2c.o(i.HAL_I2C_Init) for HAL_I2C_Init
    main.o(i.MX_I2C3_Init) refers to main.o(i._Error_Handler) for _Error_Handler
    main.o(i.MX_I2C3_Init) refers to stm32f7xx_hal_i2c_ex.o(i.HAL_I2CEx_ConfigAnalogFilter) for HAL_I2CEx_ConfigAnalogFilter
    main.o(i.MX_I2C3_Init) refers to stm32f7xx_hal_i2c_ex.o(i.HAL_I2CEx_ConfigDigitalFilter) for HAL_I2CEx_ConfigDigitalFilter
    main.o(i.MX_I2C3_Init) refers to main.o(.bss) for hi2c3
    main.o(i.MX_LTDC_Init) refers to stm32f7xx_hal_ltdc.o(i.HAL_LTDC_Init) for HAL_LTDC_Init
    main.o(i.MX_LTDC_Init) refers to main.o(i._Error_Handler) for _Error_Handler
    main.o(i.MX_LTDC_Init) refers to stm32f7xx_hal_ltdc.o(i.HAL_LTDC_ConfigLayer) for HAL_LTDC_ConfigLayer
    main.o(i.MX_LTDC_Init) refers to main.o(.bss) for hltdc
    main.o(i.MX_QUADSPI_Init) refers to stm32f7xx_hal_qspi.o(i.HAL_QSPI_Init) for HAL_QSPI_Init
    main.o(i.MX_QUADSPI_Init) refers to main.o(i._Error_Handler) for _Error_Handler
    main.o(i.MX_QUADSPI_Init) refers to main.o(.bss) for hqspi
    main.o(i.MX_RTC_Init) refers to stm32f7xx_hal_rtc.o(i.HAL_RTC_Init) for HAL_RTC_Init
    main.o(i.MX_RTC_Init) refers to main.o(i._Error_Handler) for _Error_Handler
    main.o(i.MX_RTC_Init) refers to stm32f7xx_hal_rtc_ex.o(i.HAL_RTCEx_BKUPRead) for HAL_RTCEx_BKUPRead
    main.o(i.MX_RTC_Init) refers to stm32f7xx_hal_rtc.o(i.HAL_RTC_SetTime) for HAL_RTC_SetTime
    main.o(i.MX_RTC_Init) refers to stm32f7xx_hal_rtc.o(i.HAL_RTC_SetDate) for HAL_RTC_SetDate
    main.o(i.MX_RTC_Init) refers to stm32f7xx_hal_rtc_ex.o(i.HAL_RTCEx_BKUPWrite) for HAL_RTCEx_BKUPWrite
    main.o(i.MX_RTC_Init) refers to stm32f7xx_hal_rtc.o(i.HAL_RTC_SetAlarm) for HAL_RTC_SetAlarm
    main.o(i.MX_RTC_Init) refers to stm32f7xx_hal_rtc_ex.o(i.HAL_RTCEx_SetTimeStamp) for HAL_RTCEx_SetTimeStamp
    main.o(i.MX_RTC_Init) refers to main.o(.bss) for hrtc
    main.o(i.MX_SDMMC1_SD_Init) refers to stm32f7xx_hal_sd.o(i.HAL_SD_Init) for HAL_SD_Init
    main.o(i.MX_SDMMC1_SD_Init) refers to main.o(i._Error_Handler) for _Error_Handler
    main.o(i.MX_SDMMC1_SD_Init) refers to stm32f7xx_hal_sd.o(i.HAL_SD_ConfigWideBusOperation) for HAL_SD_ConfigWideBusOperation
    main.o(i.MX_SDMMC1_SD_Init) refers to main.o(.bss) for hsd1
    main.o(i.MX_SPDIFRX_Init) refers to stm32f7xx_hal_spdifrx.o(i.HAL_SPDIFRX_Init) for HAL_SPDIFRX_Init
    main.o(i.MX_SPDIFRX_Init) refers to main.o(i._Error_Handler) for _Error_Handler
    main.o(i.MX_SPDIFRX_Init) refers to main.o(.bss) for hspdif
    main.o(i.MX_SPI2_Init) refers to stm32f7xx_hal_spi.o(i.HAL_SPI_Init) for HAL_SPI_Init
    main.o(i.MX_SPI2_Init) refers to main.o(i._Error_Handler) for _Error_Handler
    main.o(i.MX_SPI2_Init) refers to main.o(.bss) for hspi2
    main.o(i.MX_TIM12_Init) refers to stm32f7xx_hal_tim.o(i.HAL_TIM_PWM_Init) for HAL_TIM_PWM_Init
    main.o(i.MX_TIM12_Init) refers to main.o(i._Error_Handler) for _Error_Handler
[...]
    _geventInit                              0x0020a855   Thumb Code    10  gfx_mk.o(i._geventInit)
    _gfileInit                               0x0020a865   Thumb Code     2  gfx_mk.o(i._gfileInit)
    _ginputInit                              0x0020a867   Thumb Code     8  gfx_mk.o(i._ginputInit)
    _gmouseDeInitDriver                      0x0020a86f   Thumb Code     2  gfx_mk.o(i._gmouseDeInitDriver)
    _gmouseInit                              0x0020a871   Thumb Code    24  gfx_mk.o(i._gmouseInit)
    _gmouseInitDriver                        0x0020a891   Thumb Code    74  gfx_mk.o(i._gmouseInitDriver)
    _gmousePostInitDriver                    0x0020a8e5   Thumb Code    74  gfx_mk.o(i._gmousePostInitDriver)
    _gosHeapInit                             0x0020a931   Thumb Code    14  gfx_mk.o(i._gosHeapInit)
    _gosInit                                 0x0020a945   Thumb Code    12  gfx_mk.o(i._gosInit)
    _gosPostInit                             0x0020a951   Thumb Code     2  gfx_mk.o(i._gosPostInit)
    _gosThreadsInit                          0x0020a955   Thumb Code    36  gfx_mk.o(i._gosThreadsInit)
    _gqueueInit                              0x0020a985   Thumb Code     2  gfx_mk.o(i._gqueueInit)
    _gtimerInit                              0x0020a989   Thumb Code    30  gfx_mk.o(i._gtimerInit)
    _gwidgetCreate                           0x0020a9b5   Thumb Code   102  gfx_mk.o(i._gwidgetCreate)
    _gwidgetDestroy                          0x0020aa25   Thumb Code    48  gfx_mk.o(i._gwidgetDestroy)
    _gwidgetDrawFocusRect                    0x0020aa55   Thumb Code   102  gfx_mk.o(i._gwidgetDrawFocusRect)
    _gwidgetInit                             0x0020aac1   Thumb Code    60  gfx_mk.o(i._gwidgetInit)
    _gwidgetRedraw                           0x0020ab05   Thumb Code    26  gfx_mk.o(i._gwidgetRedraw)
    _gwinDestroy                             0x0020ab21   Thumb Code   100  gfx_mk.o(i._gwinDestroy)
    _gwinDrawEnd                             0x0020ab89   Thumb Code    48  gfx_mk.o(i._gwinDrawEnd)
    _gwinDrawStart                           0x0020abbd   Thumb Code    72  gfx_mk.o(i._gwinDrawStart)
    _gwinFixFocus                            0x0020ac09   Thumb Code   110  gfx_mk.o(i._gwinFixFocus)
    _gwinFlushRedraws                        0x0020ac81   Thumb Code   318  gfx_mk.o(i._gwinFlushRedraws)
    _gwinInit                                0x0020adcd   Thumb Code    16  gfx_mk.o(i._gwinInit)
    _gwinMoveFocus                           0x0020addd   Thumb Code    54  gfx_mk.o(i._gwinMoveFocus)
    _gwinRippleVisibility                    0x0020ae19   Thumb Code   178  gfx_mk.o(i._gwinRippleVisibility)
    _gwinSendEvent                           0x0020aed1   Thumb Code    52  gfx_mk.o(i._gwinSendEvent)
    _gwinUpdate                              0x0020af09   Thumb Code    44  gfx_mk.o(i._gwinUpdate)
    _gwinWMAdd                               0x0020af3d   Thumb Code    84  gfx_mk.o(i._gwinWMAdd)
    _gwindowCreate                           0x0020af95   Thumb Code   118  gfx_mk.o(i._gwindowCreate)
    _gwmInit                                 0x0020b019   Thumb Code    58  gfx_mk.o(i._gwmInit)
    fabs                                     0x0020b9b3   Thumb Code    24  fabs.o(i.fabs)
    gdispBlendColor                          0x0020badf   Thumb Code   108  gfx_mk.o(i.gdispBlendColor)
    gdispCloseFont                           0x0020bb4b   Thumb Code    26  gfx_mk.o(i.gdispCloseFont)
    gdispGBlitArea                           0x0020bb65   Thumb Code   330  gfx_mk.o(i.gdispGBlitArea)
    gdispGClear                              0x0020bcaf   Thumb Code    46  gfx_mk.o(i.gdispGClear)
    gdispGDrawArc                            0x0020bcdd   Thumb Code  3658  gfx_mk.o(i.gdispGDrawArc)
    gdispGDrawBox                            0x0020cb27   Thumb Code   178  gfx_mk.o(i.gdispGDrawBox)
    gdispGDrawChar                           0x0020cbd9   Thumb Code   108  gfx_mk.o(i.gdispGDrawChar)
    gdispGDrawCircle                         0x0020cc49   Thumb Code   408  gfx_mk.o(i.gdispGDrawCircle)
    gdispGDrawLine                           0x0020cde1   Thumb Code    56  gfx_mk.o(i.gdispGDrawLine)
    gdispGDrawPixel                          0x0020ce19   Thumb Code    44  gfx_mk.o(i.gdispGDrawPixel)
    gdispGDrawRoundedBox                     0x0020ce45   Thumb Code   330  gfx_mk.o(i.gdispGDrawRoundedBox)
    gdispGDrawStringBox                      0x0020cf91   Thumb Code   234  gfx_mk.o(i.gdispGDrawStringBox)
    gdispGFillArc                            0x0020d081   Thumb Code  5992  gfx_mk.o(i.gdispGFillArc)
    gdispGFillArea                           0x0020e7e9   Thumb Code   188  gfx_mk.o(i.gdispGFillArea)
    gdispGFillCircle                         0x0020e8a5   Thumb Code   316  gfx_mk.o(i.gdispGFillCircle)
    gdispGFillRoundedBox                     0x0020e9e1   Thumb Code   268  gfx_mk.o(i.gdispGFillRoundedBox)
    gdispGFillStringBox                      0x0020eaed   Thumb Code   392  gfx_mk.o(i.gdispGFillStringBox)
    gdispGGetHeight                          0x0020ec79   Thumb Code     8  gfx_mk.o(i.gdispGGetHeight)
    gdispGGetOrientation                     0x0020ec81   Thumb Code     6  gfx_mk.o(i.gdispGGetOrientation)
    gdispGGetWidth                           0x0020ec87   Thumb Code     8  gfx_mk.o(i.gdispGGetWidth)
    gdispGImageDraw                          0x0020ec8f   Thumb Code   142  gfx_mk.o(i.gdispGImageDraw)
    gdispGImageDraw_BMP                      0x0020ed1d   Thumb Code   610  gfx_mk.o(i.gdispGImageDraw_BMP)
    gdispGSetClip                            0x0020ef7f   Thumb Code   146  gfx_mk.o(i.gdispGSetClip)
    gdispGetCharWidth                        0x0020f011   Thumb Code    22  gfx_mk.o(i.gdispGetCharWidth)
    gdispGetFontMetric                       0x0020f027   Thumb Code    64  gfx_mk.o(i.gdispGetFontMetric)
    gdispGetStringWidth                      0x0020f067   Thumb Code    18  gfx_mk.o(i.gdispGetStringWidth)
    gdispGetStringWidthCount                 0x0020f079   Thumb Code    30  gfx_mk.o(i.gdispGetStringWidthCount)
    gdispImageAdjustPalette_BMP              0x0020f097   Thumb Code    48  gfx_mk.o(i.gdispImageAdjustPalette_BMP)
    gdispImageAlloc                          0x0020f0c7   Thumb Code    14  gfx_mk.o(i.gdispImageAlloc)
    gdispImageCache_BMP                      0x0020f0d5   Thumb Code   282  gfx_mk.o(i.gdispImageCache_BMP)
    gdispImageClose                          0x0020f1ef   Thumb Code    34  gfx_mk.o(i.gdispImageClose)
    gdispImageClose_BMP                      0x0020f211   Thumb Code    62  gfx_mk.o(i.gdispImageClose_BMP)
    gdispImageFree                           0x0020f24f   Thumb Code    16  gfx_mk.o(i.gdispImageFree)
    gdispImageGetPaletteSize_BMP             0x0020f25f   Thumb Code    26  gfx_mk.o(i.gdispImageGetPaletteSize_BMP)
    gdispImageGetPalette_BMP                 0x0020f279   Thumb Code    46  gfx_mk.o(i.gdispImageGetPalette_BMP)
    gdispImageIsOpen                         0x0020f2a7   Thumb Code    18  gfx_mk.o(i.gdispImageIsOpen)
    gdispImageNext                           0x0020f2b9   Thumb Code    24  gfx_mk.o(i.gdispImageNext)
    gdispImageNext_BMP                       0x0020f2d1   Thumb Code     8  gfx_mk.o(i.gdispImageNext_BMP)
    gdispImageOpen_BMP                       0x0020f2d9   Thumb Code  1128  gfx_mk.o(i.gdispImageOpen_BMP)
    gdispImageSetBgColor                     0x0020f741   Thumb Code     4  gfx_mk.o(i.gdispImageSetBgColor)
    gdispOpenFont                            0x0020f745   Thumb Code    82  gfx_mk.o(i.gdispOpenFont)
    gdisp_lld_control                        0x0020f79d   Thumb Code   232  gdisp_lld_stm32ltdc.o(i.gdisp_lld_control)
    gdisp_lld_draw_pixel                     0x0020f885   Thumb Code   164  gdisp_lld_stm32ltdc.o(i.gdisp_lld_draw_pixel)
    gdisp_lld_fill_area                      0x0020f931   Thumb Code   276  gdisp_lld_stm32ltdc.o(i.gdisp_lld_fill_area)
    gdisp_lld_get_pixel_color                0x0020fa51   Thumb Code   164  gdisp_lld_stm32ltdc.o(i.gdisp_lld_get_pixel_color)
    gdisp_lld_init                           0x0020fafd   Thumb Code   156  gdisp_lld_stm32ltdc.o(i.gdisp_lld_init)
    gdriverGetInstance                       0x0020fbad   Thumb Code    42  gfx_mk.o(i.gdriverGetInstance)
    gdriverGetNext                           0x0020fbdd   Thumb Code    32  gfx_mk.o(i.gdriverGetNext)
    gdriverRegister                          0x0020fc01   Thumb Code   138  gfx_mk.o(i.gdriverRegister)
    geventAttachSource                       0x00210579   Thumb Code   106  gfx_mk.o(i.geventAttachSource)
    geventDetachSourceListeners              0x002105ed   Thumb Code    26  gfx_mk.o(i.geventDetachSourceListeners)
    geventEventWait                          0x0021060d   Thumb Code    42  gfx_mk.o(i.geventEventWait)
    geventGetEventBuffer                     0x00210639   Thumb Code    54  gfx_mk.o(i.geventGetEventBuffer)
    geventGetSourceListener                  0x00210675   Thumb Code    96  gfx_mk.o(i.geventGetSourceListener)
    geventListenerInit                       0x002106dd   Thumb Code    26  gfx_mk.o(i.geventListenerInit)
    geventRegisterCallback                   0x002106f9   Thumb Code    44  gfx_mk.o(i.geventRegisterCallback)
    geventSendEvent                          0x00210729   Thumb Code    62  gfx_mk.o(i.geventSendEvent)
    gfileClose                               0x0021076d   Thumb Code    38  gfx_mk.o(i.gfileClose)
    gfileGetPos                              0x00210793   Thumb Code    20  gfx_mk.o(i.gfileGetPos)
    gfileRead                                0x002107a7   Thumb Code    66  gfx_mk.o(i.gfileRead)
    gfileSetPos                              0x002107e9   Thumb Code    48  gfx_mk.o(i.gfileSetPos)
    gfxAddHeapBlock                          0x00210819   Thumb Code    24  gfx_mk.o(i.gfxAddHeapBlock)
    gfxAlloc                                 0x00210831   Thumb Code    90  gfx_mk.o(i.gfxAlloc)
    gfxExit                                  0x00210891   Thumb Code    12  gfx_mk.o(i.gfxExit)
    gfxFree                                  0x0021089d   Thumb Code   126  gfx_mk.o(i.gfxFree)
    gfxInit                                  0x00210921   Thumb Code    60  gfx_mk.o(i.gfxInit)
    gfxMillisecondsToTicks                   0x00210961   Thumb Code     2  stm32f746g_raw32_ugfx.o(i.gfxMillisecondsToTicks)
    gfxMutexEnter                            0x00210963   Thumb Code    22  gfx_mk.o(i.gfxMutexEnter)
    gfxMutexExit                             0x00210979   Thumb Code     6  gfx_mk.o(i.gfxMutexExit)
    gfxMutexInit                             0x0021097f   Thumb Code     6  gfx_mk.o(i.gfxMutexInit)
    gfxQueueASyncInit                        0x00210985   Thumb Code     8  gfx_mk.o(i.gfxQueueASyncInit)
    gfxQueueASyncPut                         0x0021098d   Thumb Code    24  gfx_mk.o(i.gfxQueueASyncPut)
    gfxQueueASyncPutI                        0x002109a5   Thumb Code    28  gfx_mk.o(i.gfxQueueASyncPutI)
    gfxQueueASyncRemove                      0x002109c1   Thumb Code    24  gfx_mk.o(i.gfxQueueASyncRemove)
    gfxQueueASyncRemoveI                     0x002109d9   Thumb Code    66  gfx_mk.o(i.gfxQueueASyncRemoveI)
    gfxRealloc                               0x00210a1d   Thumb Code   178  gfx_mk.o(i.gfxRealloc)
    gfxSemInit                               0x00210ad5   Thumb Code     6  gfx_mk.o(i.gfxSemInit)
    gfxSemSignal                             0x00210adb   Thumb Code    12  gfx_mk.o(i.gfxSemSignal)
    gfxSemSignalI                            0x00210ae7   Thumb Code    22  gfx_mk.o(i.gfxSemSignalI)
    gfxSemWait                               0x00210afd   Thumb Code   110  gfx_mk.o(i.gfxSemWait)
    gfxSleepMilliseconds                     0x00210b6b   Thumb Code    56  gfx_mk.o(i.gfxSleepMilliseconds)
    gfxSystemLock                            0x00210ba3   Thumb Code     2  gfx_mk.o(i.gfxSystemLock)
    gfxSystemTicks                           0x00210ba5   Thumb Code     8  stm32f746g_raw32_ugfx.o(i.gfxSystemTicks)
    gfxSystemUnlock                          0x00210bad   Thumb Code     2  gfx_mk.o(i.gfxSystemUnlock)
    gfxThreadCreate                          0x00210bb1   Thumb Code    92  gfx_mk.o(i.gfxThreadCreate)
    gfxThreadExit                            0x00210c15   Thumb Code    64  gfx_mk.o(i.gfxThreadExit)
    gfxYield                                 0x00210c61   Thumb Code    50  gfx_mk.o(i.gfxYield)
    ginputGetKeyboard                        0x00210c9d   Thumb Code    14  gfx_mk.o(i.ginputGetKeyboard)
    ginputGetMouse                           0x00210cb1   Thumb Code    22  gfx_mk.o(i.ginputGetMouse)
    gtimerInit                               0x00210ccd   Thumb Code     6  gfx_mk.o(i.gtimerInit)
    gtimerIsActive                           0x00210cd3   Thumb Code    22  gfx_mk.o(i.gtimerIsActive)
    gtimerJab                                0x00210ce9   Thumb Code    32  gfx_mk.o(i.gtimerJab)
    gtimerStart                              0x00210d11   Thumb Code   218  gfx_mk.o(i.gtimerStart)
    guiCreate                                0x00210e05   Thumb Code    64  gui.o(i.guiCreate)
    guiShowPage                              0x00210e51   Thumb Code    52  gui.o(i.guiShowPage)
    gwinAttachListener                       0x00211015   Thumb Code    16  gfx_mk.o(i.gwinAttachListener)
    gwinAttachMouse                          0x00211029   Thumb Code     6  gfx_mk.o(i.gwinAttachMouse)
    gwinButtonDraw_Normal                    0x00211031   Thumb Code   348  gfx_mk.o(i.gwinButtonDraw_Normal)
    gwinButtonDraw_Rounded                   0x00211191   Thumb Code   272  gfx_mk.o(i.gwinButtonDraw_Rounded)
    gwinCheckboxDraw_CheckOnLeft             0x002112a5   Thumb Code   274  gfx_mk.o(i.gwinCheckboxDraw_CheckOnLeft)
    gwinClear                                0x002113bd   Thumb Code    62  gfx_mk.o(i.gwinClear)
    gwinContainerDraw_Std                    0x002113fd   Thumb Code    58  gfx_mk.o(i.gwinContainerDraw_Std)
    gwinContainerDraw_Transparent            0x0021143d   Thumb Code    72  gfx_mk.o(i.gwinContainerDraw_Transparent)
    gwinDestroy                              0x00211489   Thumb Code    14  gfx_mk.o(i.gwinDestroy)
    gwinGButtonCreate                        0x00211499   Thumb Code    38  gfx_mk.o(i.gwinGButtonCreate)
    gwinGConsoleCreate                       0x002114c5   Thumb Code    54  gfx_mk.o(i.gwinGConsoleCreate)
    gwinGContainerCreate                     0x00211501   Thumb Code    54  gfx_mk.o(i.gwinGContainerCreate)
    gwinGKeyboardCreate                      0x0021153d   Thumb Code    82  gfx_mk.o(i.gwinGKeyboardCreate)
    gwinGLabelCreate                         0x0021159d   Thumb Code   138  gfx_mk.o(i.gwinGLabelCreate)
    gwinGTexteditCreate                      0x0021162d   Thumb Code    96  gfx_mk.o(i.gwinGTexteditCreate)
    gwinGetDefaultBgColor                    0x00211691   Thumb Code     6  gfx_mk.o(i.gwinGetDefaultBgColor)
    gwinGetDefaultFont                       0x0021169d   Thumb Code     6  gfx_mk.o(i.gwinGetDefaultFont)
    gwinGetFirstChild                        0x002116a9   Thumb Code    40  gfx_mk.o(i.gwinGetFirstChild)
    gwinGetFocus                             0x002116d1   Thumb Code     6  gfx_mk.o(i.gwinGetFocus)
    gwinGetNextWindow                        0x002116dd   Thumb Code    14  gfx_mk.o(i.gwinGetNextWindow)
    gwinGetSibling                           0x002116f1   Thumb Code    42  gfx_mk.o(i.gwinGetSibling)
    gwinKeyboardDraw_Normal                  0x0021171d   Thumb Code  4322  gfx_mk.o(i.gwinKeyboardDraw_Normal)
    gwinKeyboardGetEventSource               0x00212801   Thumb Code    18  gfx_mk.o(i.gwinKeyboardGetEventSource)
    gwinLabelDrawJustifiedLeft               0x00212945   Thumb Code    16  gfx_mk.o(i.gwinLabelDrawJustifiedLeft)
    gwinLabelSetBorder                       0x00212955   Thumb Code    34  gfx_mk.o(i.gwinLabelSetBorder)
    gwinPrintf                               0x0021297d   Thumb Code   630  gfx_mk.o(i.gwinPrintf)
    gwinPutChar                              0x00212c01   Thumb Code   386  gfx_mk.o(i.gwinPutChar)
    gwinRadioDraw_Radio                      0x00212d89   Thumb Code   242  gfx_mk.o(i.gwinRadioDraw_Radio)
    gwinRadioGetActive                       0x00212e81   Thumb Code    56  gfx_mk.o(i.gwinRadioGetActive)
    gwinRadioPress                           0x00212ebd   Thumb Code    70  gfx_mk.o(i.gwinRadioPress)
    gwinRedraw                               0x00212f09   Thumb Code    44  gfx_mk.o(i.gwinRedraw)
    gwinResize                               0x00212f39   Thumb Code    26  gfx_mk.o(i.gwinResize)
    gwinSetDefaultBgColor                    0x00212f59   Thumb Code     6  gfx_mk.o(i.gwinSetDefaultBgColor)
    gwinSetDefaultColor                      0x00212f65   Thumb Code     6  gfx_mk.o(i.gwinSetDefaultColor)
    gwinSetDefaultFont                       0x00212f71   Thumb Code     6  gfx_mk.o(i.gwinSetDefaultFont)
    gwinSetDefaultStyle                      0x00212f7d   Thumb Code    82  gfx_mk.o(i.gwinSetDefaultStyle)
    gwinSetFocus                             0x00212fd9   Thumb Code    64  gfx_mk.o(i.gwinSetFocus)
    gwinSetFont                              0x00213021   Thumb Code     4  gfx_mk.o(i.gwinSetFont)
    gwinSetStyle                             0x00213025   Thumb Code    50  gfx_mk.o(i.gwinSetStyle)
    gwinSetVisible                           0x0021305d   Thumb Code    44  gfx_mk.o(i.gwinSetVisible)
    gwinTexteditDefaultDraw                  0x00213091   Thumb Code   326  gfx_mk.o(i.gwinTexteditDefaultDraw)
    gwinWidgetClearInit                      0x002131dd   Thumb Code    20  gfx_mk.o(i.gwinWidgetClearInit)
    i2cInit                                  0x00213289   Thumb Code   218  stm32f7_i2c.o(i.i2cInit)
    i2cRead                                  0x0021337d   Thumb Code    94  stm32f7_i2c.o(i.i2cRead)
    i2cReadByte                              0x002133e1   Thumb Code    44  stm32f7_i2c.o(i.i2cReadByte)
    i2cReadWord                              0x0021340d   Thumb Code    54  stm32f7_i2c.o(i.i2cReadWord)
    i2cSend                                  0x00213449   Thumb Code   104  stm32f7_i2c.o(i.i2cSend)
    i2cWriteReg                              0x002134b1   Thumb Code    32  stm32f7_i2c.o(i.i2cWriteReg)
    main                                     0x00213695   Thumb Code   192  main.o(i.main)
    mf_character_width                       0x002137ab   Thumb Code    32  gfx_mk.o(i.mf_character_width)
    mf_get_font_list                         0x002137cd   Thumb Code     4  gfx_mk.o(i.mf_get_font_list)
    mf_get_string_width                      0x002137d5   Thumb Code   104  gfx_mk.o(i.mf_get_string_width)
    mf_getchar                               0x0021383d   Thumb Code    22  gfx_mk.o(i.mf_getchar)
    mf_render_aligned                        0x00213853   Thumb Code   126  gfx_mk.o(i.mf_render_aligned)
    mf_render_character                      0x002138d1   Thumb Code    64  gfx_mk.o(i.mf_render_character)
    mf_rewind                                0x00213911   Thumb Code     8  gfx_mk.o(i.mf_rewind)
    mf_rlefont_character_width               0x00213919   Thumb Code    26  gfx_mk.o(i.mf_rlefont_character_width)
    mf_rlefont_render_character              0x00213933   Thumb Code   112  gfx_mk.o(i.mf_rlefont_render_character)
    mf_scaled_character_width                0x00213a1f   Thumb Code    32  gfx_mk.o(i.mf_scaled_character_width)
    mf_scaled_render_character               0x00213a41   Thumb Code    90  gfx_mk.o(i.mf_scaled_render_character)
    rundisplay                               0x00213c21   Thumb Code   584  gui.o(i.rundisplay)
    GDISPVMT_OnlyOne                         0x0021437c   Data          96  gdisp_lld_stm32ltdc.o(.constdata)
    mf_rlefont_DejaVuSans32_aa               0x002163a0   Data          48  gfx_mk.o(.constdata)
    mf_rlefont_UI2                           0x002168f4   Data          48  gfx_mk.o(.constdata)
    mf_rlefont_UI2_Narrow                    0x00216924   Data          36  gfx_mk.o(.constdata)
    mf_rlefont_UI2_Double                    0x00216948   Data          36  gfx_mk.o(.constdata)
    mf_rlefont_php6ySCWY                     0x00217f08   Data          48  gfx_mk.o(.constdata)
    WhiteWidgetStyle                         0x00217f54   Data          28  gfx_mk.o(.constdata)
    BlackWidgetStyle                         0x00217f70   Data          28  gfx_mk.o(.constdata)
    GNullWindowManager                       0x00217fb0   Data           4  gfx_mk.o(.constdata)
    VirtualKeyboard_English1                 0x00218184   Data           8  gfx_mk.o(.constdata)
    FsROMVMT                                 0x002181b4   Data          60  gfx_mk.o(.constdata)
    GMOUSEVMT_OnlyOne                        0x0021822c   Data          60  gmouse_lld_ft5336.o(.constdata)
    white                                    0x00218268   Data          28  gui.o(.constdata)
    black                                    0x00218284   Data          28  gui.o(.constdata)
    AHBPrescTable                            0x00257f2a   Data          16  system_stm32f7xx.o(.constdata)
    APBPrescTable                            0x00257f3a   Data           8  system_stm32f7xx.o(.constdata)
    SDRAMDISK_Driver                         0x00257f44   Data          20  sdram_diskio.o(.constdata)
    Region$$Table$$Base                      0x002581ec   Number         0  anon$$obj.o(Region$$Table)
    Region$$Table$$Limit                     0x0025820c   Number         0  anon$$obj.o(Region$$Table)
    retSDRAMDISK                             0x20000000   Data           1  fatfs.o(.data)
    SDRAMDISK_Path                           0x20000001   Data           4  fatfs.o(.data)
    _gfxCurrentThread                        0x20000024   Data           4  gfx_mk.o(.data)
    GDISP                                    0x20000034   Data           4  gfx_mk.o(.data)
    _GWINwm                                  0x20000084   Data           4  gfx_mk.o(.data)
    _gwinFlashState                          0x20000088   Data           1  gfx_mk.o(.data)
    gfileStdIn                               0x2000010c   Data           4  gfx_mk.o(.data)
    gfileStdOut                              0x20000110   Data           4  gfx_mk.o(.data)
    gfileStdErr                              0x20000114   Data           4  gfx_mk.o(.data)
    dynamic_array                            0x2000011c   Data           5  gui.o(.data)
    ghContainerPage0                         0x20000124   Data           4  gui.o(.data)
    ghContainerPage1                         0x20000128   Data           4  gui.o(.data)
    default_pg                               0x2000012c   Data           4  gui.o(.data)
    touch_button_df_pg                       0x20000130   Data           4  gui.o(.data)
    ghButton1                                0x20000134   Data           4  gui.o(.data)
    ghTextedit1                              0x20000138   Data           4  gui.o(.data)
    ghLabel1                                 0x2000013c   Data           4  gui.o(.data)
    ghLabel2                                 0x20000140   Data           4  gui.o(.data)
    ghKeyboard1                              0x2000014c   Data           4  gui.o(.data)
    dejavu_sans_16                           0x20000150   Data           4  gui.o(.data)
    dejavu_sans_12                           0x20000154   Data           4  gui.o(.data)
    dejavu_sans_24                           0x20000158   Data           4  gui.o(.data)
    uwTick                                   0x2000015c   Data           4  stm32f7xx_hal.o(.data)
    SystemCoreClock                          0x20000160   Data           4  system_stm32f7xx.o(.data)
    hadc3                                    0x2000016c   Data          72  main.o(.bss)
    hi2c1                                    0x200001b4   Data          76  main.o(.bss)
    hi2c3                                    0x20000200   Data          76  main.o(.bss)
    hltdc                                    0x2000024c   Data         168  main.o(.bss)
    hqspi                                    0x200002f4   Data          76  main.o(.bss)
    hrtc                                     0x20000340   Data          32  main.o(.bss)
    hsd1                                     0x20000360   Data         132  main.o(.bss)
    hspdif                                   0x200003e4   Data          76  main.o(.bss)
    hspi2                                    0x20000430   Data         100  main.o(.bss)
    htim1                                    0x20000494   Data          64  main.o(.bss)
    htim2                                    0x200004d4   Data          64  main.o(.bss)
    htim3                                    0x20000514   Data          64  main.o(.bss)
    htim5                                    0x20000554   Data          64  main.o(.bss)
    htim8                                    0x20000594   Data          64  main.o(.bss)
    htim12                                   0x200005d4   Data          64  main.o(.bss)
    huart1                                   0x20000614   Data         112  main.o(.bss)
    huart6                                   0x20000684   Data         112  main.o(.bss)
    hsdram1                                  0x200006f4   Data          52  main.o(.bss)
    glistener                                0x200023e0   Data          48  gui.o(.bss)
    wi                                       0x20002410   Data          32  gui.o(.bss)
    disk                                     0x20002430   Data          12  ff_gen_drv.o(.bss)
    __initial_sp                             0x20002840   Data           0  startup_stm32f746xx.o(STACK)



==============================================================================

Memory Map of the image

  Image Entry point : 0x002001c9

  Load Region LR_IROM1 (Base: 0x00200000, Size: 0x00058378, Max: 0x00100000, ABSOLUTE, COMPRESSED[0x00058278])

    Execution Region ER_IROM1 (Exec base: 0x00200000, Load base: 0x00200000, Size: 0x0005820c, Max: 0x00100000, ABSOLUTE)

    Exec Addr    Load Addr    Size         Type   Attr      Idx    E Section Name        Object

    0x00200000   0x00200000   0x000001c8   Data   RO         4419    RESET               startup_stm32f746xx.o
    0x002001c8   0x002001c8   0x00000000   Code   RO        10339  * .ARM.Collect$$$$00000000  mc_w.l(entry.o)
    0x002001c8   0x002001c8   0x00000004   Code   RO        10400    .ARM.Collect$$$$00000001  mc_w.l(entry2.o)
    0x002001cc   0x002001cc   0x00000004   Code   RO        10403    .ARM.Collect$$$$00000004  mc_w.l(entry5.o)
    0x002001d0   0x002001d0   0x00000000   Code   RO        10405    .ARM.Collect$$$$00000008  mc_w.l(entry7b.o)
    0x002001d0   0x002001d0   0x00000000   Code   RO        10407    .ARM.Collect$$$$0000000A  mc_w.l(entry8b.o)
    0x002001d0   0x002001d0   0x00000008   Code   RO        10408    .ARM.Collect$$$$0000000B  mc_w.l(entry9a.o)
    0x002001d8   0x002001d8   0x00000000   Code   RO        10410    .ARM.Collect$$$$0000000D  mc_w.l(entry10a.o)
    0x002001d8   0x002001d8   0x00000000   Code   RO        10412    .ARM.Collect$$$$0000000F  mc_w.l(entry11a.o)
    0x002001d8   0x002001d8   0x00000004   Code   RO        10401    .ARM.Collect$$$$00002712  mc_w.l(entry2.o)
    0x002001dc   0x002001dc   0x00000048   Code   RO          855    .emb_text           gfx_mk.o
    0x00200224   0x00200224   0x00000024   Code   RO         4420    .text               startup_stm32f746xx.o
    0x00200248   0x00200248   0x00000024   Code   RO        10342    .text               mc_w.l(memcpya.o)
    0x0020026c   0x0020026c   0x00000024   Code   RO        10344    .text               mc_w.l(memseta.o)
    0x00200290   0x00200290   0x00000018   Code   RO        10346    .text               mc_w.l(strncpy.o)
    0x002002a8   0x002002a8   0x0000000e   Code   RO        10348    .text               mc_w.l(strlen.o)
    0x002002b6   0x002002b6   0x0000001c   Code   RO        10350    .text               mc_w.l(strcmp.o)
    0x002002d2   0x002002d2   0x0000014e   Code   RO        10356    .text               mf_w.l(dadd.o)
    0x00200420   0x00200420   0x000000e4   Code   RO        10358    .text               mf_w.l(dmul.o)
    0x00200504   0x00200504   0x000000de   Code   RO        10360    .text               mf_w.l(ddiv.o)
    0x002005e2   0x002005e2   0x00000022   Code   RO        10362    .text               mf_w.l(dflti.o)
    0x00200604   0x00200604   0x0000003e   Code   RO        10364    .text               mf_w.l(dfixi.o)
    0x00200642   0x00200642   0x0000001e   Code   RO        10414    .text               mc_w.l(llshl.o)
    0x00200660   0x00200660   0x00000020   Code   RO        10416    .text               mc_w.l(llushr.o)
    0x00200680   0x00200680   0x00000024   Code   RO        10418    .text               mc_w.l(llsshr.o)
    0x002006a4   0x002006a4   0x00000000   Code   RO        10427    .text               mc_w.l(iusefp.o)
    0x002006a4   0x002006a4   0x000000ba   Code   RO        10428    .text               mf_w.l(depilogue.o)
    0x0020075e   0x0020075e   0x00000002   PAD
    0x00200760   0x00200760   0x00000030   Code   RO        10432    .text               mf_w.l(cdrcmple.o)
    0x00200790   0x00200790   0x00000024   Code   RO        10444    .text               mc_w.l(init.o)
    0x002007b4   0x002007b4   0x0000001a   Code   RO        10446    .text               mf_w.l(dfltui.o)
    0x002007ce   0x002007ce   0x00000056   Code   RO        10456    .text               mc_w.l(__dczerorl2.o)
    0x00200824   0x00200824   0x00000178   Code   RO         8859    i.ADC_Init          stm32f7xx_hal_adc.o
    0x0020099c   0x0020099c   0x00000008   Code   RO          856    i.AfterClear        gfx_mk.o
    0x002009a4   0x002009a4   0x0000006c   Code   RO         3855    i.BSP_SDRAM_Init    stm32f746g_discovery_sdram.o
    0x00200a10   0x00200a10   0x00000088   Code   RO         3856    i.BSP_SDRAM_Initialization_sequence  stm32f746g_discovery_sdram.o
    0x00200a98   0x00200a98   0x00000260   Code   RO         3857    i.BSP_SDRAM_MspInit  stm32f746g_discovery_sdram.o
    0x00200cf8   0x00200cf8   0x00000026   Code   RO          857    i.ButtonKeyboard    gfx_mk.o
    0x00200d1e   0x00200d1e   0x00000018   Code   RO          858    i.ButtonMouseDown   gfx_mk.o
    0x00200d36   0x00200d36   0x0000003e   Code   RO          859    i.ButtonMouseUp     gfx_mk.o
    0x00200d74   0x00200d74   0x000003c8   Code   RO          860    i.CalibrateMouse    gfx_mk.o
    0x0020113c   0x0020113c   0x00000438   Code   RO          861    i.CalibrationCalculate  gfx_mk.o
    0x00201574   0x00201574   0x000001bc   Code   RO          862    i.CalibrationCrossDraw  gfx_mk.o
    0x00201730   0x00201730   0x0000007c   Code   RO          863    i.CalibrationTransform  gfx_mk.o
    0x002017ac   0x002017ac   0x00000034   Code   RO          864    i.CheckboxKeyboard  gfx_mk.o
    0x002017e0   0x002017e0   0x0000001e   Code   RO          865    i.CheckboxMouseDown  gfx_mk.o
    0x002017fe   0x002017fe   0x00000012   Code   RO          866    i.ContainerBorderSize  gfx_mk.o
    0x00201810   0x00201810   0x00000012   Code   RO         9767    i.FATFS_LinkDriver  ff_gen_drv.o
    0x00201822   0x00201822   0x00000002   PAD
    0x00201824   0x00201824   0x00000054   Code   RO         9768    i.FATFS_LinkDriverEx  ff_gen_drv.o
    0x00201878   0x00201878   0x00000074   Code   RO         8691    i.FMC_SDRAM_Init    stm32f7xx_ll_fmc.o
    0x002018ec   0x002018ec   0x0000009c   Code   RO         8695    i.FMC_SDRAM_Timing_Init  stm32f7xx_ll_fmc.o
    0x00201988   0x00201988   0x0000011c   Code   RO          867    i.GTimerThreadHandler  gfx_mk.o
    0x00201aa4   0x00201aa4   0x000003ec   Code   RO          868    i.GetMouseReading   gfx_mk.o
    0x00201e90   0x00201e90   0x000001b4   Code   RO         8861    i.HAL_ADC_ConfigChannel  stm32f7xx_hal_adc.o
    0x00202044   0x00202044   0x00000068   Code   RO         8870    i.HAL_ADC_Init      stm32f7xx_hal_adc.o
    0x002020ac   0x002020ac   0x00000068   Code   RO          379    i.HAL_ADC_MspInit   stm32f7xx_hal_msp.o
    0x00202114   0x00202114   0x0000001a   Code   RO         6092    i.HAL_Delay         stm32f7xx_hal.o
    0x0020212e   0x0020212e   0x00000002   PAD
    0x00202130   0x00202130   0x00000104   Code   RO          381    i.HAL_FMC_MspInit   stm32f7xx_hal_msp.o
    0x00202234   0x00202234   0x00000218   Code   RO         4692    i.HAL_GPIO_Init     stm32f7xx_hal_gpio.o
    0x0020244c   0x0020244c   0x0000000c   Code   RO         4696    i.HAL_GPIO_WritePin  stm32f7xx_hal_gpio.o
    0x00202458   0x00202458   0x0000000c   Code   RO         6100    i.HAL_GetTick       stm32f7xx_hal.o
    0x00202464   0x00202464   0x0000006a   Code   RO         8826    i.HAL_I2CEx_ConfigAnalogFilter  stm32f7xx_hal_i2c_ex.o
    0x002024ce   0x002024ce   0x0000006a   Code   RO         8827    i.HAL_I2CEx_ConfigDigitalFilter  stm32f7xx_hal_i2c_ex.o
    0x00202538   0x00202538   0x000000c4   Code   RO         5231    i.HAL_I2C_Init      stm32f7xx_hal_i2c.o
    0x002025fc   0x002025fc   0x000000a4   Code   RO          383    i.HAL_I2C_MspInit   stm32f7xx_hal_msp.o
    0x002026a0   0x002026a0   0x00000010   Code   RO         6101    i.HAL_IncTick       stm32f7xx_hal.o
    0x002026b0   0x002026b0   0x00000028   Code   RO         6102    i.HAL_Init          stm32f7xx_hal.o
    0x002026d8   0x002026d8   0x00000028   Code   RO         6103    i.HAL_InitTick      stm32f7xx_hal.o
    0x00202700   0x00202700   0x0000005e   Code   RO         7458    i.HAL_LTDC_ConfigLayer  stm32f7xx_hal_ltdc.o
    0x0020275e   0x0020275e   0x00000002   PAD
    0x00202760   0x00202760   0x00000128   Code   RO         7475    i.HAL_LTDC_Init     stm32f7xx_hal_ltdc.o
    0x00202888   0x00202888   0x000000d4   Code   RO          385    i.HAL_LTDC_MspInit  stm32f7xx_hal_msp.o
    0x0020295c   0x0020295c   0x00000056   Code   RO          386    i.HAL_MspInit       stm32f7xx_hal_msp.o
    0x002029b2   0x002029b2   0x0000007c   Code   RO         7326    i.HAL_NVIC_SetPriority  stm32f7xx_hal_cortex.o
    0x00202a2e   0x00202a2e   0x00000002   PAD
    0x00202a30   0x00202a30   0x00000028   Code   RO         7327    i.HAL_NVIC_SetPriorityGrouping  stm32f7xx_hal_cortex.o
    0x00202a58   0x00202a58   0x00000090   Code   RO         8590    i.HAL_PWREx_EnableOverDrive  stm32f7xx_hal_pwr_ex.o
    0x00202ae8   0x00202ae8   0x000000d8   Code   RO         9488    i.HAL_QSPI_Init     stm32f7xx_hal_qspi.o
    0x00202bc0   0x00202bc0   0x000000b4   Code   RO          388    i.HAL_QSPI_MspInit  stm32f7xx_hal_msp.o
    0x00202c74   0x00202c74   0x00000004   Code   RO         9498    i.HAL_QSPI_SetTimeout  stm32f7xx_hal_qspi.o
    0x00202c78   0x00202c78   0x00000918   Code   RO         5186    i.HAL_RCCEx_PeriphCLKConfig  stm32f7xx_hal_rcc_ex.o
    0x00203590   0x00203590   0x000001b4   Code   RO         5083    i.HAL_RCC_ClockConfig  stm32f7xx_hal_rcc.o
    0x00203744   0x00203744   0x0000000c   Code   RO         5088    i.HAL_RCC_GetHCLKFreq  stm32f7xx_hal_rcc.o
    0x00203750   0x00203750   0x0000002c   Code   RO         5090    i.HAL_RCC_GetPCLK1Freq  stm32f7xx_hal_rcc.o
    0x0020377c   0x0020377c   0x0000002c   Code   RO         5091    i.HAL_RCC_GetPCLK2Freq  stm32f7xx_hal_rcc.o
    0x002037a8   0x002037a8   0x000000b4   Code   RO         5092    i.HAL_RCC_GetSysClockFreq  stm32f7xx_hal_rcc.o
    0x0020385c   0x0020385c   0x000004e8   Code   RO         5095    i.HAL_RCC_OscConfig  stm32f7xx_hal_rcc.o
    0x00203d44   0x00203d44   0x00000012   Code   RO         6967    i.HAL_RTCEx_BKUPRead  stm32f7xx_hal_rtc_ex.o
    0x00203d56   0x00203d56   0x00000012   Code   RO         6968    i.HAL_RTCEx_BKUPWrite  stm32f7xx_hal_rtc_ex.o
    0x00203d68   0x00203d68   0x0000007a   Code   RO         6992    i.HAL_RTCEx_SetTimeStamp  stm32f7xx_hal_rtc_ex.o
    0x00203de2   0x00203de2   0x00000002   PAD
    0x00203de4   0x00203de4   0x000000b4   Code   RO         4453    i.HAL_RTC_Init      stm32f7xx_hal_rtc.o
    0x00203e98   0x00203e98   0x00000020   Code   RO          390    i.HAL_RTC_MspInit   stm32f7xx_hal_msp.o
    0x00203eb8   0x00203eb8   0x000001e8   Code   RO         4457    i.HAL_RTC_SetAlarm  stm32f7xx_hal_rtc.o
    0x002040a0   0x002040a0   0x00000114   Code   RO         4459    i.HAL_RTC_SetDate   stm32f7xx_hal_rtc.o
    0x002041b4   0x002041b4   0x00000134   Code   RO         4460    i.HAL_RTC_SetTime   stm32f7xx_hal_rtc.o
    0x002042e8   0x002042e8   0x0000003a   Code   RO         4461    i.HAL_RTC_WaitForSynchro  stm32f7xx_hal_rtc.o
    0x00204322   0x00204322   0x00000040   Code   RO         9323    i.HAL_SDRAM_Init    stm32f7xx_hal_sdram.o
    0x00204362   0x00204362   0x0000000a   Code   RO          392    i.HAL_SDRAM_MspInit  stm32f7xx_hal_msp.o
    0x0020436c   0x0020436c   0x000000a8   Code   RO         6714    i.HAL_SD_ConfigWideBusOperation  stm32f7xx_hal_sd.o
    0x00204414   0x00204414   0x000001f0   Code   RO         6719    i.HAL_SD_GetCardCSD  stm32f7xx_hal_sd.o
    0x00204604   0x00204604   0x00000036   Code   RO         6726    i.HAL_SD_Init       stm32f7xx_hal_sd.o
    0x0020463a   0x0020463a   0x00000088   Code   RO         6727    i.HAL_SD_InitCard   stm32f7xx_hal_sd.o
    0x002046c2   0x002046c2   0x00000002   PAD
    0x002046c4   0x002046c4   0x00000078   Code   RO          394    i.HAL_SD_MspInit    stm32f7xx_hal_msp.o
    0x0020473c   0x0020473c   0x00000078   Code   RO         6252    i.HAL_SPDIFRX_Init  stm32f7xx_hal_spdifrx.o
    0x002047b4   0x002047b4   0x00000050   Code   RO          396    i.HAL_SPDIFRX_MspInit  stm32f7xx_hal_msp.o
    0x00204804   0x00204804   0x000000cc   Code   RO         4766    i.HAL_SPI_Init      stm32f7xx_hal_spi.o
    0x002048d0   0x002048d0   0x00000074   Code   RO          398    i.HAL_SPI_MspInit   stm32f7xx_hal_msp.o
    0x00204944   0x00204944   0x00000028   Code   RO         7329    i.HAL_SYSTICK_CLKSourceConfig  stm32f7xx_hal_cortex.o
    0x0020496c   0x0020496c   0x00000002   Code   RO         7330    i.HAL_SYSTICK_Callback  stm32f7xx_hal_cortex.o
    0x0020496e   0x0020496e   0x00000034   Code   RO         7331    i.HAL_SYSTICK_Config  stm32f7xx_hal_cortex.o
    0x002049a2   0x002049a2   0x00000008   Code   RO         7332    i.HAL_SYSTICK_IRQHandler  stm32f7xx_hal_cortex.o
    0x002049aa   0x002049aa   0x00000002   PAD
    0x002049ac   0x002049ac   0x000000c4   Code   RO         9028    i.HAL_TIMEx_ConfigBreakDeadTime  stm32f7xx_hal_tim_ex.o
    0x00204a70   0x00204a70   0x0000006c   Code   RO         9044    i.HAL_TIMEx_MasterConfigSynchronization  stm32f7xx_hal_tim_ex.o
    0x00204adc   0x00204adc   0x00000034   Code   RO         7937    i.HAL_TIM_Base_Init  stm32f7xx_hal_tim.o
    0x00204b10   0x00204b10   0x000000d8   Code   RO          400    i.HAL_TIM_Base_MspInit  stm32f7xx_hal_msp.o
    0x00204be8   0x00204be8   0x00000138   Code   RO         7946    i.HAL_TIM_ConfigClockSource  stm32f7xx_hal_tim.o
    0x00204d20   0x00204d20   0x000000e0   Code   RO          401    i.HAL_TIM_MspPostInit  stm32f7xx_hal_msp.o
    0x00204e00   0x00204e00   0x00000174   Code   RO         9064    i.HAL_TIM_PWM_ConfigChannel  stm32f7xx_hal_tim_ex.o
    0x00204f74   0x00204f74   0x00000034   Code   RO         8006    i.HAL_TIM_PWM_Init  stm32f7xx_hal_tim.o
    0x00204fa8   0x00204fa8   0x00000030   Code   RO          403    i.HAL_TIM_PWM_MspInit  stm32f7xx_hal_msp.o
    0x00204fd8   0x00204fd8   0x00000078   Code   RO         6441    i.HAL_UART_Init     stm32f7xx_hal_uart.o
    0x00205050   0x00205050   0x000000c0   Code   RO          405    i.HAL_UART_MspInit  stm32f7xx_hal_msp.o
    0x00205110   0x00205110   0x00000018   Code   RO          869    i.ImageDestroy      gfx_mk.o
    0x00205128   0x00205128   0x00000190   Code   RO          870    i.ImageRedraw       gfx_mk.o
    0x002052b8   0x002052b8   0x0000000c   Code   RO          871    i.ImageTimer        gfx_mk.o
    0x002052c4   0x002052c4   0x000000fc   Code   RO          872    i.KeyFindKey        gfx_mk.o
    0x002053c0   0x002053c0   0x0000003a   Code   RO          873    i.KeyMouseMove      gfx_mk.o
    0x002053fa   0x002053fa   0x00000106   Code   RO          874    i.KeyMouseUp        gfx_mk.o
    0x00205500   0x00205500   0x00000212   Code   RO         7494    i.LTDC_SetConfig    stm32f7xx_hal_ltdc.o
    0x00205712   0x00205712   0x0000001a   Code   RO          875    i.MEMRead           gfx_mk.o
    0x0020572c   0x0020572c   0x00000006   Code   RO          876    i.MEMSetpos         gfx_mk.o
    0x00205732   0x00205732   0x0000001a   Code   RO          877    i.MEMWrite          gfx_mk.o
    0x0020574c   0x0020574c   0x00000080   Code   RO          228    i.MX_ADC3_Init      main.o
    0x002057cc   0x002057cc   0x0000001c   Code   RO          169    i.MX_FATFS_Init     fatfs.o
    0x002057e8   0x002057e8   0x00000070   Code   RO          229    i.MX_FMC_Init       main.o
    0x00205858   0x00205858   0x00000444   Code   RO          230    i.MX_GPIO_Init      main.o
    0x00205c9c   0x00205c9c   0x00000078   Code   RO          231    i.MX_I2C1_Init      main.o
    0x00205d14   0x00205d14   0x00000078   Code   RO          232    i.MX_I2C3_Init      main.o
    0x00205d8c   0x00205d8c   0x00000108   Code   RO          233    i.MX_LTDC_Init      main.o
    0x00205e94   0x00205e94   0x00000050   Code   RO          234    i.MX_QUADSPI_Init   main.o
    0x00205ee4   0x00205ee4   0x0000012c   Code   RO          235    i.MX_RTC_Init       main.o
    0x00206010   0x00206010   0x00000050   Code   RO          236    i.MX_SDMMC1_SD_Init  main.o
    0x00206060   0x00206060   0x0000004c   Code   RO          237    i.MX_SPDIFRX_Init   main.o
    0x002060ac   0x002060ac   0x00000068   Code   RO          238    i.MX_SPI2_Init      main.o
    0x00206114   0x00206114   0x00000070   Code   RO          239    i.MX_TIM12_Init     main.o
    0x00206184   0x00206184   0x000000f8   Code   RO          240    i.MX_TIM1_Init      main.o
    0x0020627c   0x0020627c   0x000000b4   Code   RO          241    i.MX_TIM2_Init      main.o
    0x00206330   0x00206330   0x000000b4   Code   RO          242    i.MX_TIM3_Init      main.o
    0x002063e4   0x002063e4   0x000000b4   Code   RO          243    i.MX_TIM5_Init      main.o
    0x00206498   0x00206498   0x00000080   Code   RO          244    i.MX_TIM8_Init      main.o
    0x00206518   0x00206518   0x00000058   Code   RO          245    i.MX_USART1_UART_Init  main.o
    0x00206570   0x00206570   0x00000058   Code   RO          246    i.MX_USART6_UART_Init  main.o
    0x002065c8   0x002065c8   0x00000038   Code   RO          878    i.MousePoll         gfx_mk.o
    0x00206600   0x00206600   0x00000010   Code   RO         7333    i.NVIC_GetPriorityGrouping  stm32f7xx_hal_cortex.o
    0x00206610   0x00206610   0x00000028   Code   RO         7334    i.NVIC_SetPriority  stm32f7xx_hal_cortex.o
    0x00206638   0x00206638   0x00000010   Code   RO          879    i.NumKeyRows        gfx_mk.o
    0x00206648   0x00206648   0x0000004c   Code   RO         9513    i.QSPI_WaitFlagStateUntilTimeout  stm32f7xx_hal_qspi.o
    0x00206694   0x00206694   0x00000016   Code   RO          880    i.Qadd              gfx_mk.o
    0x002066aa   0x002066aa   0x00000008   Code   RO          881    i.Qinit             gfx_mk.o
    0x002066b2   0x002066b2   0x00000014   Code   RO          882    i.Qpop              gfx_mk.o
    0x002066c6   0x002066c6   0x00000002   Code   RO          883    i.ROMClose          gfx_mk.o
    0x002066c8   0x002066c8   0x00000014   Code   RO          884    i.ROMEof            gfx_mk.o
    0x002066dc   0x002066dc   0x00000014   Code   RO          885    i.ROMExists         gfx_mk.o
    0x002066f0   0x002066f0   0x00000016   Code   RO          886    i.ROMFilesize       gfx_mk.o
    0x00206706   0x00206706   0x00000002   PAD
    0x00206708   0x00206708   0x00000030   Code   RO          887    i.ROMFindFile       gfx_mk.o
    0x00206738   0x00206738   0x00000008   Code   RO          888    i.ROMGetsize        gfx_mk.o
    0x00206740   0x00206740   0x00000018   Code   RO          889    i.ROMOpen           gfx_mk.o
    0x00206758   0x00206758   0x00000038   Code   RO          890    i.ROMRead           gfx_mk.o
    0x00206790   0x00206790   0x00000012   Code   RO          891    i.ROMSetpos         gfx_mk.o
    0x002067a2   0x002067a2   0x00000016   Code   RO         4462    i.RTC_Bcd2ToByte    stm32f7xx_hal_rtc.o
    0x002067b8   0x002067b8   0x0000001a   Code   RO         4463    i.RTC_ByteToBcd2    stm32f7xx_hal_rtc.o
    0x002067d2   0x002067d2   0x0000003e   Code   RO         4464    i.RTC_EnterInitMode  stm32f7xx_hal_rtc.o
    0x00206810   0x00206810   0x00000010   Code   RO          892    i.RadioMouseDown    gfx_mk.o
    0x00206820   0x00206820   0x0000000c   Code   RO          893    i.RedrawTimerFn     gfx_mk.o
    0x0020682c   0x0020682c   0x0000009c   Code   RO          247    i.SCB_EnableDCache  main.o
    0x002068c8   0x002068c8   0x0000003a   Code   RO         5648    i.SDMMC_CmdAppCommand  stm32f7xx_ll_sdmmc.o
    0x00206902   0x00206902   0x00000002   PAD
    0x00206904   0x00206904   0x0000003c   Code   RO         5649    i.SDMMC_CmdAppOperCommand  stm32f7xx_ll_sdmmc.o
    0x00206940   0x00206940   0x0000003a   Code   RO         5650    i.SDMMC_CmdBlockLength  stm32f7xx_ll_sdmmc.o
    0x0020697a   0x0020697a   0x0000003a   Code   RO         5651    i.SDMMC_CmdBusWidth  stm32f7xx_ll_sdmmc.o
    0x002069b4   0x002069b4   0x0000002e   Code   RO         5655    i.SDMMC_CmdGoIdleState  stm32f7xx_ll_sdmmc.o
    0x002069e2   0x002069e2   0x00000036   Code   RO         5657    i.SDMMC_CmdOperCond  stm32f7xx_ll_sdmmc.o
    0x00206a18   0x00206a18   0x0000003c   Code   RO         5662    i.SDMMC_CmdSelDesel  stm32f7xx_ll_sdmmc.o
    0x00206a54   0x00206a54   0x00000034   Code   RO         5663    i.SDMMC_CmdSendCID  stm32f7xx_ll_sdmmc.o
    0x00206a88   0x00206a88   0x00000034   Code   RO         5664    i.SDMMC_CmdSendCSD  stm32f7xx_ll_sdmmc.o
    0x00206abc   0x00206abc   0x0000003a   Code   RO         5665    i.SDMMC_CmdSendSCR  stm32f7xx_ll_sdmmc.o
    0x00206af6   0x00206af6   0x0000003a   Code   RO         5667    i.SDMMC_CmdSetRelAdd  stm32f7xx_ll_sdmmc.o
    0x00206b30   0x00206b30   0x0000002c   Code   RO         5673    i.SDMMC_ConfigData  stm32f7xx_ll_sdmmc.o
    0x00206b5c   0x00206b5c   0x00000040   Code   RO         5674    i.SDMMC_GetCmdError  stm32f7xx_ll_sdmmc.o
    0x00206b9c   0x00206b9c   0x000001a4   Code   RO         5675    i.SDMMC_GetCmdResp1  stm32f7xx_ll_sdmmc.o
    0x00206d40   0x00206d40   0x0000005c   Code   RO         5676    i.SDMMC_GetCmdResp2  stm32f7xx_ll_sdmmc.o
    0x00206d9c   0x00206d9c   0x00000050   Code   RO         5677    i.SDMMC_GetCmdResp3  stm32f7xx_ll_sdmmc.o
    0x00206dec   0x00206dec   0x000000b0   Code   RO         5678    i.SDMMC_GetCmdResp6  stm32f7xx_ll_sdmmc.o
    0x00206e9c   0x00206e9c   0x00000058   Code   RO         5679    i.SDMMC_GetCmdResp7  stm32f7xx_ll_sdmmc.o
    0x00206ef4   0x00206ef4   0x00000008   Code   RO         5680    i.SDMMC_GetCommandResponse  stm32f7xx_ll_sdmmc.o
    0x00206efc   0x00206efc   0x0000000a   Code   RO         5683    i.SDMMC_GetPowerState  stm32f7xx_ll_sdmmc.o
    0x00206f06   0x00206f06   0x00000016   Code   RO         5684    i.SDMMC_GetResponse  stm32f7xx_ll_sdmmc.o
    0x00206f1c   0x00206f1c   0x00000034   Code   RO         5685    i.SDMMC_Init        stm32f7xx_ll_sdmmc.o
    0x00206f50   0x00206f50   0x0000000a   Code   RO         5687    i.SDMMC_PowerState_ON  stm32f7xx_ll_sdmmc.o
    0x00206f5a   0x00206f5a   0x00000008   Code   RO         5688    i.SDMMC_ReadFIFO    stm32f7xx_ll_sdmmc.o
    0x00206f62   0x00206f62   0x00000028   Code   RO         5689    i.SDMMC_SendCommand  stm32f7xx_ll_sdmmc.o
    0x00206f8a   0x00206f8a   0x00000002   PAD
    0x00206f8c   0x00206f8c   0x00000024   Code   RO        10186    i.SDRAMDISK_initialize  sdram_diskio.o
    0x00206fb0   0x00206fb0   0x00000054   Code   RO        10187    i.SDRAMDISK_ioctl   sdram_diskio.o
    0x00207004   0x00207004   0x00000022   Code   RO        10188    i.SDRAMDISK_read    sdram_diskio.o
    0x00207026   0x00207026   0x00000002   PAD
    0x00207028   0x00207028   0x0000001c   Code   RO        10189    i.SDRAMDISK_status  sdram_diskio.o
    0x00207044   0x00207044   0x00000024   Code   RO        10190    i.SDRAMDISK_write   sdram_diskio.o
    0x00207068   0x00207068   0x0000012c   Code   RO         6743    i.SD_FindSCR        stm32f7xx_hal_sd.o
    0x00207194   0x00207194   0x000000fc   Code   RO         6744    i.SD_InitCard       stm32f7xx_hal_sd.o
    0x00207290   0x00207290   0x000000ee   Code   RO         6746    i.SD_PowerON        stm32f7xx_hal_sd.o
    0x0020737e   0x0020737e   0x0000006a   Code   RO         6750    i.SD_WideBus_Disable  stm32f7xx_hal_sd.o
    0x002073e8   0x002073e8   0x0000006a   Code   RO         6751    i.SD_WideBus_Enable  stm32f7xx_hal_sd.o
    0x00207452   0x00207452   0x00000002   PAD
    0x00207454   0x00207454   0x00000048   Code   RO          894    i.SendCheckboxEvent  gfx_mk.o
    0x0020749c   0x0020749c   0x000000d4   Code   RO          895    i.SendMouseEvent    gfx_mk.o
    0x00207570   0x00207570   0x0000003c   Code   RO          896    i.SendRadioEvent    gfx_mk.o
    0x002075ac   0x002075ac   0x0000003c   Code   RO          897    i.SendVirtualKeyEvent  gfx_mk.o
    0x002075e8   0x002075e8   0x00000082   Code   RO          898    i.SendVirtualKeyEventToListener  gfx_mk.o
    0x0020766a   0x0020766a   0x0000000c   Code   RO            4    i.SysTick_Handler   stm32f7xx_it.o
    0x00207676   0x00207676   0x00000002   PAD
    0x00207678   0x00207678   0x00000140   Code   RO          248    i.SystemClock_Config  main.o
    0x002077b8   0x002077b8   0x00000064   Code   RO         9730    i.SystemInit        system_stm32f7xx.o
    0x0020781c   0x0020781c   0x000000f0   Code   RO         8021    i.TIM_Base_SetConfig  stm32f7xx_hal_tim.o
    0x0020790c   0x0020790c   0x00000018   Code   RO         8028    i.TIM_ETR_SetConfig  stm32f7xx_hal_tim.o
    0x00207924   0x00207924   0x00000014   Code   RO         8029    i.TIM_ITRx_SetConfig  stm32f7xx_hal_tim.o
    0x00207938   0x00207938   0x00000074   Code   RO         8030    i.TIM_OC1_SetConfig  stm32f7xx_hal_tim.o
    0x002079ac   0x002079ac   0x0000007c   Code   RO         8031    i.TIM_OC2_SetConfig  stm32f7xx_hal_tim.o
    0x00207a28   0x00207a28   0x0000007c   Code   RO         8032    i.TIM_OC3_SetConfig  stm32f7xx_hal_tim.o
    0x00207aa4   0x00207aa4   0x00000064   Code   RO         8033    i.TIM_OC4_SetConfig  stm32f7xx_hal_tim.o
    0x00207b08   0x00207b08   0x00000058   Code   RO         9067    i.TIM_OC5_SetConfig  stm32f7xx_hal_tim_ex.o
    0x00207b60   0x00207b60   0x00000058   Code   RO         9068    i.TIM_OC6_SetConfig  stm32f7xx_hal_tim_ex.o
    0x00207bb8   0x00207bb8   0x0000002a   Code   RO         8035    i.TIM_TI1_ConfigInputStage  stm32f7xx_hal_tim.o
    0x00207be2   0x00207be2   0x0000002c   Code   RO         8037    i.TIM_TI2_ConfigInputStage  stm32f7xx_hal_tim.o
    0x00207c0e   0x00207c0e   0x00000114   Code   RO          899    i.TextEditKeyboard  gfx_mk.o
    0x00207d22   0x00207d22   0x00000046   Code   RO          900    i.TextEditMouseDown  gfx_mk.o
    0x00207d68   0x00207d68   0x000000ea   Code   RO         6454    i.UART_AdvFeatureConfig  stm32f7xx_hal_uart.o
    0x00207e52   0x00207e52   0x0000004e   Code   RO         6455    i.UART_CheckIdleState  stm32f7xx_hal_uart.o
    0x00207ea0   0x00207ea0   0x0000038c   Code   RO         6466    i.UART_SetConfig    stm32f7xx_hal_uart.o
    0x0020822c   0x0020822c   0x0000006c   Code   RO         6468    i.UART_WaitOnFlagUntilTimeout  stm32f7xx_hal_uart.o
    0x00208298   0x00208298   0x00000044   Code   RO          901    i.UCode2UTF8        gfx_mk.o
    0x002082dc   0x002082dc   0x000000c4   Code   RO          902    i.UTF8CharAt        gfx_mk.o
    0x002083a0   0x002083a0   0x00000088   Code   RO          903    i.UTF8StrLen        gfx_mk.o
    0x00208428   0x00208428   0x00000040   Code   RO          904    i.WM_Add            gfx_mk.o
    0x00208468   0x00208468   0x00000002   Code   RO          905    i.WM_DeInit         gfx_mk.o
    0x0020846a   0x0020846a   0x00000002   PAD
    0x0020846c   0x0020846c   0x00000028   Code   RO          906    i.WM_Delete         gfx_mk.o
    0x00208494   0x00208494   0x00000002   Code   RO          907    i.WM_Init           gfx_mk.o
    0x00208496   0x00208496   0x00000002   Code   RO          908    i.WM_MinMax         gfx_mk.o
    0x00208498   0x00208498   0x000001f2   Code   RO          909    i.WM_Move           gfx_mk.o
    0x0020868a   0x0020868a   0x00000002   PAD
    0x0020868c   0x0020868c   0x0000009c   Code   RO          910    i.WM_Raise          gfx_mk.o
    0x00208728   0x00208728   0x00000178   Code   RO          911    i.WM_Redraw         gfx_mk.o
    0x002088a0   0x002088a0   0x000001a4   Code   RO          912    i.WM_Size           gfx_mk.o
    0x00208a44   0x00208a44   0x00000004   Code   RO          249    i._Error_Handler    main.o
    0x00208a48   0x00208a48   0x00000074   Code   RO         3858    i._FMC_SDRAM_Init   stm32f746g_discovery_sdram.o
    0x00208abc   0x00208abc   0x0000000e   Code   RO         3859    i._FMC_SDRAM_ProgramRefreshRate  stm32f746g_discovery_sdram.o
    0x00208aca   0x00208aca   0x00000056   Code   RO         3860    i._FMC_SDRAM_SendCommand  stm32f746g_discovery_sdram.o
    0x00208b20   0x00208b20   0x00000098   Code   RO         3861    i._FMC_SDRAM_Timing_Init  stm32f746g_discovery_sdram.o
    0x00208bb8   0x00208bb8   0x00000f64   Code   RO         3862    i._HAL_DMA_DeInit   stm32f746g_discovery_sdram.o
    0x00209b1c   0x00209b1c   0x00000078   Code   RO         3863    i._HAL_DMA_Init     stm32f746g_discovery_sdram.o
    0x00209b94   0x00209b94   0x00000038   Code   RO         3864    i._HAL_SDRAM_Init   stm32f746g_discovery_sdram.o
    0x00209bcc   0x00209bcc   0x00000028   Code   RO         3865    i._HAL_SDRAM_ProgramRefreshRate  stm32f746g_discovery_sdram.o
    0x00209bf4   0x00209bf4   0x0000003a   Code   RO         3866    i._HAL_SDRAM_SendCommand  stm32f746g_discovery_sdram.o
    0x00209c2e   0x00209c2e   0x00000030   Code   RO        10440    i.__ARM_fpclassify  m_wm.l(fpclassify.o)
    0x00209c5e   0x00209c5e   0x00000002   PAD
    0x00209c60   0x00209c60   0x000000c8   Code   RO        10297    i.__hardfp_cos      m_wm.l(cos.o)
    0x00209d28   0x00209d28   0x00000118   Code   RO        10309    i.__hardfp_floor    m_wm.l(floor.o)
    0x00209e40   0x00209e40   0x000000c8   Code   RO        10315    i.__hardfp_sin      m_wm.l(sin.o)
    0x00209f08   0x00209f08   0x00000438   Code   RO        10383    i.__ieee754_rem_pio2  m_wm.l(rred.o)
    0x0020a340   0x0020a340   0x00000170   Code   RO        10366    i.__kernel_cos      m_wm.l(cos_i.o)
    0x0020a4b0   0x0020a4b0   0x000000f8   Code   RO        10442    i.__kernel_poly     m_wm.l(poly.o)
    0x0020a5a8   0x0020a5a8   0x00000130   Code   RO        10388    i.__kernel_sin      m_wm.l(sin_i.o)
    0x0020a6d8   0x0020a6d8   0x00000014   Code   RO        10370    i.__mathlib_dbl_infnan  m_wm.l(dunder.o)
    0x0020a6ec   0x0020a6ec   0x00000004   PAD
    0x0020a6f0   0x0020a6f0   0x00000020   Code   RO        10372    i.__mathlib_dbl_invalid  m_wm.l(dunder.o)
    0x0020a710   0x0020a710   0x00000020   Code   RO        10375    i.__mathlib_dbl_underflow  m_wm.l(dunder.o)
    0x0020a730   0x0020a730   0x0000000e   Code   RO        10450    i.__scatterload_copy  mc_w.l(handlers.o)
    0x0020a73e   0x0020a73e   0x00000002   Code   RO        10451    i.__scatterload_null  mc_w.l(handlers.o)
    0x0020a740   0x0020a740   0x0000000e   Code   RO        10452    i.__scatterload_zeroinit  mc_w.l(handlers.o)
    0x0020a74e   0x0020a74e   0x00000002   PAD
    0x0020a750   0x0020a750   0x0000000c   Code   RO        10422    i.__set_errno       mc_w.l(errno.o)
    0x0020a75c   0x0020a75c   0x0000002c   Code   RO          913    i._gcontainerCreate  gfx_mk.o
    0x0020a788   0x0020a788   0x0000001e   Code   RO          915    i._gcontainerDestroy  gfx_mk.o
    0x0020a7a6   0x0020a7a6   0x00000002   Code   RO          916    i._gcontainerInit   gfx_mk.o
    0x0020a7a8   0x0020a7a8   0x00000020   Code   RO          917    i._gdispDeInitDriver  gfx_mk.o
    0x0020a7c8   0x0020a7c8   0x0000001c   Code   RO          919    i._gdispInit        gfx_mk.o
    0x0020a7e4   0x0020a7e4   0x0000003c   Code   RO          920    i._gdispInitDriver  gfx_mk.o
    0x0020a820   0x0020a820   0x00000030   Code   RO          921    i._gdispPostInitDriver  gfx_mk.o
    0x0020a850   0x0020a850   0x00000002   Code   RO          923    i._gdriverInit      gfx_mk.o
    0x0020a852   0x0020a852   0x00000002   PAD
    0x0020a854   0x0020a854   0x00000010   Code   RO          925    i._geventInit       gfx_mk.o
    0x0020a864   0x0020a864   0x00000002   Code   RO          928    i._gfileInit        gfx_mk.o
    0x0020a866   0x0020a866   0x00000008   Code   RO          930    i._ginputInit       gfx_mk.o
    0x0020a86e   0x0020a86e   0x00000002   Code   RO          931    i._gmouseDeInitDriver  gfx_mk.o
    0x0020a870   0x0020a870   0x00000020   Code   RO          933    i._gmouseInit       gfx_mk.o
    0x0020a890   0x0020a890   0x00000054   Code   RO          934    i._gmouseInitDriver  gfx_mk.o
    0x0020a8e4   0x0020a8e4   0x0000004a   Code   RO          935    i._gmousePostInitDriver  gfx_mk.o
    0x0020a92e   0x0020a92e   0x00000002   PAD
    0x0020a930   0x0020a930   0x00000014   Code   RO          939    i._gosHeapInit      gfx_mk.o
    0x0020a944   0x0020a944   0x0000000c   Code   RO          940    i._gosInit          gfx_mk.o
    0x0020a950   0x0020a950   0x00000002   Code   RO          941    i._gosPostInit      gfx_mk.o
    0x0020a952   0x0020a952   0x00000002   PAD
    0x0020a954   0x0020a954   0x00000030   Code   RO          942    i._gosThreadsInit   gfx_mk.o
    0x0020a984   0x0020a984   0x00000002   Code   RO          944    i._gqueueInit       gfx_mk.o
    0x0020a986   0x0020a986   0x00000002   PAD
    0x0020a988   0x0020a988   0x0000002c   Code   RO          946    i._gtimerInit       gfx_mk.o
    0x0020a9b4   0x0020a9b4   0x00000070   Code   RO          947    i._gwidgetCreate    gfx_mk.o
    0x0020aa24   0x0020aa24   0x00000030   Code   RO          949    i._gwidgetDestroy   gfx_mk.o
    0x0020aa54   0x0020aa54   0x0000006c   Code   RO          950    i._gwidgetDrawFocusRect  gfx_mk.o
    0x0020aac0   0x0020aac0   0x00000044   Code   RO          951    i._gwidgetInit      gfx_mk.o
    0x0020ab04   0x0020ab04   0x0000001a   Code   RO          952    i._gwidgetRedraw    gfx_mk.o
    0x0020ab1e   0x0020ab1e   0x00000002   PAD
    0x0020ab20   0x0020ab20   0x00000068   Code   RO          954    i._gwinDestroy      gfx_mk.o
    0x0020ab88   0x0020ab88   0x00000034   Code   RO          955    i._gwinDrawEnd      gfx_mk.o
    0x0020abbc   0x0020abbc   0x0000004c   Code   RO          956    i._gwinDrawStart    gfx_mk.o
    0x0020ac08   0x0020ac08   0x00000078   Code   RO          957    i._gwinFixFocus     gfx_mk.o
    0x0020ac80   0x0020ac80   0x0000014c   Code   RO          958    i._gwinFlushRedraws  gfx_mk.o
    0x0020adcc   0x0020adcc   0x00000010   Code   RO          959    i._gwinInit         gfx_mk.o
    0x0020addc   0x0020addc   0x0000003c   Code   RO          960    i._gwinMoveFocus    gfx_mk.o
    0x0020ae18   0x0020ae18   0x000000b8   Code   RO          961    i._gwinRippleVisibility  gfx_mk.o
    0x0020aed0   0x0020aed0   0x00000038   Code   RO          962    i._gwinSendEvent    gfx_mk.o
    0x0020af08   0x0020af08   0x00000034   Code   RO          963    i._gwinUpdate       gfx_mk.o
    0x0020af3c   0x0020af3c   0x00000058   Code   RO          964    i._gwinWMAdd        gfx_mk.o
    0x0020af94   0x0020af94   0x00000084   Code   RO          965    i._gwindowCreate    gfx_mk.o
    0x0020b018   0x0020b018   0x00000054   Code   RO          967    i._gwmInit          gfx_mk.o
    0x0020b06c   0x0020b06c   0x0000002c   Code   RO         4278    i._i2cConfigTransfer  stm32f7_i2c.o
    0x0020b098   0x0020b098   0x00000010   Code   RO         4279    i._i2cResetCr2      stm32f7_i2c.o
    0x0020b0a8   0x0020b0a8   0x00000138   Code   RO          564    i._ltdc_init        gdisp_lld_stm32ltdc.o
    0x0020b1e0   0x0020b1e0   0x000000f4   Code   RO          565    i._ltdc_layer_init  gdisp_lld_stm32ltdc.o
    0x0020b2d4   0x0020b2d4   0x00000028   Code   RO          566    i._ltdc_reload      gdisp_lld_stm32ltdc.o
    0x0020b2fc   0x0020b2fc   0x0000001c   Code   RO          968    i.cleanUpDeadThreads  gfx_mk.o
    0x0020b318   0x0020b318   0x000001f4   Code   RO          567    i.configureLcdPins  gdisp_lld_stm32ltdc.o
    0x0020b50c   0x0020b50c   0x0000004a   Code   RO          969    i.consltoa_wd       gfx_mk.o
    0x0020b556   0x0020b556   0x00000002   PAD
    0x0020b558   0x0020b558   0x00000228   Code   RO         4349    i.createPagePage1   gui.o
    0x0020b780   0x0020b780   0x000000cc   Code   RO         4350    i.createWidgets     gui.o
    0x0020b84c   0x0020b84c   0x00000038   Code   RO          970    i.deleteAssignments  gfx_mk.o
    0x0020b884   0x0020b884   0x00000020   Code   RO          568    i.dma2d_init        gdisp_lld_stm32ltdc.o
    0x0020b8a4   0x0020b8a4   0x0000001a   Code   RO          971    i.doExitEvent       gfx_mk.o
    0x0020b8be   0x0020b8be   0x00000002   PAD
    0x0020b8c0   0x0020b8c0   0x00000028   Code   RO          972    i.drawcharglyph     gfx_mk.o
    0x0020b8e8   0x0020b8e8   0x0000007e   Code   RO          973    i.drawcharline      gfx_mk.o
    0x0020b966   0x0020b966   0x0000000c   Code   RO          974    i.drawpixel         gfx_mk.o
    0x0020b972   0x0020b972   0x00000040   Code   RO          975    i.drawpixel_clip    gfx_mk.o
    0x0020b9b2   0x0020b9b2   0x00000018   Code   RO        10436    i.fabs              m_wm.l(fabs.o)
    0x0020b9ca   0x0020b9ca   0x0000000c   Code   RO          976    i.fillarea          gfx_mk.o
    0x0020b9d6   0x0020b9d6   0x00000002   PAD
    0x0020b9d8   0x0020b9d8   0x00000028   Code   RO          977    i.fillcharglyph     gfx_mk.o
    0x0020ba00   0x0020ba00   0x0000002e   Code   RO          978    i.fillentry_bitcount  gfx_mk.o
    0x0020ba2e   0x0020ba2e   0x0000003c   Code   RO          980    i.find_glyph        gfx_mk.o
    0x0020ba6a   0x0020ba6a   0x00000038   Code   RO         4165    i.ft5336Init        gmouse_lld_ft5336.o
    0x0020baa2   0x0020baa2   0x0000003c   Code   RO         4166    i.ft5336ReadXYZ     gmouse_lld_ft5336.o
    0x0020bade   0x0020bade   0x0000006c   Code   RO          982    i.gdispBlendColor   gfx_mk.o
    0x0020bb4a   0x0020bb4a   0x0000001a   Code   RO          983    i.gdispCloseFont    gfx_mk.o
    0x0020bb64   0x0020bb64   0x0000014a   Code   RO          985    i.gdispGBlitArea    gfx_mk.o
    0x0020bcae   0x0020bcae   0x0000002e   Code   RO          986    i.gdispGClear       gfx_mk.o
    0x0020bcdc   0x0020bcdc   0x00000e4a   Code   RO          988    i.gdispGDrawArc     gfx_mk.o
    0x0020cb26   0x0020cb26   0x000000b2   Code   RO          989    i.gdispGDrawBox     gfx_mk.o
    0x0020cbd8   0x0020cbd8   0x00000070   Code   RO          990    i.gdispGDrawChar    gfx_mk.o
    0x0020cc48   0x0020cc48   0x00000198   Code   RO          991    i.gdispGDrawCircle  gfx_mk.o
    0x0020cde0   0x0020cde0   0x00000038   Code   RO          992    i.gdispGDrawLine    gfx_mk.o
    0x0020ce18   0x0020ce18   0x0000002c   Code   RO          993    i.gdispGDrawPixel   gfx_mk.o
    0x0020ce44   0x0020ce44   0x0000014a   Code   RO          994    i.gdispGDrawRoundedBox  gfx_mk.o
    0x0020cf8e   0x0020cf8e   0x00000002   PAD
    0x0020cf90   0x0020cf90   0x000000f0   Code   RO          996    i.gdispGDrawStringBox  gfx_mk.o
    0x0020d080   0x0020d080   0x00001768   Code   RO          998    i.gdispGFillArc     gfx_mk.o
    0x0020e7e8   0x0020e7e8   0x000000bc   Code   RO          999    i.gdispGFillArea    gfx_mk.o
    0x0020e8a4   0x0020e8a4   0x0000013c   Code   RO         1001    i.gdispGFillCircle  gfx_mk.o
    0x0020e9e0   0x0020e9e0   0x0000010c   Code   RO         1002    i.gdispGFillRoundedBox  gfx_mk.o
    0x0020eaec   0x0020eaec   0x0000018c   Code   RO         1004    i.gdispGFillStringBox  gfx_mk.o
    0x0020ec78   0x0020ec78   0x00000008   Code   RO         1008    i.gdispGGetHeight   gfx_mk.o
    0x0020ec80   0x0020ec80   0x00000006   Code   RO         1009    i.gdispGGetOrientation  gfx_mk.o
    0x0020ec86   0x0020ec86   0x00000008   Code   RO         1011    i.gdispGGetWidth    gfx_mk.o
    0x0020ec8e   0x0020ec8e   0x0000008e   Code   RO         1012    i.gdispGImageDraw   gfx_mk.o
    0x0020ed1c   0x0020ed1c   0x00000262   Code   RO         1013    i.gdispGImageDraw_BMP  gfx_mk.o
    0x0020ef7e   0x0020ef7e   0x00000092   Code   RO         1014    i.gdispGSetClip     gfx_mk.o
    0x0020f010   0x0020f010   0x00000016   Code   RO         1015    i.gdispGetCharWidth  gfx_mk.o
    0x0020f026   0x0020f026   0x00000040   Code   RO         1018    i.gdispGetFontMetric  gfx_mk.o
    0x0020f066   0x0020f066   0x00000012   Code   RO         1020    i.gdispGetStringWidth  gfx_mk.o
    0x0020f078   0x0020f078   0x0000001e   Code   RO         1021    i.gdispGetStringWidthCount  gfx_mk.o
    0x0020f096   0x0020f096   0x00000030   Code   RO         1023    i.gdispImageAdjustPalette_BMP  gfx_mk.o
    0x0020f0c6   0x0020f0c6   0x0000000e   Code   RO         1024    i.gdispImageAlloc   gfx_mk.o
    0x0020f0d4   0x0020f0d4   0x0000011a   Code   RO         1026    i.gdispImageCache_BMP  gfx_mk.o
    0x0020f1ee   0x0020f1ee   0x00000022   Code   RO         1027    i.gdispImageClose   gfx_mk.o
    0x0020f210   0x0020f210   0x0000003e   Code   RO         1028    i.gdispImageClose_BMP  gfx_mk.o
    0x0020f24e   0x0020f24e   0x00000010   Code   RO         1029    i.gdispImageFree    gfx_mk.o
    0x0020f25e   0x0020f25e   0x0000001a   Code   RO         1032    i.gdispImageGetPaletteSize_BMP  gfx_mk.o
    0x0020f278   0x0020f278   0x0000002e   Code   RO         1033    i.gdispImageGetPalette_BMP  gfx_mk.o
    0x0020f2a6   0x0020f2a6   0x00000012   Code   RO         1035    i.gdispImageIsOpen  gfx_mk.o
    0x0020f2b8   0x0020f2b8   0x00000018   Code   RO         1036    i.gdispImageNext    gfx_mk.o
    0x0020f2d0   0x0020f2d0   0x00000008   Code   RO         1037    i.gdispImageNext_BMP  gfx_mk.o
    0x0020f2d8   0x0020f2d8   0x00000468   Code   RO         1039    i.gdispImageOpen_BMP  gfx_mk.o
    0x0020f740   0x0020f740   0x00000004   Code   RO         1040    i.gdispImageSetBgColor  gfx_mk.o
    0x0020f744   0x0020f744   0x00000058   Code   RO         1041    i.gdispOpenFont     gfx_mk.o
    0x0020f79c   0x0020f79c   0x000000e8   Code   RO          569    i.gdisp_lld_control  gdisp_lld_stm32ltdc.o
    0x0020f884   0x0020f884   0x000000ac   Code   RO          570    i.gdisp_lld_draw_pixel  gdisp_lld_stm32ltdc.o
    0x0020f930   0x0020f930   0x00000120   Code   RO          571    i.gdisp_lld_fill_area  gdisp_lld_stm32ltdc.o
    0x0020fa50   0x0020fa50   0x000000ac   Code   RO          572    i.gdisp_lld_get_pixel_color  gdisp_lld_stm32ltdc.o
    0x0020fafc   0x0020fafc   0x000000b0   Code   RO          573    i.gdisp_lld_init    gdisp_lld_stm32ltdc.o
    0x0020fbac   0x0020fbac   0x00000030   Code   RO         1045    i.gdriverGetInstance  gfx_mk.o
    0x0020fbdc   0x0020fbdc   0x00000024   Code   RO         1046    i.gdriverGetNext    gfx_mk.o
    0x0020fc00   0x0020fc00   0x00000094   Code   RO         1048    i.gdriverRegister   gfx_mk.o
    0x0020fc94   0x0020fc94   0x00000024   Code   RO         1050    i.getButtonColors   gfx_mk.o
    0x0020fcb8   0x0020fcb8   0x00000024   Code   RO         1051    i.getCheckboxColors  gfx_mk.o
    0x0020fcdc   0x0020fcdc   0x00000024   Code   RO         1052    i.getDrawColors     gfx_mk.o
    0x0020fd00   0x0020fd00   0x00000850   Code   RO         1053    i.getPixels         gfx_mk.o
    0x00210550   0x00210550   0x00000012   Code   RO         1055    i.getheight         gfx_mk.o
    0x00210562   0x00210562   0x00000016   Code   RO         1056    i.getwidth          gfx_mk.o
    0x00210578   0x00210578   0x00000074   Code   RO         1057    i.geventAttachSource  gfx_mk.o
    0x002105ec   0x002105ec   0x00000020   Code   RO         1059    i.geventDetachSourceListeners  gfx_mk.o
    0x0021060c   0x0021060c   0x0000002a   Code   RO         1061    i.geventEventWait   gfx_mk.o
    0x00210636   0x00210636   0x00000002   PAD
    0x00210638   0x00210638   0x0000003c   Code   RO         1062    i.geventGetEventBuffer  gfx_mk.o
    0x00210674   0x00210674   0x00000068   Code   RO         1063    i.geventGetSourceListener  gfx_mk.o
    0x002106dc   0x002106dc   0x0000001a   Code   RO         1064    i.geventListenerInit  gfx_mk.o
    0x002106f6   0x002106f6   0x00000002   PAD
    0x002106f8   0x002106f8   0x00000030   Code   RO         1065    i.geventRegisterCallback  gfx_mk.o
    0x00210728   0x00210728   0x00000044   Code   RO         1066    i.geventSendEvent   gfx_mk.o
    0x0021076c   0x0021076c   0x00000026   Code   RO         1067    i.gfileClose        gfx_mk.o
    0x00210792   0x00210792   0x00000014   Code   RO         1072    i.gfileGetPos       gfx_mk.o
    0x002107a6   0x002107a6   0x00000042   Code   RO         1077    i.gfileRead         gfx_mk.o
    0x002107e8   0x002107e8   0x00000030   Code   RO         1079    i.gfileSetPos       gfx_mk.o
    0x00210818   0x00210818   0x00000018   Code   RO         1083    i.gfxAddHeapBlock   gfx_mk.o
    0x00210830   0x00210830   0x00000060   Code   RO         1084    i.gfxAlloc          gfx_mk.o
    0x00210890   0x00210890   0x0000000c   Code   RO         1086    i.gfxExit           gfx_mk.o
    0x0021089c   0x0021089c   0x00000084   Code   RO         1087    i.gfxFree           gfx_mk.o
    0x00210920   0x00210920   0x00000040   Code   RO         1089    i.gfxInit           gfx_mk.o
    0x00210960   0x00210960   0x00000002   Code   RO         4122    i.gfxMillisecondsToTicks  stm32f746g_raw32_ugfx.o
    0x00210962   0x00210962   0x00000016   Code   RO         1090    i.gfxMutexEnter     gfx_mk.o
    0x00210978   0x00210978   0x00000006   Code   RO         1091    i.gfxMutexExit      gfx_mk.o
    0x0021097e   0x0021097e   0x00000006   Code   RO         1092    i.gfxMutexInit      gfx_mk.o
    0x00210984   0x00210984   0x00000008   Code   RO         1095    i.gfxQueueASyncInit  gfx_mk.o
    0x0021098c   0x0021098c   0x00000018   Code   RO         1102    i.gfxQueueASyncPut  gfx_mk.o
    0x002109a4   0x002109a4   0x0000001c   Code   RO         1103    i.gfxQueueASyncPutI  gfx_mk.o
    0x002109c0   0x002109c0   0x00000018   Code   RO         1104    i.gfxQueueASyncRemove  gfx_mk.o
    0x002109d8   0x002109d8   0x00000042   Code   RO         1105    i.gfxQueueASyncRemoveI  gfx_mk.o
    0x00210a1a   0x00210a1a   0x00000002   PAD
    0x00210a1c   0x00210a1c   0x000000b8   Code   RO         1106    i.gfxRealloc        gfx_mk.o
    0x00210ad4   0x00210ad4   0x00000006   Code   RO         1107    i.gfxSemInit        gfx_mk.o
    0x00210ada   0x00210ada   0x0000000c   Code   RO         1108    i.gfxSemSignal      gfx_mk.o
    0x00210ae6   0x00210ae6   0x00000016   Code   RO         1109    i.gfxSemSignalI     gfx_mk.o
    0x00210afc   0x00210afc   0x0000006e   Code   RO         1110    i.gfxSemWait        gfx_mk.o
    0x00210b6a   0x00210b6a   0x00000038   Code   RO         1113    i.gfxSleepMilliseconds  gfx_mk.o
    0x00210ba2   0x00210ba2   0x00000002   Code   RO         1114    i.gfxSystemLock     gfx_mk.o
    0x00210ba4   0x00210ba4   0x00000008   Code   RO         4123    i.gfxSystemTicks    stm32f746g_raw32_ugfx.o
    0x00210bac   0x00210bac   0x00000002   Code   RO         1115    i.gfxSystemUnlock   gfx_mk.o
    0x00210bae   0x00210bae   0x00000002   PAD
    0x00210bb0   0x00210bb0   0x00000064   Code   RO         1116    i.gfxThreadCreate   gfx_mk.o
    0x00210c14   0x00210c14   0x0000004c   Code   RO         1117    i.gfxThreadExit     gfx_mk.o
    0x00210c60   0x00210c60   0x0000003c   Code   RO         1120    i.gfxYield          gfx_mk.o
    0x00210c9c   0x00210c9c   0x00000014   Code   RO         1122    i.ginputGetKeyboard  gfx_mk.o
    0x00210cb0   0x00210cb0   0x0000001c   Code   RO         1123    i.ginputGetMouse    gfx_mk.o
    0x00210ccc   0x00210ccc   0x00000006   Code   RO         1129    i.gtimerInit        gfx_mk.o
    0x00210cd2   0x00210cd2   0x00000016   Code   RO         1130    i.gtimerIsActive    gfx_mk.o
    0x00210ce8   0x00210ce8   0x00000028   Code   RO         1131    i.gtimerJab         gfx_mk.o
    0x00210d10   0x00210d10   0x000000f4   Code   RO         1133    i.gtimerStart       gfx_mk.o
    0x00210e04   0x00210e04   0x0000004c   Code   RO         4351    i.guiCreate         gui.o
    0x00210e50   0x00210e50   0x0000003c   Code   RO         4353    i.guiShowPage       gui.o
    0x00210e8c   0x00210e8c   0x00000188   Code   RO         1135    i.gwidgetEvent      gfx_mk.o
    0x00211014   0x00211014   0x00000014   Code   RO         1136    i.gwinAttachListener  gfx_mk.o
    0x00211028   0x00211028   0x00000006   Code   RO         1137    i.gwinAttachMouse   gfx_mk.o
    0x0021102e   0x0021102e   0x00000002   PAD
    0x00211030   0x00211030   0x00000160   Code   RO         1140    i.gwinButtonDraw_Normal  gfx_mk.o
    0x00211190   0x00211190   0x00000114   Code   RO         1141    i.gwinButtonDraw_Rounded  gfx_mk.o
    0x002112a4   0x002112a4   0x00000118   Code   RO         1145    i.gwinCheckboxDraw_CheckOnLeft  gfx_mk.o
    0x002113bc   0x002113bc   0x0000003e   Code   RO         1148    i.gwinClear         gfx_mk.o
    0x002113fa   0x002113fa   0x00000002   PAD
    0x002113fc   0x002113fc   0x00000040   Code   RO         1151    i.gwinContainerDraw_Std  gfx_mk.o
    0x0021143c   0x0021143c   0x0000004c   Code   RO         1152    i.gwinContainerDraw_Transparent  gfx_mk.o
    0x00211488   0x00211488   0x0000000e   Code   RO         1153    i.gwinDestroy       gfx_mk.o
    0x00211496   0x00211496   0x00000002   PAD
    0x00211498   0x00211498   0x0000002c   Code   RO         1170    i.gwinGButtonCreate  gfx_mk.o
    0x002114c4   0x002114c4   0x0000003c   Code   RO         1172    i.gwinGConsoleCreate  gfx_mk.o
    0x00211500   0x00211500   0x0000003c   Code   RO         1173    i.gwinGContainerCreate  gfx_mk.o
    0x0021153c   0x0021153c   0x00000060   Code   RO         1175    i.gwinGKeyboardCreate  gfx_mk.o
    0x0021159c   0x0021159c   0x00000090   Code   RO         1176    i.gwinGLabelCreate  gfx_mk.o
    0x0021162c   0x0021162c   0x00000064   Code   RO         1178    i.gwinGTexteditCreate  gfx_mk.o
    0x00211690   0x00211690   0x0000000c   Code   RO         1181    i.gwinGetDefaultBgColor  gfx_mk.o
    0x0021169c   0x0021169c   0x0000000c   Code   RO         1183    i.gwinGetDefaultFont  gfx_mk.o
    0x002116a8   0x002116a8   0x00000028   Code   RO         1186    i.gwinGetFirstChild  gfx_mk.o
    0x002116d0   0x002116d0   0x0000000c   Code   RO         1187    i.gwinGetFocus      gfx_mk.o
    0x002116dc   0x002116dc   0x00000014   Code   RO         1191    i.gwinGetNextWindow  gfx_mk.o
    0x002116f0   0x002116f0   0x0000002a   Code   RO         1192    i.gwinGetSibling    gfx_mk.o
    0x0021171a   0x0021171a   0x00000002   PAD
    0x0021171c   0x0021171c   0x000010e2   Code   RO         1199    i.gwinKeyboardDraw_Normal  gfx_mk.o
    0x002127fe   0x002127fe   0x00000002   PAD
    0x00212800   0x00212800   0x00000018   Code   RO         1200    i.gwinKeyboardGetEventSource  gfx_mk.o
    0x00212818   0x00212818   0x0000012c   Code   RO         1202    i.gwinLabelDraw     gfx_mk.o
    0x00212944   0x00212944   0x00000010   Code   RO         1204    i.gwinLabelDrawJustifiedLeft  gfx_mk.o
    0x00212954   0x00212954   0x00000028   Code   RO         1206    i.gwinLabelSetBorder  gfx_mk.o
    0x0021297c   0x0021297c   0x00000284   Code   RO         1208    i.gwinPrintf        gfx_mk.o
    0x00212c00   0x00212c00   0x00000188   Code   RO         1209    i.gwinPutChar       gfx_mk.o
    0x00212d88   0x00212d88   0x000000f8   Code   RO         1213    i.gwinRadioDraw_Radio  gfx_mk.o
    0x00212e80   0x00212e80   0x0000003c   Code   RO         1215    i.gwinRadioGetActive  gfx_mk.o
    0x00212ebc   0x00212ebc   0x0000004c   Code   RO         1217    i.gwinRadioPress    gfx_mk.o
    0x00212f08   0x00212f08   0x00000030   Code   RO         1219    i.gwinRedraw        gfx_mk.o
    0x00212f38   0x00212f38   0x00000020   Code   RO         1221    i.gwinResize        gfx_mk.o
    0x00212f58   0x00212f58   0x0000000c   Code   RO         1223    i.gwinSetDefaultBgColor  gfx_mk.o
    0x00212f64   0x00212f64   0x0000000c   Code   RO         1224    i.gwinSetDefaultColor  gfx_mk.o
    0x00212f70   0x00212f70   0x0000000c   Code   RO         1225    i.gwinSetDefaultFont  gfx_mk.o
    0x00212f7c   0x00212f7c   0x0000005c   Code   RO         1226    i.gwinSetDefaultStyle  gfx_mk.o
    0x00212fd8   0x00212fd8   0x00000048   Code   RO         1228    i.gwinSetFocus      gfx_mk.o
    0x00213020   0x00213020   0x00000004   Code   RO         1229    i.gwinSetFont       gfx_mk.o
    0x00213024   0x00213024   0x00000038   Code   RO         1231    i.gwinSetStyle      gfx_mk.o
    0x0021305c   0x0021305c   0x00000034   Code   RO         1233    i.gwinSetVisible    gfx_mk.o
    0x00213090   0x00213090   0x0000014c   Code   RO         1235    i.gwinTexteditDefaultDraw  gfx_mk.o
    0x002131dc   0x002131dc   0x00000014   Code   RO         1236    i.gwinWidgetClearInit  gfx_mk.o
    0x002131f0   0x002131f0   0x00000096   Code   RO         1237    i.hline_clip        gfx_mk.o
    0x00213286   0x00213286   0x00000002   PAD
    0x00213288   0x00213288   0x000000f4   Code   RO         4280    i.i2cInit           stm32f7_i2c.o
    0x0021337c   0x0021337c   0x00000064   Code   RO         4281    i.i2cRead           stm32f7_i2c.o
    0x002133e0   0x002133e0   0x0000002c   Code   RO         4282    i.i2cReadByte       stm32f7_i2c.o
    0x0021340c   0x0021340c   0x0000003c   Code   RO         4283    i.i2cReadWord       stm32f7_i2c.o
    0x00213448   0x00213448   0x00000068   Code   RO         4284    i.i2cSend           stm32f7_i2c.o
    0x002134b0   0x002134b0   0x00000020   Code   RO         4286    i.i2cWriteReg       stm32f7_i2c.o
    0x002134d0   0x002134d0   0x000000a0   Code   RO         4167    i.init_board        gmouse_lld_ft5336.o
    0x00213570   0x00213570   0x00000122   Code   RO         1239    i.line_clip         gfx_mk.o
    0x00213692   0x00213692   0x00000002   PAD
    0x00213694   0x00213694   0x000000c8   Code   RO          250    i.main              main.o
    0x0021375c   0x0021375c   0x0000004e   Code   RO         1240    i.matchfont         gfx_mk.o
    0x002137aa   0x002137aa   0x00000020   Code   RO         1243    i.mf_character_width  gfx_mk.o
    0x002137ca   0x002137ca   0x00000002   PAD
    0x002137cc   0x002137cc   0x00000008   Code   RO         1245    i.mf_get_font_list  gfx_mk.o
    0x002137d4   0x002137d4   0x00000068   Code   RO         1246    i.mf_get_string_width  gfx_mk.o
    0x0021383c   0x0021383c   0x00000016   Code   RO         1247    i.mf_getchar        gfx_mk.o
    0x00213852   0x00213852   0x0000007e   Code   RO         1248    i.mf_render_aligned  gfx_mk.o
    0x002138d0   0x002138d0   0x00000040   Code   RO         1249    i.mf_render_character  gfx_mk.o
    0x00213910   0x00213910   0x00000008   Code   RO         1251    i.mf_rewind         gfx_mk.o
    0x00213918   0x00213918   0x0000001a   Code   RO         1252    i.mf_rlefont_character_width  gfx_mk.o
    0x00213932   0x00213932   0x00000070   Code   RO         1253    i.mf_rlefont_render_character  gfx_mk.o
    0x002139a2   0x002139a2   0x0000003e   Code   RO         1254    i.mf_round_to_prev_tab  gfx_mk.o
    0x002139e0   0x002139e0   0x0000003e   Code   RO         1255    i.mf_round_to_tab   gfx_mk.o
    0x00213a1e   0x00213a1e   0x00000020   Code   RO         1257    i.mf_scaled_character_width  gfx_mk.o
    0x00213a3e   0x00213a3e   0x00000002   PAD
    0x00213a40   0x00213a40   0x00000060   Code   RO         1258    i.mf_scaled_render_character  gfx_mk.o
    0x00213aa0   0x00213aa0   0x00000018   Code   RO         4168    i.read_byte         gmouse_lld_ft5336.o
    0x00213ab8   0x00213ab8   0x00000018   Code   RO         4169    i.read_word         gmouse_lld_ft5336.o
    0x00213ad0   0x00213ad0   0x00000064   Code   RO         1261    i.render_left       gfx_mk.o
    0x00213b34   0x00213b34   0x0000008a   Code   RO         1262    i.render_right      gfx_mk.o
    0x00213bbe   0x00213bbe   0x00000060   Code   RO         1263    i.resizeText        gfx_mk.o
    0x00213c1e   0x00213c1e   0x00000002   PAD
    0x00213c20   0x00213c20   0x00000370   Code   RO         4354    i.rundisplay        gui.o
    0x00213f90   0x00213f90   0x0000005a   Code   RO         1264    i.scaled_pixel_callback  gfx_mk.o
    0x00213fea   0x00213fea   0x00000002   PAD
    0x00213fec   0x00213fec   0x00000024   Code   RO          574    i.set_backlight     gdisp_lld_stm32ltdc.o
    0x00214010   0x00214010   0x0000002e   Code   RO         1265    i.skip_pixels       gfx_mk.o
    0x0021403e   0x0021403e   0x0000005c   Code   RO         1267    i.strip_spaces      gfx_mk.o
    0x0021409a   0x0021409a   0x00000096   Code   RO         1269    i.vline_clip        gfx_mk.o
    0x00214130   0x00214130   0x0000005c   Code   RO         1270    i.write_bin_codeword  gfx_mk.o
    0x0021418c   0x0021418c   0x00000038   Code   RO         1271    i.write_glyph_codeword  gfx_mk.o
    0x002141c4   0x002141c4   0x00000068   Code   RO         1272    i.write_pixels      gfx_mk.o
    0x0021422c   0x0021422c   0x00000050   Code   RO         1273    i.write_ref_codeword  gfx_mk.o
    0x0021427c   0x0021427c   0x00000040   Code   RO         1274    i.write_ref_dictentry  gfx_mk.o
    0x002142bc   0x002142bc   0x0000001c   Code   RO         4170    i.write_reg         gmouse_lld_ft5336.o
    0x002142d8   0x002142d8   0x000000a4   Code   RO         1275    i.write_rle_dictentry  gfx_mk.o
    0x0021437c   0x0021437c   0x000000d0   Data   RO          575    .constdata          gdisp_lld_stm32ltdc.o
    0x0021444c   0x0021444c   0x00003de0   Data   RO         1277    .constdata          gfx_mk.o
    0x0021822c   0x0021822c   0x0000003c   Data   RO         4171    .constdata          gmouse_lld_ft5336.o
    0x00218268   0x00218268   0x0003fcc2   Data   RO         4356    .constdata          gui.o
    0x00257f2a   0x00257f2a   0x00000018   Data   RO         9731    .constdata          system_stm32f7xx.o
    0x00257f42   0x00257f42   0x00000002   PAD
    0x00257f44   0x00257f44   0x00000014   Data   RO        10191    .constdata          sdram_diskio.o
    0x00257f58   0x00257f58   0x00000030   Data   RO        10367    .constdata          m_wm.l(cos_i.o)
    0x00257f88   0x00257f88   0x000000c8   Data   RO        10385    .constdata          m_wm.l(rred.o)
    0x00258050   0x00258050   0x00000028   Data   RO        10389    .constdata          m_wm.l(sin_i.o)
    0x00258078   0x00258078   0x00000171   Data   RO         1278    .conststring        gfx_mk.o
    0x002581e9   0x002581e9   0x00000003   PAD
    0x002581ec   0x002581ec   0x00000020   Data   RO        10448    Region$$Table       anon$$obj.o


    Execution Region RW_IRAM1 (Exec base: 0x20000000, Load base: 0x0025820c, Size: 0x00002840, Max: 0x00050000, ABSOLUTE, COMPRESSED[0x0000006c])

    Exec Addr    Load Addr    Size         Type   Attr      Idx    E Section Name        Object

    0x20000000   COMPRESSED   0x00000005   Data   RW          171    .data               fatfs.o
    0x20000005   COMPRESSED   0x00000003   PAD
    0x20000008   COMPRESSED   0x00000008   Data   RW          406    .data               stm32f7xx_hal_msp.o
    0x20000010   COMPRESSED   0x0000010c   Data   RW         1279    .data               gfx_mk.o
    0x2000011c   COMPRESSED   0x00000040   Data   RW         4357    .data               gui.o
    0x2000015c   COMPRESSED   0x00000004   Data   RW         6108    .data               stm32f7xx_hal.o
    0x20000160   COMPRESSED   0x00000004   Data   RW         9732    .data               system_stm32f7xx.o
    0x20000164   COMPRESSED   0x00000001   Data   RW        10192    .data               sdram_diskio.o
    0x20000165   COMPRESSED   0x00000003   PAD
    0x20000168   COMPRESSED   0x00000004   Data   RW        10423    .data               mc_w.l(errno.o)
    0x2000016c        -       0x000005bc   Zero   RW          251    .bss                main.o
    0x20000728        -       0x00001c58   Zero   RW         1276    .bss                gfx_mk.o
    0x20002380        -       0x00000060   Zero   RW         3867    .bss                stm32f746g_discovery_sdram.o
    0x200023e0        -       0x00000050   Zero   RW         4355    .bss                gui.o
    0x20002430        -       0x0000000c   Zero   RW         9771    .bss                ff_gen_drv.o
    0x2000243c   COMPRESSED   0x00000004   PAD
    0x20002440        -       0x00000400   Zero   RW         4417    STACK               startup_stm32f746xx.o


==============================================================================

Image component sizes


      Code (inc. data)   RO Data    RW Data    ZI Data      Debug   Object Name

        28         12          0          5          0       3142   fatfs.o
       102          6          0          0         12       1751   ff_gen_drv.o
      2204        160        208          0          0      34553   gdisp_lld_stm32ltdc.o
     43196        916      16209        268       7256     270547   gfx_mk.o
       352         32         60          0          0      16088   gmouse_lld_ft5336.o
      1772        450     261314         64         80       5077   gui.o
      4360        558          0          0       1468      47102   main.o
       218         14         20          1          0       4686   sdram_diskio.o
        36          8        456          0       1024        828   startup_stm32f746xx.o
      5434        100          0          0         96      46352   stm32f746g_discovery_sdram.o
        10          0          0          0          0       1238   stm32f746g_raw32_ugfx.o
       644         50          0          0          0       6484   stm32f7_i2c.o
       134         20          0          4          0       3951   stm32f7xx_hal.o
       916         40          0          0          0       2771   stm32f7xx_hal_adc.o
       322         22          0          0          0      37188   stm32f7xx_hal_cortex.o
       548         52          0          0          0       2496   stm32f7xx_hal_gpio.o
       196          4          0          0          0       2727   stm32f7xx_hal_i2c.o
       212          0          0          0          0       2019   stm32f7xx_hal_i2c_ex.o
       920          6          0          0          0       2947   stm32f7xx_hal_ltdc.o
      2044        260          0          8          0      11149   stm32f7xx_hal_msp.o
       144          8          0          0          0       1320   stm32f7xx_hal_pwr_ex.o
       296          8          0          0          0       3290   stm32f7xx_hal_qspi.o
      1972         62          0          0          0       5680   stm32f7xx_hal_rcc.o
      2328         26          0          0          0       2304   stm32f7xx_hal_rcc_ex.o
      1420         14          0          0          0       7097   stm32f7xx_hal_rtc.o
       158          0          0          0          0       2728   stm32f7xx_hal_rtc_ex.o
      1856          0          0          0          0       8436   stm32f7xx_hal_sd.o
        64          0          0          0          0       1225   stm32f7xx_hal_sdram.o
       120          4          0          0          0       1223   stm32f7xx_hal_spdifrx.o
       204          0          0          0          0       1271   stm32f7xx_hal_spi.o
      1250        100          0          0          0       9760   stm32f7xx_hal_tim.o
       852         44          0          0          0       4752   stm32f7xx_hal_tim_ex.o
      1448         50          0          0          0       4685   stm32f7xx_hal_uart.o
        12          0          0          0          0     923942   stm32f7xx_it.o
       272          4          0          0          0       2049   stm32f7xx_ll_fmc.o
      1728         36          0          0          0      19388   stm32f7xx_ll_sdmmc.o
       100         18         24          4          0       1227   system_stm32f7xx.o

    ----------------------------------------------------------------------
     77950       3084     278328        360       9940    1503473   Object Totals
         0          0         32          0          0          0   (incl. Generated)
        78          0          5          6          4          0   (incl. Padding)

    ----------------------------------------------------------------------

      Code (inc. data)   RO Data    RW Data    ZI Data      Debug   Library Member Name

       200         20          0          0          0        164   cos.o
       368         46         48          0          0        200   cos_i.o
        84         16          0          0          0        372   dunder.o
        24          0          0          0          0        124   fabs.o
       280         28          0          0          0        156   floor.o
        48          0          0          0          0        124   fpclassify.o
       248          0          0          0          0        152   poly.o
      1080        142        200          0          0        188   rred.o
       200         20          0          0          0        164   sin.o
       304         24         40          0          0        208   sin_i.o
        86          0          0          0          0          0   __dczerorl2.o
         0          0          0          0          0          0   entry.o
         0          0          0          0          0          0   entry10a.o
         0          0          0          0          0          0   entry11a.o
         8          4          0          0          0          0   entry2.o
         4          0          0          0          0          0   entry5.o
         0          0          0          0          0          0   entry7b.o
         0          0          0          0          0          0   entry8b.o
         8          4          0          0          0          0   entry9a.o
        12          6          0          4          0         68   errno.o
        30          0          0          0          0          0   handlers.o
        36          8          0          0          0         68   init.o
         0          0          0          0          0          0   iusefp.o
        30          0          0          0          0         68   llshl.o
        36          0          0          0          0         68   llsshr.o
        32          0          0          0          0         68   llushr.o
        36          0          0          0          0         68   memcpya.o
        36          0          0          0          0        108   memseta.o
        28          0          0          0          0         76   strcmp.o
        14          0          0          0          0         68   strlen.o
        24          0          0          0          0         76   strncpy.o
        48          0          0          0          0         68   cdrcmple.o
       334          0          0          0          0        148   dadd.o
       222          0          0          0          0        100   ddiv.o
       186          0          0          0          0        176   depilogue.o
        62          0          0          0          0         80   dfixi.o
        34          0          0          0          0         76   dflti.o
        26          0          0          0          0         76   dfltui.o
       228          0          0          0          0         96   dmul.o

    ----------------------------------------------------------------------
      4406        318        288          4          0       3408   Library Totals
        10          0          0          0          0          0   (incl. Padding)

    ----------------------------------------------------------------------

      Code (inc. data)   RO Data    RW Data    ZI Data      Debug   Library Name

      2836        296        288          0          0       1852   m_wm.l
       420         22          0          4          0        736   mc_w.l
      1140          0          0          0          0        820   mf_w.l

    ----------------------------------------------------------------------
      4406        318        288          4          0       3408   Library Totals

    ----------------------------------------------------------------------

==============================================================================


      Code (inc. data)   RO Data    RW Data    ZI Data      Debug   

     82356       3402     278616        364       9940    1458537   Grand Totals
     82356       3402     278616        108       9940    1458537   ELF Image Totals (compressed)
     82356       3402     278616        108          0          0   ROM Totals

==============================================================================

    Total RO  Size (Code + RO Data)               360972 ( 352.51kB)
    Total RW  Size (RW Data + ZI Data)             10304 (  10.06kB)
    Total ROM Size (Code + RO Data + RW Data)     361080 ( 352.62kB)

==============================================================================

